Archive member included to satisfy reference by file (symbol)

C:/Renesas/RA/e2studio_v2025-04_fsp_v5.9.0/toolchains/gcc_arm/13.2.rel1/bin/../lib/gcc/arm-none-eabi/13.2.1/thumb/v8-m.main+fp/hard\libgcc.a(_arm_cmpdf2.o)
                              ./src/rt_nonfinite.o (__aeabi_dcmpeq)
C:/Renesas/RA/e2studio_v2025-04_fsp_v5.9.0/toolchains/gcc_arm/13.2.rel1/bin/../lib/gcc/arm-none-eabi/13.2.1/thumb/v8-m.main+fp/hard\libgcc.a(_arm_truncdfsf2.o)
                              ./src/ConfigParams.o (__aeabi_d2f)
C:/Renesas/RA/e2studio_v2025-04_fsp_v5.9.0/toolchains/gcc_arm/13.2.rel1/bin/../lib/gcc/arm-none-eabi/13.2.1/thumb/v8-m.main+fp/hard\libgcc.a(_aeabi_ldivmod.o)
                              ./ra/fsp/src/r_sci_b_uart/r_sci_b_uart.o (__aeabi_ldivmod)
C:/Renesas/RA/e2studio_v2025-04_fsp_v5.9.0/toolchains/gcc_arm/13.2.rel1/bin/../lib/gcc/arm-none-eabi/13.2.1/thumb/v8-m.main+fp/hard\libgcc.a(_udivmoddi4.o)
                              C:/Renesas/RA/e2studio_v2025-04_fsp_v5.9.0/toolchains/gcc_arm/13.2.rel1/bin/../lib/gcc/arm-none-eabi/13.2.1/thumb/v8-m.main+fp/hard\libgcc.a(_aeabi_ldivmod.o) (__udivmoddi4)
C:/Renesas/RA/e2studio_v2025-04_fsp_v5.9.0/toolchains/gcc_arm/13.2.rel1/bin/../lib/gcc/arm-none-eabi/13.2.1/thumb/v8-m.main+fp/hard\libgcc.a(_dvmd_tls.o)
                              C:/Renesas/RA/e2studio_v2025-04_fsp_v5.9.0/toolchains/gcc_arm/13.2.rel1/bin/../lib/gcc/arm-none-eabi/13.2.1/thumb/v8-m.main+fp/hard\libgcc.a(_aeabi_ldivmod.o) (__aeabi_ldiv0)
C:/Renesas/RA/e2studio_v2025-04_fsp_v5.9.0/toolchains/gcc_arm/13.2.rel1/bin/../lib/gcc/arm-none-eabi/13.2.1/thumb/v8-m.main+fp/hard\libg_nano.a(libc_a-atof.o)
                              ./src/hal_entry.o (atof)
C:/Renesas/RA/e2studio_v2025-04_fsp_v5.9.0/toolchains/gcc_arm/13.2.rel1/bin/../lib/gcc/arm-none-eabi/13.2.1/thumb/v8-m.main+fp/hard\libg_nano.a(libc_a-atoi.o)
                              ./src/hal_entry.o (atoi)
C:/Renesas/RA/e2studio_v2025-04_fsp_v5.9.0/toolchains/gcc_arm/13.2.rel1/bin/../lib/gcc/arm-none-eabi/13.2.1/thumb/v8-m.main+fp/hard\libg_nano.a(libc_a-exit.o)
                              C:/Renesas/RA/e2studio_v2025-04_fsp_v5.9.0/toolchains/gcc_arm/13.2.rel1/bin/../lib/gcc/arm-none-eabi/13.2.1/thumb/v8-m.main+fp/hard/crt0.o (exit)
C:/Renesas/RA/e2studio_v2025-04_fsp_v5.9.0/toolchains/gcc_arm/13.2.rel1/bin/../lib/gcc/arm-none-eabi/13.2.1/thumb/v8-m.main+fp/hard\libg_nano.a(libc_a-strtod.o)
                              C:/Renesas/RA/e2studio_v2025-04_fsp_v5.9.0/toolchains/gcc_arm/13.2.rel1/bin/../lib/gcc/arm-none-eabi/13.2.1/thumb/v8-m.main+fp/hard\libg_nano.a(libc_a-atof.o) (strtod)
C:/Renesas/RA/e2studio_v2025-04_fsp_v5.9.0/toolchains/gcc_arm/13.2.rel1/bin/../lib/gcc/arm-none-eabi/13.2.1/thumb/v8-m.main+fp/hard\libg_nano.a(libc_a-strtol.o)
                              C:/Renesas/RA/e2studio_v2025-04_fsp_v5.9.0/toolchains/gcc_arm/13.2.rel1/bin/../lib/gcc/arm-none-eabi/13.2.1/thumb/v8-m.main+fp/hard\libg_nano.a(libc_a-atoi.o) (_strtol_r)
C:/Renesas/RA/e2studio_v2025-04_fsp_v5.9.0/toolchains/gcc_arm/13.2.rel1/bin/../lib/gcc/arm-none-eabi/13.2.1/thumb/v8-m.main+fp/hard\libg_nano.a(libc_a-strtoul.o)
                              ./src/hal_entry.o (strtoul)
C:/Renesas/RA/e2studio_v2025-04_fsp_v5.9.0/toolchains/gcc_arm/13.2.rel1/bin/../lib/gcc/arm-none-eabi/13.2.1/thumb/v8-m.main+fp/hard\libg_nano.a(libc_a-ctype_.o)
                              C:/Renesas/RA/e2studio_v2025-04_fsp_v5.9.0/toolchains/gcc_arm/13.2.rel1/bin/../lib/gcc/arm-none-eabi/13.2.1/thumb/v8-m.main+fp/hard\libg_nano.a(libc_a-strtol.o) (_ctype_)
C:/Renesas/RA/e2studio_v2025-04_fsp_v5.9.0/toolchains/gcc_arm/13.2.rel1/bin/../lib/gcc/arm-none-eabi/13.2.1/thumb/v8-m.main+fp/hard\libg_nano.a(libc_a-findfp.o)
                              C:/Renesas/RA/e2studio_v2025-04_fsp_v5.9.0/toolchains/gcc_arm/13.2.rel1/bin/../lib/gcc/arm-none-eabi/13.2.1/thumb/v8-m.main+fp/hard\libg_nano.a(libc_a-exit.o) (__stdio_exit_handler)
C:/Renesas/RA/e2studio_v2025-04_fsp_v5.9.0/toolchains/gcc_arm/13.2.rel1/bin/../lib/gcc/arm-none-eabi/13.2.1/thumb/v8-m.main+fp/hard\libg_nano.a(libc_a-fwalk.o)
                              C:/Renesas/RA/e2studio_v2025-04_fsp_v5.9.0/toolchains/gcc_arm/13.2.rel1/bin/../lib/gcc/arm-none-eabi/13.2.1/thumb/v8-m.main+fp/hard\libg_nano.a(libc_a-findfp.o) (_fwalk_sglue)
C:/Renesas/RA/e2studio_v2025-04_fsp_v5.9.0/toolchains/gcc_arm/13.2.rel1/bin/../lib/gcc/arm-none-eabi/13.2.1/thumb/v8-m.main+fp/hard\libg_nano.a(libc_a-snprintf.o)
                              ./src/hal_entry.o (snprintf)
C:/Renesas/RA/e2studio_v2025-04_fsp_v5.9.0/toolchains/gcc_arm/13.2.rel1/bin/../lib/gcc/arm-none-eabi/13.2.1/thumb/v8-m.main+fp/hard\libg_nano.a(libc_a-stdio.o)
                              C:/Renesas/RA/e2studio_v2025-04_fsp_v5.9.0/toolchains/gcc_arm/13.2.rel1/bin/../lib/gcc/arm-none-eabi/13.2.1/thumb/v8-m.main+fp/hard\libg_nano.a(libc_a-findfp.o) (__sread)
[...]
Memory Configuration

Name             Origin             Length             Attributes
ITCM             0x00000000         0x00000000         xr
DTCM             0x00000000         0x00000000         xrw
FLASH            0x00000000         0x00080000         xr
RAM              0x20000000         0x00010000         xrw
DATA_FLASH       0x08000000         0x00004000         xr
QSPI_FLASH       0x60000000         0x00000000         xr
OSPI_DEVICE_0    0x80020000         0x00000000         xr
OSPI_DEVICE_1    0x80030000         0x00000000         xr
OSPI_DEVICE_0_RAM 0x80020000         0x00000000         xrw
OSPI_DEVICE_1_RAM 0x80030000         0x00000000         xrw
SDRAM            0x80010000         0x00000000         xrw
OPTION_SETTING   0x0100a100         0x00000100         r
OPTION_SETTING_OFS 0x0100a100         0x00000018         r
OPTION_SETTING_SAS 0x0100a134         0x000000cc         r
OPTION_SETTING_S 0x0100a200         0x00000100         r
ID_CODE          0x00000000         0x00000000         xr
*default*        0x00000000         0xffffffff

Linker script and memory map

LOAD C:/Renesas/RA/e2studio_v2025-04_fsp_v5.9.0/toolchains/gcc_arm/13.2.rel1/bin/../lib/gcc/arm-none-eabi/13.2.1/thumb/v8-m.main+fp/hard/crti.o
LOAD C:/Renesas/RA/e2studio_v2025-04_fsp_v5.9.0/toolchains/gcc_arm/13.2.rel1/bin/../lib/gcc/arm-none-eabi/13.2.1/thumb/v8-m.main+fp/hard/crtbegin.o
LOAD C:/Renesas/RA/e2studio_v2025-04_fsp_v5.9.0/toolchains/gcc_arm/13.2.rel1/bin/../lib/gcc/arm-none-eabi/13.2.1/thumb/v8-m.main+fp/hard/crt0.o
START GROUP
LOAD ./src/ConfigParameters.o
LOAD ./src/ConfigParams.o
LOAD ./src/FOCCurrentControl.o
LOAD ./src/FOCCurrentControl_data.o
LOAD ./src/FOCSpeedControl.o
LOAD ./src/hal_entry.o
LOAD ./src/rtGetInf.o
LOAD ./src/rtGetNaN.o
LOAD ./src/rt_nonfinite.o
LOAD ./ra_gen/common_data.o
LOAD ./ra_gen/elc_data.o
LOAD ./ra_gen/hal_data.o
LOAD ./ra_gen/main.o
LOAD ./ra_gen/pin_data.o
LOAD ./ra_gen/vector_data.o
LOAD ./ra/fsp/src/rm_motor_sense_hall/rm_motor_sense_hall.o
LOAD ./ra/fsp/src/r_spi_b/r_spi_b.o
LOAD ./ra/fsp/src/r_sci_b_uart/r_sci_b_uart.o
LOAD ./ra/fsp/src/r_ioport/r_ioport.o
LOAD ./ra/fsp/src/r_gpt_three_phase/r_gpt_three_phase.o
LOAD ./ra/fsp/src/r_gpt/r_gpt.o
LOAD ./ra/fsp/src/r_elc/r_elc.o
LOAD ./ra/fsp/src/r_dtc/r_dtc.o
LOAD ./ra/fsp/src/r_adc_b/r_adc_b.o
LOAD ./ra/fsp/src/bsp/mcu/all/bsp_clocks.o
LOAD ./ra/fsp/src/bsp/mcu/all/bsp_common.o
LOAD ./ra/fsp/src/bsp/mcu/all/bsp_delay.o
LOAD ./ra/fsp/src/bsp/mcu/all/bsp_group_irq.o
LOAD ./ra/fsp/src/bsp/mcu/all/bsp_guard.o
LOAD ./ra/fsp/src/bsp/mcu/all/bsp_io.o
LOAD ./ra/fsp/src/bsp/mcu/all/bsp_irq.o
LOAD ./ra/fsp/src/bsp/mcu/all/bsp_macl.o
LOAD ./ra/fsp/src/bsp/mcu/all/bsp_register_protection.o
LOAD ./ra/fsp/src/bsp/mcu/all/bsp_rom_registers.o
LOAD ./ra/fsp/src/bsp/mcu/all/bsp_sbrk.o
LOAD ./ra/fsp/src/bsp/mcu/all/bsp_sdram.o
LOAD ./ra/fsp/src/bsp/mcu/all/bsp_security.o
LOAD ./ra/fsp/src/bsp/cmsis/Device/RENESAS/Source/startup.o
LOAD ./ra/fsp/src/bsp/cmsis/Device/RENESAS/Source/system.o
END GROUP
START GROUP
LOAD C:/Renesas/RA/e2studio_v2025-04_fsp_v5.9.0/toolchains/gcc_arm/13.2.rel1/bin/../lib/gcc/arm-none-eabi/13.2.1/thumb/v8-m.main+fp/hard\libgcc.a
LOAD C:/Renesas/RA/e2studio_v2025-04_fsp_v5.9.0/toolchains/gcc_arm/13.2.rel1/bin/../lib/gcc/arm-none-eabi/13.2.1/thumb/v8-m.main+fp/hard\libg_nano.a
LOAD C:/Renesas/RA/e2studio_v2025-04_fsp_v5.9.0/toolchains/gcc_arm/13.2.rel1/bin/../lib/gcc/arm-none-eabi/13.2.1/thumb/v8-m.main+fp/hard\libc_nano.a
END GROUP
START GROUP
LOAD C:/Renesas/RA/e2studio_v2025-04_fsp_v5.9.0/toolchains/gcc_arm/13.2.rel1/bin/../lib/gcc/arm-none-eabi/13.2.1/thumb/v8-m.main+fp/hard\libgcc.a
LOAD C:/Renesas/RA/e2studio_v2025-04_fsp_v5.9.0/toolchains/gcc_arm/13.2.rel1/bin/../lib/gcc/arm-none-eabi/13.2.1/thumb/v8-m.main+fp/hard\libc_nano.a
END GROUP
LOAD C:/Renesas/RA/e2studio_v2025-04_fsp_v5.9.0/toolchains/gcc_arm/13.2.rel1/bin/../lib/gcc/arm-none-eabi/13.2.1/thumb/v8-m.main+fp/hard/crtend.o
LOAD C:/Renesas/RA/e2studio_v2025-04_fsp_v5.9.0/toolchains/gcc_arm/13.2.rel1/bin/../lib/gcc/arm-none-eabi/13.2.1/thumb/v8-m.main+fp/hard/crtn.o
                0x20000000                        RAM_START = 0x20000000
                0x00010000                        RAM_LENGTH = 0x10000
                0x00000000                        FLASH_START = 0x0
                0x00080000                        FLASH_LENGTH = 0x80000
                0x08000000                        DATA_FLASH_START = 0x8000000
                0x00004000                        DATA_FLASH_LENGTH = 0x4000
                0x0100a100                        OPTION_SETTING_START = 0x100a100
                0x00000100                        OPTION_SETTING_LENGTH = 0x100
                0x0100a200                        OPTION_SETTING_S_START = 0x100a200
                0x00000100                        OPTION_SETTING_S_LENGTH = 0x100
                0x00000000                        ID_CODE_START = 0x0
                0x00000000                        ID_CODE_LENGTH = 0x0
                0x80010000                        SDRAM_START = 0x80010000
                0x00000000                        SDRAM_LENGTH = 0x0
                0x60000000                        QSPI_FLASH_START = 0x60000000
                0x00000000                        QSPI_FLASH_LENGTH = 0x0
                0x80020000                        OSPI_DEVICE_0_START = 0x80020000
                0x00000000                        OSPI_DEVICE_0_LENGTH = 0x0
                0x80030000                        OSPI_DEVICE_1_START = 0x80030000
                0x00000000                        OSPI_DEVICE_1_LENGTH = 0x0
                0x00000000                        QSPI_FLASH_PRV_LENGTH = DEFINED (QSPI_FLASH_SIZE)?ABSOLUTE (QSPI_FLASH_SIZE):ABSOLUTE (QSPI_FLASH_LENGTH)
                0x00000000                        OSPI_DEVICE_0_PRV_LENGTH = DEFINED (OSPI_DEVICE_0_SIZE)?ABSOLUTE (OSPI_DEVICE_0_SIZE):ABSOLUTE (OSPI_DEVICE_0_LENGTH)
                0x00000000                        OSPI_DEVICE_1_PRV_LENGTH = DEFINED (OSPI_DEVICE_1_SIZE)?ABSOLUTE (OSPI_DEVICE_1_SIZE):ABSOLUTE (OSPI_DEVICE_1_LENGTH)
                0x00000000                        __RESERVE_NS_RAM = ((! (DEFINED (PROJECT_NONSECURE)) && DEFINED (RAM_NS_BUFFER_LENGTH)) && (OPTION_SETTING_S_LENGTH != 0x0))
                0x00000000                        ITCM_START = DEFINED (ITCM_START)?ITCM_START:0x0
                0x00000000                        ITCM_LENGTH = DEFINED (ITCM_LENGTH)?ITCM_LENGTH:0x0
                0x00000000                        DTCM_START = DEFINED (DTCM_START)?DTCM_START:0x0
                0x00000000                        DTCM_LENGTH = DEFINED (DTCM_LENGTH)?DTCM_LENGTH:0x0
                0x00000000                        RAM_NS_BUFFER_BLOCK_LENGTH = DEFINED (RAM_NS_BUFFER_LENGTH)?ALIGN (RAM_NS_BUFFER_LENGTH, 0x2000):0x0
                0x00000000                        RAM_NS_BUFFER_LENGTH = DEFINED (RAM_NS_BUFFER_LENGTH)?RAM_NS_BUFFER_LENGTH:0x0
                0x20010000                        RAM_NS_BUFFER_START = ((RAM_START + RAM_LENGTH) - RAM_NS_BUFFER_LENGTH)
                0x20010000                        RAM_NS_BUFFER_BLOCK_START = ((RAM_START + RAM_LENGTH) - RAM_NS_BUFFER_BLOCK_LENGTH)
                0x0100a180                        OPTION_SETTING_START_NS = DEFINED (PROJECT_NONSECURE)?OPTION_SETTING_START:(OPTION_SETTING_START + 0x80)
                0x00000001                        __bl_FSP_BOOTABLE_IMAGE = 0x1
                0x00000001                        __bln_FSP_BOOTABLE_IMAGE = 0x1
                0x00000001                        PROJECT_SECURE_OR_FLAT = (((! (DEFINED (PROJECT_NONSECURE)) || DEFINED (PROJECT_SECURE)) && OPTION_SETTING_LENGTH) && ! (DEFINED (FSP_BOOTABLE_IMAGE)))
                0x00000000                        USE_OPTION_SETTING_NS = (DEFINED (PROJECT_NONSECURE) && ! (DEFINED (FSP_BOOTABLE_IMAGE)))
                0x00000000                        __bl_FLASH_IMAGE_START = ! (DEFINED (FLASH_BOOTLOADER_LENGTH))?0x0:(FLASH_APPLICATION_IMAGE_NUMBER == 0x1)?((FLASH_START + FLASH_BOOTLOADER_LENGTH) + FLASH_BOOTLOADER_HEADER_LENGTH):(DEFINED (BOOTLOADER_SECONDARY_USE_QSPI) || DEFINED (BOOTLOADER_SECONDARY_USE_OSPI_B))?(((FLASH_START + FLASH_BOOTLOADER_LENGTH) + FLASH_BOOTLOADER_SCRATCH_LENGTH) + FLASH_BOOTLOADER_HEADER_LENGTH):((((FLASH_START + FLASH_BOOTLOADER_LENGTH) + FLASH_BOOTLOADER_SCRATCH_LENGTH) + FLASH_APPLICATION_S_LENGTH) + FLASH_BOOTLOADER_HEADER_LENGTH)
                0x00000000                        __bl_FLASH_IMAGE_LENGTH = ! (DEFINED (FLASH_BOOTLOADER_LENGTH))?0x0:(FLASH_APPLICATION_S_LENGTH - FLASH_BOOTLOADER_HEADER_LENGTH)
                0x00000000                        __bl_FLASH_IMAGE_END = (__bl_FLASH_IMAGE_START + __bl_FLASH_IMAGE_LENGTH)
                0x00000000                        __bl_XIP_SECONDARY_FLASH_IMAGE_START = ! (DEFINED (FLASH_BOOTLOADER_LENGTH))?0x0:(((FLASH_START + FLASH_BOOTLOADER_LENGTH) + FLASH_APPLICATION_S_LENGTH) + FLASH_BOOTLOADER_HEADER_LENGTH)
                0x00000000                        __bl_XIP_SECONDARY_FLASH_IMAGE_END = (__bl_XIP_SECONDARY_FLASH_IMAGE_START + __bl_FLASH_IMAGE_LENGTH)
                0x00000000                        __bl_FLASH_IMAGE_START_FROM_MMF_REGION = DEFINED (BOOT_IMAGE_FROM_MMF_REGION)?BOOT_IMAGE_FROM_MMF_REGION:0x0
                0x00000000                        __bl_MEMORY_MIRROR_REGION_START = DEFINED (MMF_REGION_START_ADDR)?MMF_REGION_START_ADDR:0x0
                0x00000000                        __bl_FLASH_NS_START = ! (DEFINED (FLASH_BOOTLOADER_LENGTH))?0x0:(FLASH_APPLICATION_NS_LENGTH == 0x0)?__bl_FLASH_IMAGE_END:((__bl_FLASH_IMAGE_START - FLASH_BOOTLOADER_HEADER_LENGTH) + FLASH_APPLICATION_S_LENGTH)
                0x00000000                        __bl_FLASH_NSC_START = ! (DEFINED (FLASH_BOOTLOADER_LENGTH))?0x0:(FLASH_APPLICATION_NS_LENGTH == 0x0)?__bl_FLASH_IMAGE_END:(__bl_FLASH_IMAGE_END - FLASH_APPLICATION_NSC_LENGTH)
                0x00000000                        __bl_RAM_NS_START = ! (DEFINED (FLASH_BOOTLOADER_LENGTH))?0x0:(FLASH_APPLICATION_NS_LENGTH == 0x0)?(RAM_START + RAM_LENGTH):((RAM_START + RAM_LENGTH) - RAM_APPLICATION_NS_LENGTH)
                0x00000000                        __bl_RAM_NSC_START = ! (DEFINED (FLASH_BOOTLOADER_LENGTH))?0x0:(FLASH_APPLICATION_NS_LENGTH == 0x0)?(RAM_START + RAM_LENGTH):(__bl_RAM_NS_START - RAM_APPLICATION_NSC_LENGTH)
                0x00000000                        __bl_FLASH_NS_IMAGE_START = ! (DEFINED (FLASH_BOOTLOADER_LENGTH))?0x0:(FLASH_APPLICATION_NS_LENGTH == 0x0)?__bl_FLASH_IMAGE_END:(__bl_FLASH_NS_START + FLASH_BOOTLOADER_HEADER_LENGTH_2)
                0x00000000                        __bln_FLASH_IMAGE_START = (__bl_FLASH_NS_IMAGE_START | ! (DEFINED (NS_OFFSET_START))?0x0:NS_OFFSET_START)
                0x00000000                        __bln_FLASH_IMAGE_LENGTH = ! (DEFINED (FLASH_BOOTLOADER_LENGTH))?0x0:(FLASH_APPLICATION_NS_LENGTH == 0x0)?__bl_FLASH_IMAGE_END:(FLASH_APPLICATION_NS_LENGTH - FLASH_BOOTLOADER_HEADER_LENGTH_2)
                0x00000000                        XIP_SECONDARY_SLOT_IMAGE = DEFINED (XIP_SECONDARY_SLOT_IMAGE)?XIP_SECONDARY_SLOT_IMAGE:0x0
                0x00000000                        FLASH_IMAGE_START_FROM_MMF_REGION = ! (DEFINED (FLASH_IMAGE_START_FROM_MMF_REGION))?0x0:FLASH_IMAGE_START_FROM_MMF_REGION
                0x00000000                        MEMORY_MIRROR_REGION_START = ! (DEFINED (MEMORY_MIRROR_REGION_START))?0x0:MEMORY_MIRROR_REGION_START
                0x00000000                        FLASH_ORIGIN = ! (DEFINED (FLASH_IMAGE_START))?FLASH_START:(XIP_SECONDARY_SLOT_IMAGE == 0x1)?XIP_SECONDARY_FLASH_IMAGE_START:(FLASH_IMAGE_START_FROM_MMF_REGION == 0x1)?MEMORY_MIRROR_REGION_START:FLASH_IMAGE_START
                0x00080000                        LIMITED_FLASH_LENGTH = DEFINED (FLASH_IMAGE_LENGTH)?FLASH_IMAGE_LENGTH:DEFINED (FLASH_BOOTLOADER_LENGTH)?FLASH_BOOTLOADER_LENGTH:FLASH_LENGTH
                0x00000034                        OPTION_SETTING_SAS_SIZE = 0x34
                0x000000cc                        OPTION_SETTING_SAS_LENGTH = ! (DEFINED (OPTION_SETTING_LENGTH))?0x0:(OPTION_SETTING_LENGTH == 0x0)?0x0:(OPTION_SETTING_LENGTH - OPTION_SETTING_SAS_SIZE)
START GROUP
LOAD C:/Renesas/RA/e2studio_v2025-04_fsp_v5.9.0/toolchains/gcc_arm/13.2.rel1/bin/../lib/gcc/arm-none-eabi/13.2.1/thumb/v8-m.main+fp/hard\libgcc.a
LOAD C:/Renesas/RA/e2studio_v2025-04_fsp_v5.9.0/toolchains/gcc_arm/13.2.rel1/bin/../lib/gcc/arm-none-eabi/13.2.1/thumb/v8-m.main+fp/hard\libc.a
LOAD C:/Renesas/RA/e2studio_v2025-04_fsp_v5.9.0/toolchains/gcc_arm/13.2.rel1/bin/../lib/gcc/arm-none-eabi/13.2.1/thumb/v8-m.main+fp/hard\libm.a
END GROUP

.text           0x00000000     0xbd5c
                0x00000000                        __tz_FLASH_S = ABSOLUTE (FLASH_START)
                0x00000000                        __ROM_Start = .
 *(.fixed_vectors*)
 .fixed_vectors
                0x00000000       0x40 ./ra/fsp/src/bsp/cmsis/Device/RENESAS/Source/startup.o
                0x00000000                __Vectors
 *(.application_vectors*)
 .application_vectors
                0x00000040       0x34 ./ra_gen/vector_data.o
                0x00000040                g_vector_table
                0x00000074                        __Vectors_End = .
 *(.flash_gap*)
                0x00000074                        . = (OPTION_SETTING_LENGTH > 0x0)?.:(__ROM_Start + 0x400)
 *(.rom_registers*)
 *(.mcuboot_sce9_key*)
 *(.text*)
 .text.deregister_tm_clones
                0x00000074       0x1c C:/Renesas/RA/e2studio_v2025-04_fsp_v5.9.0/toolchains/gcc_arm/13.2.rel1/bin/../lib/gcc/arm-none-eabi/13.2.1/thumb/v8-m.main+fp/hard/crtbegin.o
 .text.register_tm_clones
                0x00000090       0x28 C:/Renesas/RA/e2studio_v2025-04_fsp_v5.9.0/toolchains/gcc_arm/13.2.rel1/bin/../lib/gcc/arm-none-eabi/13.2.1/thumb/v8-m.main+fp/hard/crtbegin.o
 .text.__do_global_dtors_aux
                0x000000b8       0x28 C:/Renesas/RA/e2studio_v2025-04_fsp_v5.9.0/toolchains/gcc_arm/13.2.rel1/bin/../lib/gcc/arm-none-eabi/13.2.1/thumb/v8-m.main+fp/hard/crtbegin.o
 .text.frame_dummy
                0x000000e0       0x24 C:/Renesas/RA/e2studio_v2025-04_fsp_v5.9.0/toolchains/gcc_arm/13.2.rel1/bin/../lib/gcc/arm-none-eabi/13.2.1/thumb/v8-m.main+fp/hard/crtbegin.o
 .text.FOCCurrentControl_Accumulate.part.0
                0x00000104       0x94 ./src/FOCCurrentControl.o
 .text.FOCCurrentCon_IfActionSubsystem
                0x00000198       0x80 ./src/FOCCurrentControl.o
                0x00000198                FOCCurrentCon_IfActionSubsystem
 .text.FOCCurrentCo_IfActionSubsystem1
                0x00000218       0x80 ./src/FOCCurrentControl.o
                0x00000218                FOCCurrentCo_IfActionSubsystem1
 .text.FOCCurrentControl_step
                0x00000298      0x7d0 ./src/FOCCurrentControl.o
                0x00000298                FOCCurrentControl_step
 .text.FOCCurrentControl_initialize
                0x00000a68       0x30 ./src/FOCCurrentControl.o
                0x00000a68                FOCCurrentControl_initialize
 .text.SpeedControl_step
                0x00000a98      0x1e0 ./src/FOCSpeedControl.o
                0x00000a98                SpeedControl_step
 .text.SpeedControl_initialize
                0x00000c78        0xc ./src/FOCSpeedControl.o
                0x00000c78                SpeedControl_initialize
 .text.uart_queue
                0x00000c84       0x80 ./src/hal_entry.o
 .text.spi1_xfer.constprop.0
                0x00000d04       0x8c ./src/hal_entry.o
 .text.icm_read_reg
                0x00000d90       0x20 ./src/hal_entry.o
 .text.fmt_float.isra.0
                0x00000db0       0xb0 ./src/hal_entry.o
 .text.ble_uart_tick
                0x00000e60      0x78c ./src/hal_entry.o
 .text.hal_entry
                0x000015ec      0x650 ./src/hal_entry.o
                0x000015ec                hal_entry
 .text.R_BSP_WarmStart
                0x00001c3c       0x18 ./src/hal_entry.o
                0x00001c3c                R_BSP_WarmStart
 .text.rm_motor_driver_cyclic
                0x00001c54      0x890 ./src/hal_entry.o
                0x00001c54                rm_motor_driver_cyclic
 .text.current_cb
                0x000024e4        0x4 ./src/hal_entry.o
                0x000024e4                current_cb
 .text.One_ms_Int
                0x000024e8      0x68c ./src/hal_entry.o
                0x000024e8                One_ms_Int
 .text.spi1_callback
                0x00002b74       0x28 ./src/hal_entry.o
                0x00002b74                spi1_callback
 .text.sci3_uart_callback
                0x00002b9c       0xd8 ./src/hal_entry.o
                0x00002b9c                sci3_uart_callback
 *fill*         0x00002c74        0x4 ff
 .text.rtGetInf
                0x00002c78       0x10 ./src/rtGetInf.o
                0x00002c78                rtGetInf
 .text.rtGetInfF
                0x00002c88        0xc ./src/rtGetInf.o
                0x00002c88                rtGetInfF
 *fill*         0x00002c94        0x4 ff
 .text.rtGetMinusInf
                0x00002c98       0x10 ./src/rtGetInf.o
                0x00002c98                rtGetMinusInf
 .text.rtGetMinusInfF
                0x00002ca8        0xc ./src/rtGetInf.o
                0x00002ca8                rtGetMinusInfF
 *fill*         0x00002cb4        0x4 ff
 .text.rtGetNaN
                0x00002cb8       0x10 ./src/rtGetNaN.o
                0x00002cb8                rtGetNaN
 .text.rtGetNaNF
                0x00002cc8        0xc ./src/rtGetNaN.o
                0x00002cc8                rtGetNaNF
 .text.rt_InitInfAndNaN
                0x00002cd4       0x58 ./src/rt_nonfinite.o
                0x00002cd4                rt_InitInfAndNaN
 .text.rtIsInfF
                0x00002d2c       0x34 ./src/rt_nonfinite.o
                0x00002d2c                rtIsInfF
 .text.rtIsNaNF
                0x00002d60       0x28 ./src/rt_nonfinite.o
                0x00002d60                rtIsNaNF
 .text.startup.main
                0x00002d88        0xc ./ra_gen/main.o
                0x00002d88                main
 .text.RM_MOTOR_SENSE_HALL_AngleSpeedGet
                0x00002d94      0x2d4 ./ra/fsp/src/rm_motor_sense_hall/rm_motor_sense_hall.o
                0x00002d94                RM_MOTOR_SENSE_HALL_AngleSpeedGet
 .text.RM_MOTOR_SENSE_HALL_ParameterUpdate
                0x00003068       0x34 ./ra/fsp/src/rm_motor_sense_hall/rm_motor_sense_hall.o
                0x00003068                RM_MOTOR_SENSE_HALL_ParameterUpdate
 .text.RM_MOTOR_SENSE_HALL_Open
                0x0000309c       0x80 ./ra/fsp/src/rm_motor_sense_hall/rm_motor_sense_hall.o
                0x0000309c                RM_MOTOR_SENSE_HALL_Open
 .text.r_spi_b_write_read_common
                0x0000311c      0x100 ./ra/fsp/src/r_spi_b/r_spi_b.o
 .text.R_SPI_B_WriteRead
                0x0000321c       0x10 ./ra/fsp/src/r_spi_b/r_spi_b.o
                0x0000321c                R_SPI_B_WriteRead
 .text.r_spi_b_call_callback
                0x0000322c       0x40 ./ra/fsp/src/r_spi_b/r_spi_b.o
 .text.R_SPI_B_Open
                0x0000326c      0x2c0 ./ra/fsp/src/r_spi_b/r_spi_b.o
                0x0000326c                R_SPI_B_Open
 .text.spi_b_rxi_isr
                0x0000352c       0x90 ./ra/fsp/src/r_spi_b/r_spi_b.o
                0x0000352c                spi_b_rxi_isr
 .text.spi_b_txi_isr
                0x000035bc       0xdc ./ra/fsp/src/r_spi_b/r_spi_b.o
                0x000035bc                spi_b_txi_isr
 .text.spi_b_tei_isr
                0x00003698       0xd0 ./ra/fsp/src/r_spi_b/r_spi_b.o
                0x00003698                spi_b_tei_isr
 .text.spi_b_eri_isr
                0x00003768       0xe0 ./ra/fsp/src/r_spi_b/r_spi_b.o
                0x00003768                spi_b_eri_isr
 .text.R_SCI_B_UART_Write
                0x00003848       0x40 ./ra/fsp/src/r_sci_b_uart/r_sci_b_uart.o
                0x00003848                R_SCI_B_UART_Write
 .text.r_sci_b_uart_call_callback
                0x00003888       0x44 ./ra/fsp/src/r_sci_b_uart/r_sci_b_uart.o
 .text.R_SCI_B_UART_Close
                0x000038cc      0x100 ./ra/fsp/src/r_sci_b_uart/r_sci_b_uart.o
                0x000038cc                R_SCI_B_UART_Close
 .text.R_SCI_B_UART_Open
                0x000039cc      0x390 ./ra/fsp/src/r_sci_b_uart/r_sci_b_uart.o
                0x000039cc                R_SCI_B_UART_Open
 .text.sci_b_uart_txi_isr
                0x00003d5c       0x90 ./ra/fsp/src/r_sci_b_uart/r_sci_b_uart.o
                0x00003d5c                sci_b_uart_txi_isr
 .text.sci_b_uart_rxi_isr
                0x00003dec       0x90 ./ra/fsp/src/r_sci_b_uart/r_sci_b_uart.o
                0x00003dec                sci_b_uart_rxi_isr
 .text.sci_b_uart_tei_isr
                0x00003e7c       0x4c ./ra/fsp/src/r_sci_b_uart/r_sci_b_uart.o
                0x00003e7c                sci_b_uart_tei_isr
 .text.sci_b_uart_eri_isr
                0x00003ec8       0x84 ./ra/fsp/src/r_sci_b_uart/r_sci_b_uart.o
                0x00003ec8                sci_b_uart_eri_isr
 .text.R_IOPORT_PinRead
                0x00003f4c       0x24 ./ra/fsp/src/r_ioport/r_ioport.o
                0x00003f4c                R_IOPORT_PinRead
 .text.R_IOPORT_PinWrite
                0x00003f70       0x20 ./ra/fsp/src/r_ioport/r_ioport.o
                0x00003f70                R_IOPORT_PinWrite
 .text.r_ioport_pins_config
                0x00003f90       0xa4 ./ra/fsp/src/r_ioport/r_ioport.o
 .text.R_IOPORT_Open
                0x00004034       0x14 ./ra/fsp/src/r_ioport/r_ioport.o
                0x00004034                R_IOPORT_Open
 .text.R_IOPORT_PinCfg
                0x00004048       0x90 ./ra/fsp/src/r_ioport/r_ioport.o
                0x00004048                R_IOPORT_PinCfg
 .text.R_GPT_THREE_PHASE_Start
                0x000040d8        0xc ./ra/fsp/src/r_gpt_three_phase/r_gpt_three_phase.o
                0x000040d8                R_GPT_THREE_PHASE_Start
 .text.R_GPT_THREE_PHASE_DutyCycleSet
                0x000040e4       0x44 ./ra/fsp/src/r_gpt_three_phase/r_gpt_three_phase.o
                0x000040e4                R_GPT_THREE_PHASE_DutyCycleSet
 .text.R_GPT_THREE_PHASE_Open
                0x00004128       0x50 ./ra/fsp/src/r_gpt_three_phase/r_gpt_three_phase.o
                0x00004128                R_GPT_THREE_PHASE_Open
 .text.R_GPT_Stop
                0x00004178        0xc ./ra/fsp/src/r_gpt/r_gpt.o
                0x00004178                R_GPT_Stop
 .text.R_GPT_Start
                0x00004184        0xc ./ra/fsp/src/r_gpt/r_gpt.o
                0x00004184                R_GPT_Start
 .text.R_GPT_Reset
                0x00004190        0xc ./ra/fsp/src/r_gpt/r_gpt.o
                0x00004190                R_GPT_Reset
 .text.R_GPT_Enable
                0x0000419c       0x38 ./ra/fsp/src/r_gpt/r_gpt.o
                0x0000419c                R_GPT_Enable
 .text.R_GPT_Disable
                0x000041d4       0x28 ./ra/fsp/src/r_gpt/r_gpt.o
                0x000041d4                R_GPT_Disable
 .text.R_GPT_PeriodSet
                0x000041fc       0x44 ./ra/fsp/src/r_gpt/r_gpt.o
                0x000041fc                R_GPT_PeriodSet
 .text.R_GPT_CompareMatchSet
                0x00004240       0x14 ./ra/fsp/src/r_gpt/r_gpt.o
                0x00004240                R_GPT_CompareMatchSet
 .text.R_GPT_StatusGet
                0x00004254       0x18 ./ra/fsp/src/r_gpt/r_gpt.o
                0x00004254                R_GPT_StatusGet
 .text.R_GPT_CallbackSet
                0x0000426c       0x10 ./ra/fsp/src/r_gpt/r_gpt.o
                0x0000426c                R_GPT_CallbackSet
 .text.r_gpt_call_callback
                0x0000427c       0x3c ./ra/fsp/src/r_gpt/r_gpt.o
 .text.R_GPT_InfoGet
                0x000042b8       0x48 ./ra/fsp/src/r_gpt/r_gpt.o
                0x000042b8                R_GPT_InfoGet
 .text.gpt_calculate_duty_cycle.isra.0
                0x00004300       0x84 ./ra/fsp/src/r_gpt/r_gpt.o
 *fill*         0x00004384        0x4 ff
 .text.R_GPT_DutyCycleSet
                0x00004388       0xf0 ./ra/fsp/src/r_gpt/r_gpt.o
                0x00004388                R_GPT_DutyCycleSet
 .text.r_gpt_enable_irq
                0x00004478       0x60 ./ra/fsp/src/r_gpt/r_gpt.o
 .text.R_GPT_Open
                0x000044d8      0x370 ./ra/fsp/src/r_gpt/r_gpt.o
                0x000044d8                R_GPT_Open
 .text.R_GPT_Close
                0x00004848       0xd0 ./ra/fsp/src/r_gpt/r_gpt.o
                0x00004848                R_GPT_Close
 .text.R_GPT_OutputEnable
                0x00004918       0x18 ./ra/fsp/src/r_gpt/r_gpt.o
                0x00004918                R_GPT_OutputEnable
 .text.gpt_counter_overflow_isr
                0x00004930       0x9c ./ra/fsp/src/r_gpt/r_gpt.o
                0x00004930                gpt_counter_overflow_isr
 .text.R_DTC_Reset
                0x000049cc       0x8c ./ra/fsp/src/r_dtc/r_dtc.o
                0x000049cc                R_DTC_Reset
 .text.R_DTC_SoftwareStart
                0x00004a58        0x4 ./ra/fsp/src/r_dtc/r_dtc.o
                0x00004a58                R_DTC_SoftwareStart
 .text.R_DTC_SoftwareStop
                0x00004a5c        0x4 ./ra/fsp/src/r_dtc/r_dtc.o
                0x00004a5c                R_DTC_SoftwareStop
 .text.R_DTC_Enable
                0x00004a60       0x20 ./ra/fsp/src/r_dtc/r_dtc.o
                0x00004a60                R_DTC_Enable
 .text.R_DTC_Disable
                0x00004a80       0x20 ./ra/fsp/src/r_dtc/r_dtc.o
                0x00004a80                R_DTC_Disable
 .text.R_DTC_InfoGet
                0x00004aa0       0x54 ./ra/fsp/src/r_dtc/r_dtc.o
                0x00004aa0                R_DTC_InfoGet
 .text.R_DTC_Reload
                0x00004af4        0x4 ./ra/fsp/src/r_dtc/r_dtc.o
                0x00004af4                R_DTC_Reload
 .text.R_DTC_CallbackSet
                0x00004af8        0x4 ./ra/fsp/src/r_dtc/r_dtc.o
                0x00004af8                R_DTC_CallbackSet
 .text.R_DTC_Close
                0x00004afc       0x30 ./ra/fsp/src/r_dtc/r_dtc.o
                0x00004afc                R_DTC_Close
 .text.R_DTC_Reconfigure
                0x00004b2c       0x88 ./ra/fsp/src/r_dtc/r_dtc.o
                0x00004b2c                R_DTC_Reconfigure
 .text.R_DTC_Open
                0x00004bb4       0xb4 ./ra/fsp/src/r_dtc/r_dtc.o
                0x00004bb4                R_DTC_Open
 .text.R_ADC_B_ScanGroupStart
                0x00004c68       0x34 ./ra/fsp/src/r_adc_b/r_adc_b.o
                0x00004c68                R_ADC_B_ScanGroupStart
 .text.R_ADC_B_StatusGet
                0x00004c9c       0x28 ./ra/fsp/src/r_adc_b/r_adc_b.o
                0x00004c9c                R_ADC_B_StatusGet
 .text.adc_b_update_calibrate_state
                0x00004cc4       0x84 ./ra/fsp/src/r_adc_b/r_adc_b.o
 .text.R_ADC_B_Open
                0x00004d48      0x1f4 ./ra/fsp/src/r_adc_b/r_adc_b.o
                0x00004d48                R_ADC_B_Open
 .text.R_ADC_B_ScanCfg
                0x00004f3c      0x264 ./ra/fsp/src/r_adc_b/r_adc_b.o
                0x00004f3c                R_ADC_B_ScanCfg
 .text.adc_b_isr_handler
                0x000051a0       0x90 ./ra/fsp/src/r_adc_b/r_adc_b.o
 .text.R_ADC_B_Calibrate
                0x00005230       0x60 ./ra/fsp/src/r_adc_b/r_adc_b.o
                0x00005230                R_ADC_B_Calibrate
 .text.R_ADC_B_FifoRead
                0x00005290       0x74 ./ra/fsp/src/r_adc_b/r_adc_b.o
                0x00005290                R_ADC_B_FifoRead
 .text.adc_b_calend0_isr
                0x00005304       0xa8 ./ra/fsp/src/r_adc_b/r_adc_b.o
                0x00005304                adc_b_calend0_isr
 .text.adc_b_calend1_isr
                0x000053ac       0xb0 ./ra/fsp/src/r_adc_b/r_adc_b.o
                0x000053ac                adc_b_calend1_isr
 .text.adc_b_adi0_isr
                0x0000545c       0x3c ./ra/fsp/src/r_adc_b/r_adc_b.o
                0x0000545c                adc_b_adi0_isr
 .text.SystemCoreClockUpdate
                0x00005498       0x28 ./ra/fsp/src/bsp/mcu/all/bsp_clocks.o
                0x00005498                SystemCoreClockUpdate
 .text.bsp_clock_init
                0x000054c0      0x114 ./ra/fsp/src/bsp/mcu/all/bsp_clocks.o
                0x000054c0                bsp_clock_init
 .text.bsp_init_internal
                0x000055d4        0x4 ./ra/fsp/src/bsp/mcu/all/bsp_common.o
                0x000055d4                bsp_init_internal
                0x000055d4                bsp_init
 .text.__assert_func
                0x000055d8        0x4 ./ra/fsp/src/bsp/mcu/all/bsp_common.o
                0x000055d8                __assert_func
 .text.bsp_prv_software_delay_loop
                0x000055dc        0xc ./ra/fsp/src/bsp/mcu/all/bsp_delay.o
                0x000055dc                bsp_prv_software_delay_loop
 .text.R_BSP_SoftwareDelay
                0x000055e8       0x58 ./ra/fsp/src/bsp/mcu/all/bsp_delay.o
                0x000055e8                R_BSP_SoftwareDelay
 .text.NMI_Handler
                0x00005640       0x3c ./ra/fsp/src/bsp/mcu/all/bsp_group_irq.o
                0x00005640                NMI_Handler
 .text.bsp_irq_cfg
                0x0000567c       0x94 ./ra/fsp/src/bsp/mcu/all/bsp_irq.o
                0x0000567c                bsp_irq_cfg
 .text.R_BSP_RegisterProtectEnable
                0x00005710       0x60 ./ra/fsp/src/bsp/mcu/all/bsp_register_protection.o
                0x00005710                R_BSP_RegisterProtectEnable
 .text.R_BSP_RegisterProtectDisable
                0x00005770       0x54 ./ra/fsp/src/bsp/mcu/all/bsp_register_protection.o
                0x00005770                R_BSP_RegisterProtectDisable
 .text._sbrk    0x000057c4       0x40 ./ra/fsp/src/bsp/mcu/all/bsp_sbrk.o
                0x000057c4                _sbrk
 .text.Default_Handler
                0x00005804        0x4 ./ra/fsp/src/bsp/cmsis/Device/RENESAS/Source/startup.o
                0x00005804                DebugMon_Handler
                0x00005804                HardFault_Handler
                0x00005804                SysTick_Handler
                0x00005804                PendSV_Handler
                0x00005804                UsageFault_Handler
                0x00005804                SecureFault_Handler
                0x00005804                Default_Handler
                0x00005804                MemManage_Handler
                0x00005804                SVC_Handler
                0x00005804                BusFault_Handler
 .text.Reset_Handler
                0x00005808        0xc ./ra/fsp/src/bsp/cmsis/Device/RENESAS/Source/startup.o
                0x00005808                Reset_Handler
 .text.SystemInit
                0x00005814       0xf8 ./ra/fsp/src/bsp/cmsis/Device/RENESAS/Source/system.o
                0x00005814                SystemInit
 .text          0x0000590c      0x110 C:/Renesas/RA/e2studio_v2025-04_fsp_v5.9.0/toolchains/gcc_arm/13.2.rel1/bin/../lib/gcc/arm-none-eabi/13.2.1/thumb/v8-m.main+fp/hard\libgcc.a(_arm_cmpdf2.o)
                0x0000590c                __gtdf2
                0x0000590c                __gedf2
                0x00005914                __ltdf2
                0x00005914                __ledf2
                0x0000591c                __nedf2
                0x0000591c                __eqdf2
                0x0000591c                __cmpdf2
                0x00005998                __aeabi_cdrcmple
                0x000059a8                __aeabi_cdcmpeq
                0x000059a8                __aeabi_cdcmple
                0x000059b8                __aeabi_dcmpeq
                0x000059cc                __aeabi_dcmplt
                0x000059e0                __aeabi_dcmple
                0x000059f4                __aeabi_dcmpge
                0x00005a08                __aeabi_dcmpgt
 .text          0x00005a1c       0xa0 C:/Renesas/RA/e2studio_v2025-04_fsp_v5.9.0/toolchains/gcc_arm/13.2.rel1/bin/../lib/gcc/arm-none-eabi/13.2.1/thumb/v8-m.main+fp/hard\libgcc.a(_arm_truncdfsf2.o)
                0x00005a1c                __truncdfsf2
                0x00005a1c                __aeabi_d2f
 .text.atof     0x00005abc        0x6 C:/Renesas/RA/e2studio_v2025-04_fsp_v5.9.0/toolchains/gcc_arm/13.2.rel1/bin/../lib/gcc/arm-none-eabi/13.2.1/thumb/v8-m.main+fp/hard\libg_nano.a(libc_a-atof.o)
                0x00005abc                atof
 .text.atoi     0x00005ac2        0x8 C:/Renesas/RA/e2studio_v2025-04_fsp_v5.9.0/toolchains/gcc_arm/13.2.rel1/bin/../lib/gcc/arm-none-eabi/13.2.1/thumb/v8-m.main+fp/hard\libg_nano.a(libc_a-atoi.o)
                0x00005ac2                atoi
 .text.sulp     0x00005aca       0x3c C:/Renesas/RA/e2studio_v2025-04_fsp_v5.9.0/toolchains/gcc_arm/13.2.rel1/bin/../lib/gcc/arm-none-eabi/13.2.1/thumb/v8-m.main+fp/hard\libg_nano.a(libc_a-strtod.o)
 *fill*         0x00005b06        0x2 ff
 .text._strtod_l
                0x00005b08      0xbc8 C:/Renesas/RA/e2studio_v2025-04_fsp_v5.9.0/toolchains/gcc_arm/13.2.rel1/bin/../lib/gcc/arm-none-eabi/13.2.1/thumb/v8-m.main+fp/hard\libg_nano.a(libc_a-strtod.o)
                0x00005b08                _strtod_l
 .text.strtod   0x000066d0       0x18 C:/Renesas/RA/e2studio_v2025-04_fsp_v5.9.0/toolchains/gcc_arm/13.2.rel1/bin/../lib/gcc/arm-none-eabi/13.2.1/thumb/v8-m.main+fp/hard\libg_nano.a(libc_a-strtod.o)
                0x000066d0                strtod
 .text._strtol_l.isra.0
                0x000066e8       0xf4 C:/Renesas/RA/e2studio_v2025-04_fsp_v5.9.0/toolchains/gcc_arm/13.2.rel1/bin/../lib/gcc/arm-none-eabi/13.2.1/thumb/v8-m.main+fp/hard\libg_nano.a(libc_a-strtol.o)
 .text.strtol   0x000067dc       0x14 C:/Renesas/RA/e2studio_v2025-04_fsp_v5.9.0/toolchains/gcc_arm/13.2.rel1/bin/../lib/gcc/arm-none-eabi/13.2.1/thumb/v8-m.main+fp/hard\libg_nano.a(libc_a-strtol.o)
                0x000067dc                strtol
 .text._strtoul_l.isra.0
                0x000067f0       0xdc C:/Renesas/RA/e2studio_v2025-04_fsp_v5.9.0/toolchains/gcc_arm/13.2.rel1/bin/../lib/gcc/arm-none-eabi/13.2.1/thumb/v8-m.main+fp/hard\libg_nano.a(libc_a-strtoul.o)
 .text.strtoul  0x000068cc       0x14 C:/Renesas/RA/e2studio_v2025-04_fsp_v5.9.0/toolchains/gcc_arm/13.2.rel1/bin/../lib/gcc/arm-none-eabi/13.2.1/thumb/v8-m.main+fp/hard\libg_nano.a(libc_a-strtoul.o)
                0x000068cc                strtoul
 .text.snprintf
                0x000068e0       0x68 C:/Renesas/RA/e2studio_v2025-04_fsp_v5.9.0/toolchains/gcc_arm/13.2.rel1/bin/../lib/gcc/arm-none-eabi/13.2.1/thumb/v8-m.main+fp/hard\libg_nano.a(libc_a-snprintf.o)
                0x000068e0                sniprintf
                0x000068e0                snprintf
 .text.memset   0x00006948       0x10 C:/Renesas/RA/e2studio_v2025-04_fsp_v5.9.0/toolchains/gcc_arm/13.2.rel1/bin/../lib/gcc/arm-none-eabi/13.2.1/thumb/v8-m.main+fp/hard\libg_nano.a(libc_a-memset.o)
                0x00006948                memset
 .text.strchr   0x00006958       0x1a C:/Renesas/RA/e2studio_v2025-04_fsp_v5.9.0/toolchains/gcc_arm/13.2.rel1/bin/../lib/gcc/arm-none-eabi/13.2.1/thumb/v8-m.main+fp/hard\libg_nano.a(libc_a-strchr.o)
                0x00006958                strchr
 .text.strncmp  0x00006972       0x24 C:/Renesas/RA/e2studio_v2025-04_fsp_v5.9.0/toolchains/gcc_arm/13.2.rel1/bin/../lib/gcc/arm-none-eabi/13.2.1/thumb/v8-m.main+fp/hard\libg_nano.a(libc_a-strncmp.o)
                0x00006972                strncmp
 *fill*         0x00006996        0x2 ff
 .text.__errno  0x00006998        0xc C:/Renesas/RA/e2studio_v2025-04_fsp_v5.9.0/toolchains/gcc_arm/13.2.rel1/bin/../lib/gcc/arm-none-eabi/13.2.1/thumb/v8-m.main+fp/hard\libg_nano.a(libc_a-errno.o)
                0x00006998                __errno
 .text.__retarget_lock_acquire_recursive
                0x000069a4        0x2 C:/Renesas/RA/e2studio_v2025-04_fsp_v5.9.0/toolchains/gcc_arm/13.2.rel1/bin/../lib/gcc/arm-none-eabi/13.2.1/thumb/v8-m.main+fp/hard\libg_nano.a(libc_a-lock.o)
                0x000069a4                __retarget_lock_acquire_recursive
 .text.__retarget_lock_release_recursive
                0x000069a6        0x2 C:/Renesas/RA/e2studio_v2025-04_fsp_v5.9.0/toolchains/gcc_arm/13.2.rel1/bin/../lib/gcc/arm-none-eabi/13.2.1/thumb/v8-m.main+fp/hard\libg_nano.a(libc_a-lock.o)
                0x000069a6                __retarget_lock_release_recursive
 .text          0x000069a8       0x14 C:/Renesas/RA/e2studio_v2025-04_fsp_v5.9.0/toolchains/gcc_arm/13.2.rel1/bin/../lib/gcc/arm-none-eabi/13.2.1/thumb/v8-m.main+fp/hard\libg_nano.a(libc_a-strcmp.o)
                0x000069a8                strcmp
 .text.memcpy   0x000069bc       0x1a C:/Renesas/RA/e2studio_v2025-04_fsp_v5.9.0/toolchains/gcc_arm/13.2.rel1/bin/../lib/gcc/arm-none-eabi/13.2.1/thumb/v8-m.main+fp/hard\libg_nano.a(libc_a-memcpy-stub.o)
                0x000069bc                memcpy
 .text          0x000069d6       0x10 C:/Renesas/RA/e2studio_v2025-04_fsp_v5.9.0/toolchains/gcc_arm/13.2.rel1/bin/../lib/gcc/arm-none-eabi/13.2.1/thumb/v8-m.main+fp/hard\libg_nano.a(libc_a-strlen.o)
                0x000069d6                strlen
 *fill*         0x000069e6        0x2 ff
 .text.nan      0x000069e8       0x10 C:/Renesas/RA/e2studio_v2025-04_fsp_v5.9.0/toolchains/gcc_arm/13.2.rel1/bin/../lib/gcc/arm-none-eabi/13.2.1/thumb/v8-m.main+fp/hard\libg_nano.a(libm_a-s_nan.o)
                0x000069e8                nan
 .text.nanf     0x000069f8        0xc C:/Renesas/RA/e2studio_v2025-04_fsp_v5.9.0/toolchains/gcc_arm/13.2.rel1/bin/../lib/gcc/arm-none-eabi/13.2.1/thumb/v8-m.main+fp/hard\libg_nano.a(libm_a-sf_nan.o)
                0x000069f8                nanf
 .text._free_r  0x00006a04       0x94 C:/Renesas/RA/e2studio_v2025-04_fsp_v5.9.0/toolchains/gcc_arm/13.2.rel1/bin/../lib/gcc/arm-none-eabi/13.2.1/thumb/v8-m.main+fp/hard\libg_nano.a(libc_a-freer.o)
                0x00006a04                _free_r
 .text.rshift   0x00006a98       0xa2 C:/Renesas/RA/e2studio_v2025-04_fsp_v5.9.0/toolchains/gcc_arm/13.2.rel1/bin/../lib/gcc/arm-none-eabi/13.2.1/thumb/v8-m.main+fp/hard\libg_nano.a(libc_a-gdtoa-gethex.o)
 .text.__hexdig_fun
                0x00006b3a       0x2a C:/Renesas/RA/e2studio_v2025-04_fsp_v5.9.0/toolchains/gcc_arm/13.2.rel1/bin/../lib/gcc/arm-none-eabi/13.2.1/thumb/v8-m.main+fp/hard\libg_nano.a(libc_a-gdtoa-gethex.o)
                0x00006b3a                __hexdig_fun
 .text.__gethex
                0x00006b64      0x41c C:/Renesas/RA/e2studio_v2025-04_fsp_v5.9.0/toolchains/gcc_arm/13.2.rel1/bin/../lib/gcc/arm-none-eabi/13.2.1/thumb/v8-m.main+fp/hard\libg_nano.a(libc_a-gdtoa-gethex.o)
                0x00006b64                __gethex
 .text.L_shift  0x00006f80       0x24 C:/Renesas/RA/e2studio_v2025-04_fsp_v5.9.0/toolchains/gcc_arm/13.2.rel1/bin/../lib/gcc/arm-none-eabi/13.2.1/thumb/v8-m.main+fp/hard\libg_nano.a(libc_a-gdtoa-hexnan.o)
 .text.__match  0x00006fa4       0x28 C:/Renesas/RA/e2studio_v2025-04_fsp_v5.9.0/toolchains/gcc_arm/13.2.rel1/bin/../lib/gcc/arm-none-eabi/13.2.1/thumb/v8-m.main+fp/hard\libg_nano.a(libc_a-gdtoa-hexnan.o)
                0x00006fa4                __match
 .text.__hexnan
                0x00006fcc      0x136 C:/Renesas/RA/e2studio_v2025-04_fsp_v5.9.0/toolchains/gcc_arm/13.2.rel1/bin/../lib/gcc/arm-none-eabi/13.2.1/thumb/v8-m.main+fp/hard\libg_nano.a(libc_a-gdtoa-hexnan.o)
                0x00006fcc                __hexnan
 *fill*         0x00007102        0x2 ff
 .text.sbrk_aligned
                0x00007104       0x44 C:/Renesas/RA/e2studio_v2025-04_fsp_v5.9.0/toolchains/gcc_arm/13.2.rel1/bin/../lib/gcc/arm-none-eabi/13.2.1/thumb/v8-m.main+fp/hard\libg_nano.a(libc_a-mallocr.o)
 .text._malloc_r
                0x00007148      0x100 C:/Renesas/RA/e2studio_v2025-04_fsp_v5.9.0/toolchains/gcc_arm/13.2.rel1/bin/../lib/gcc/arm-none-eabi/13.2.1/thumb/v8-m.main+fp/hard\libg_nano.a(libc_a-mallocr.o)
                0x00007148                _malloc_r
 .text.__ascii_mbtowc
                0x00007248       0x24 C:/Renesas/RA/e2studio_v2025-04_fsp_v5.9.0/toolchains/gcc_arm/13.2.rel1/bin/../lib/gcc/arm-none-eabi/13.2.1/thumb/v8-m.main+fp/hard\libg_nano.a(libc_a-mbtowc_r.o)
                0x00007248                __ascii_mbtowc
 .text.__malloc_lock
                0x0000726c        0xc C:/Renesas/RA/e2studio_v2025-04_fsp_v5.9.0/toolchains/gcc_arm/13.2.rel1/bin/../lib/gcc/arm-none-eabi/13.2.1/thumb/v8-m.main+fp/hard\libg_nano.a(libc_a-mlock.o)
                0x0000726c                __malloc_lock
 .text.__malloc_unlock
                0x00007278        0xc C:/Renesas/RA/e2studio_v2025-04_fsp_v5.9.0/toolchains/gcc_arm/13.2.rel1/bin/../lib/gcc/arm-none-eabi/13.2.1/thumb/v8-m.main+fp/hard\libg_nano.a(libc_a-mlock.o)
                0x00007278                __malloc_unlock
 .text._Balloc  0x00007284       0x80 C:/Renesas/RA/e2studio_v2025-04_fsp_v5.9.0/toolchains/gcc_arm/13.2.rel1/bin/../lib/gcc/arm-none-eabi/13.2.1/thumb/v8-m.main+fp/hard\libg_nano.a(libc_a-mprec.o)
                0x00007284                _Balloc
 .text._Bfree   0x00007304       0x44 C:/Renesas/RA/e2studio_v2025-04_fsp_v5.9.0/toolchains/gcc_arm/13.2.rel1/bin/../lib/gcc/arm-none-eabi/13.2.1/thumb/v8-m.main+fp/hard\libg_nano.a(libc_a-mprec.o)
                0x00007304                _Bfree
 .text.__multadd
                0x00007348       0x90 C:/Renesas/RA/e2studio_v2025-04_fsp_v5.9.0/toolchains/gcc_arm/13.2.rel1/bin/../lib/gcc/arm-none-eabi/13.2.1/thumb/v8-m.main+fp/hard\libg_nano.a(libc_a-mprec.o)
                0x00007348                __multadd
 .text.__s2b    0x000073d8       0x94 C:/Renesas/RA/e2studio_v2025-04_fsp_v5.9.0/toolchains/gcc_arm/13.2.rel1/bin/../lib/gcc/arm-none-eabi/13.2.1/thumb/v8-m.main+fp/hard\libg_nano.a(libc_a-mprec.o)
                0x000073d8                __s2b
 .text.__hi0bits
                0x0000746c       0x3e C:/Renesas/RA/e2studio_v2025-04_fsp_v5.9.0/toolchains/gcc_arm/13.2.rel1/bin/../lib/gcc/arm-none-eabi/13.2.1/thumb/v8-m.main+fp/hard\libg_nano.a(libc_a-mprec.o)
                0x0000746c                __hi0bits
 .text.__lo0bits
                0x000074aa       0x5a C:/Renesas/RA/e2studio_v2025-04_fsp_v5.9.0/toolchains/gcc_arm/13.2.rel1/bin/../lib/gcc/arm-none-eabi/13.2.1/thumb/v8-m.main+fp/hard\libg_nano.a(libc_a-mprec.o)
                0x000074aa                __lo0bits
 .text.__i2b    0x00007504       0x2c C:/Renesas/RA/e2studio_v2025-04_fsp_v5.9.0/toolchains/gcc_arm/13.2.rel1/bin/../lib/gcc/arm-none-eabi/13.2.1/thumb/v8-m.main+fp/hard\libg_nano.a(libc_a-mprec.o)
                0x00007504                __i2b
 .text.__multiply
                0x00007530      0x148 C:/Renesas/RA/e2studio_v2025-04_fsp_v5.9.0/toolchains/gcc_arm/13.2.rel1/bin/../lib/gcc/arm-none-eabi/13.2.1/thumb/v8-m.main+fp/hard\libg_nano.a(libc_a-mprec.o)
                0x00007530                __multiply
 .text.__pow5mult
                0x00007678       0xb4 C:/Renesas/RA/e2studio_v2025-04_fsp_v5.9.0/toolchains/gcc_arm/13.2.rel1/bin/../lib/gcc/arm-none-eabi/13.2.1/thumb/v8-m.main+fp/hard\libg_nano.a(libc_a-mprec.o)
                0x00007678                __pow5mult
 .text.__lshift
                0x0000772c       0xd8 C:/Renesas/RA/e2studio_v2025-04_fsp_v5.9.0/toolchains/gcc_arm/13.2.rel1/bin/../lib/gcc/arm-none-eabi/13.2.1/thumb/v8-m.main+fp/hard\libg_nano.a(libc_a-mprec.o)
                0x0000772c                __lshift
 .text.__mcmp   0x00007804       0x36 C:/Renesas/RA/e2studio_v2025-04_fsp_v5.9.0/toolchains/gcc_arm/13.2.rel1/bin/../lib/gcc/arm-none-eabi/13.2.1/thumb/v8-m.main+fp/hard\libg_nano.a(libc_a-mprec.o)
                0x00007804                __mcmp
 *fill*         0x0000783a        0x2 ff
 .text.__mdiff  0x0000783c      0x130 C:/Renesas/RA/e2studio_v2025-04_fsp_v5.9.0/toolchains/gcc_arm/13.2.rel1/bin/../lib/gcc/arm-none-eabi/13.2.1/thumb/v8-m.main+fp/hard\libg_nano.a(libc_a-mprec.o)
                0x0000783c                __mdiff
 .text.__ulp    0x0000796c       0x4c C:/Renesas/RA/e2studio_v2025-04_fsp_v5.9.0/toolchains/gcc_arm/13.2.rel1/bin/../lib/gcc/arm-none-eabi/13.2.1/thumb/v8-m.main+fp/hard\libg_nano.a(libc_a-mprec.o)
                0x0000796c                __ulp
 .text.__b2d    0x000079b8       0x9c C:/Renesas/RA/e2studio_v2025-04_fsp_v5.9.0/toolchains/gcc_arm/13.2.rel1/bin/../lib/gcc/arm-none-eabi/13.2.1/thumb/v8-m.main+fp/hard\libg_nano.a(libc_a-mprec.o)
                0x000079b8                __b2d
 .text.__d2b    0x00007a54       0xb0 C:/Renesas/RA/e2studio_v2025-04_fsp_v5.9.0/toolchains/gcc_arm/13.2.rel1/bin/../lib/gcc/arm-none-eabi/13.2.1/thumb/v8-m.main+fp/hard\libg_nano.a(libc_a-mprec.o)
                0x00007a54                __d2b
 .text.__ratio  0x00007b04       0x64 C:/Renesas/RA/e2studio_v2025-04_fsp_v5.9.0/toolchains/gcc_arm/13.2.rel1/bin/../lib/gcc/arm-none-eabi/13.2.1/thumb/v8-m.main+fp/hard\libg_nano.a(libc_a-mprec.o)
                0x00007b04                __ratio
 .text.__copybits
                0x00007b68       0x46 C:/Renesas/RA/e2studio_v2025-04_fsp_v5.9.0/toolchains/gcc_arm/13.2.rel1/bin/../lib/gcc/arm-none-eabi/13.2.1/thumb/v8-m.main+fp/hard\libg_nano.a(libc_a-mprec.o)
                0x00007b68                __copybits
 .text.__any_on
                0x00007bae       0x42 C:/Renesas/RA/e2studio_v2025-04_fsp_v5.9.0/toolchains/gcc_arm/13.2.rel1/bin/../lib/gcc/arm-none-eabi/13.2.1/thumb/v8-m.main+fp/hard\libg_nano.a(libc_a-mprec.o)
                0x00007bae                __any_on
 .text.__ascii_wctomb
                0x00007bf0       0x1a C:/Renesas/RA/e2studio_v2025-04_fsp_v5.9.0/toolchains/gcc_arm/13.2.rel1/bin/../lib/gcc/arm-none-eabi/13.2.1/thumb/v8-m.main+fp/hard\libg_nano.a(libc_a-wctomb_r.o)
                0x00007bf0                __ascii_wctomb
 .text.__ssputs_r
                0x00007c0a       0xb6 C:/Renesas/RA/e2studio_v2025-04_fsp_v5.9.0/toolchains/gcc_arm/13.2.rel1/bin/../lib/gcc/arm-none-eabi/13.2.1/thumb/v8-m.main+fp/hard\libg_nano.a(libc_a-nano-svfprintf.o)
                0x00007c0a                __ssputs_r
 .text._svfprintf_r
                0x00007cc0      0x1f8 C:/Renesas/RA/e2studio_v2025-04_fsp_v5.9.0/toolchains/gcc_arm/13.2.rel1/bin/../lib/gcc/arm-none-eabi/13.2.1/thumb/v8-m.main+fp/hard\libg_nano.a(libc_a-nano-svfprintf.o)
                0x00007cc0                _svfiprintf_r
                0x00007cc0                _svfprintf_r
 .text._printf_common
                0x00007eb8       0xe4 C:/Renesas/RA/e2studio_v2025-04_fsp_v5.9.0/toolchains/gcc_arm/13.2.rel1/bin/../lib/gcc/arm-none-eabi/13.2.1/thumb/v8-m.main+fp/hard\libg_nano.a(libc_a-nano-vfprintf_i.o)
                0x00007eb8                _printf_common
 .text._printf_i
                0x00007f9c      0x23c C:/Renesas/RA/e2studio_v2025-04_fsp_v5.9.0/toolchains/gcc_arm/13.2.rel1/bin/../lib/gcc/arm-none-eabi/13.2.1/thumb/v8-m.main+fp/hard\libg_nano.a(libc_a-nano-vfprintf_i.o)
                0x00007f9c                _printf_i
 .text.memmove  0x000081d8       0x34 C:/Renesas/RA/e2studio_v2025-04_fsp_v5.9.0/toolchains/gcc_arm/13.2.rel1/bin/../lib/gcc/arm-none-eabi/13.2.1/thumb/v8-m.main+fp/hard\libg_nano.a(libc_a-memmove.o)
                0x000081d8                memmove
 .text._sbrk_r  0x0000820c       0x20 C:/Renesas/RA/e2studio_v2025-04_fsp_v5.9.0/toolchains/gcc_arm/13.2.rel1/bin/../lib/gcc/arm-none-eabi/13.2.1/thumb/v8-m.main+fp/hard\libg_nano.a(libc_a-sbrkr.o)
                0x0000820c                _sbrk_r
 .text.memchr   0x0000822c       0x1c C:/Renesas/RA/e2studio_v2025-04_fsp_v5.9.0/toolchains/gcc_arm/13.2.rel1/bin/../lib/gcc/arm-none-eabi/13.2.1/thumb/v8-m.main+fp/hard\libg_nano.a(libc_a-memchr-stub.o)
                0x0000822c                memchr
 .text._calloc_r
                0x00008248       0x28 C:/Renesas/RA/e2studio_v2025-04_fsp_v5.9.0/toolchains/gcc_arm/13.2.rel1/bin/../lib/gcc/arm-none-eabi/13.2.1/thumb/v8-m.main+fp/hard\libg_nano.a(libc_a-callocr.o)
                0x00008248                _calloc_r
 .text.malloc   0x00008270       0x10 C:/Renesas/RA/e2studio_v2025-04_fsp_v5.9.0/toolchains/gcc_arm/13.2.rel1/bin/../lib/gcc/arm-none-eabi/13.2.1/thumb/v8-m.main+fp/hard\libg_nano.a(libc_a-malloc.o)
                0x00008270                malloc
 .text._realloc_r
                0x00008280       0x5c C:/Renesas/RA/e2studio_v2025-04_fsp_v5.9.0/toolchains/gcc_arm/13.2.rel1/bin/../lib/gcc/arm-none-eabi/13.2.1/thumb/v8-m.main+fp/hard\libg_nano.a(libc_a-reallocr.o)
                0x00008280                _realloc_r
 .text._malloc_usable_size_r
                0x000082dc       0x10 C:/Renesas/RA/e2studio_v2025-04_fsp_v5.9.0/toolchains/gcc_arm/13.2.rel1/bin/../lib/gcc/arm-none-eabi/13.2.1/thumb/v8-m.main+fp/hard\libg_nano.a(libc_a-msizer.o)
                0x000082dc                _malloc_usable_size_r
 .text          0x000082ec      0x378 C:/Renesas/RA/e2studio_v2025-04_fsp_v5.9.0/toolchains/gcc_arm/13.2.rel1/bin/../lib/gcc/arm-none-eabi/13.2.1/thumb/v8-m.main+fp/hard\libgcc.a(_arm_addsubdf3.o)
                0x000082ec                __aeabi_drsub
                0x000082f4                __aeabi_dsub
                0x000082f4                __subdf3
                0x000082f8                __aeabi_dadd
                0x000082f8                __adddf3
                0x00008570                __floatunsidf
                0x00008570                __aeabi_ui2d
                0x00008590                __floatsidf
                0x00008590                __aeabi_i2d
                0x000085b4                __aeabi_f2d
                0x000085b4                __extendsfdf2
                0x000085f8                __floatundidf
                0x000085f8                __aeabi_ul2d
                0x00008608                __floatdidf
                0x00008608                __aeabi_l2d
 .text          0x00008664      0x424 C:/Renesas/RA/e2studio_v2025-04_fsp_v5.9.0/toolchains/gcc_arm/13.2.rel1/bin/../lib/gcc/arm-none-eabi/13.2.1/thumb/v8-m.main+fp/hard\libgcc.a(_arm_muldivdf3.o)
                0x00008664                __aeabi_dmul
                0x00008664                __muldf3
                0x000088b8                __divdf3
                0x000088b8                __aeabi_ddiv
 .text          0x00008a88       0x40 C:/Renesas/RA/e2studio_v2025-04_fsp_v5.9.0/toolchains/gcc_arm/13.2.rel1/bin/../lib/gcc/arm-none-eabi/13.2.1/thumb/v8-m.main+fp/hard\libgcc.a(_arm_fixunsdfsi.o)
                0x00008a88                __aeabi_d2uiz
                0x00008a88                __fixunsdfsi
 .text.__fixdfdi
                0x00008ac8       0x30 C:/Renesas/RA/e2studio_v2025-04_fsp_v5.9.0/toolchains/gcc_arm/13.2.rel1/bin/../lib/gcc/arm-none-eabi/13.2.1/thumb/v8-m.main+fp/hard\libgcc.a(_fixdfdi.o)
                0x00008ac8                __fixdfdi
                0x00008ac8                __aeabi_d2lz
 .text.__fixunsdfdi
                0x00008af8       0x3c C:/Renesas/RA/e2studio_v2025-04_fsp_v5.9.0/toolchains/gcc_arm/13.2.rel1/bin/../lib/gcc/arm-none-eabi/13.2.1/thumb/v8-m.main+fp/hard\libgcc.a(_fixunsdfdi.o)
                0x00008af8                __fixunsdfdi
                0x00008af8                __aeabi_d2ulz
 .text.fmodf    0x00008b34       0x48 C:/Renesas/RA/e2studio_v2025-04_fsp_v5.9.0/toolchains/gcc_arm/13.2.rel1/bin/../lib/gcc/arm-none-eabi/13.2.1/thumb/v8-m.main+fp/hard\libm.a(libm_a-wf_fmod.o)
                0x00008b34                fmodf
 .text.logf     0x00008b7c       0x60 C:/Renesas/RA/e2studio_v2025-04_fsp_v5.9.0/toolchains/gcc_arm/13.2.rel1/bin/../lib/gcc/arm-none-eabi/13.2.1/thumb/v8-m.main+fp/hard\libm.a(libm_a-wf_log.o)
                0x00008b7c                logf
 .text.cosf     0x00008bdc       0x88 C:/Renesas/RA/e2studio_v2025-04_fsp_v5.9.0/toolchains/gcc_arm/13.2.rel1/bin/../lib/gcc/arm-none-eabi/13.2.1/thumb/v8-m.main+fp/hard\libm.a(libm_a-sf_cos.o)
                0x00008bdc                cosf
 .text.sinf     0x00008c64       0x8c C:/Renesas/RA/e2studio_v2025-04_fsp_v5.9.0/toolchains/gcc_arm/13.2.rel1/bin/../lib/gcc/arm-none-eabi/13.2.1/thumb/v8-m.main+fp/hard\libm.a(libm_a-sf_sin.o)
                0x00008c64                sinf
 .text.__kernel_cosf
                0x00008cf0      0x104 C:/Renesas/RA/e2studio_v2025-04_fsp_v5.9.0/toolchains/gcc_arm/13.2.rel1/bin/../lib/gcc/arm-none-eabi/13.2.1/thumb/v8-m.main+fp/hard\libm.a(libm_a-kf_cos.o)
                0x00008cf0                __kernel_cosf
 .text.__kernel_sinf
                0x00008df4       0x90 C:/Renesas/RA/e2studio_v2025-04_fsp_v5.9.0/toolchains/gcc_arm/13.2.rel1/bin/../lib/gcc/arm-none-eabi/13.2.1/thumb/v8-m.main+fp/hard\libm.a(libm_a-kf_sin.o)
                0x00008df4                __kernel_sinf
 .text.__ieee754_fmodf
                0x00008e84      0x14c C:/Renesas/RA/e2studio_v2025-04_fsp_v5.9.0/toolchains/gcc_arm/13.2.rel1/bin/../lib/gcc/arm-none-eabi/13.2.1/thumb/v8-m.main+fp/hard\libm.a(libm_a-ef_fmod.o)
                0x00008e84                __ieee754_fmodf
 .text.__ieee754_logf
                0x00008fd0      0x1f8 C:/Renesas/RA/e2studio_v2025-04_fsp_v5.9.0/toolchains/gcc_arm/13.2.rel1/bin/../lib/gcc/arm-none-eabi/13.2.1/thumb/v8-m.main+fp/hard\libm.a(libm_a-ef_log.o)
                0x00008fd0                __ieee754_logf
 .text.__ieee754_rem_pio2f
                0x000091c8      0x278 C:/Renesas/RA/e2studio_v2025-04_fsp_v5.9.0/toolchains/gcc_arm/13.2.rel1/bin/../lib/gcc/arm-none-eabi/13.2.1/thumb/v8-m.main+fp/hard\libm.a(libm_a-ef_rem_pio2.o)
                0x000091c8                __ieee754_rem_pio2f
 .text.fabsf    0x00009440       0x10 C:/Renesas/RA/e2studio_v2025-04_fsp_v5.9.0/toolchains/gcc_arm/13.2.rel1/bin/../lib/gcc/arm-none-eabi/13.2.1/thumb/v8-m.main+fp/hard\libm.a(libm_a-sf_fabs.o)
                0x00009440                fabsf
 .text.__kernel_rem_pio2f
                0x00009450      0x640 C:/Renesas/RA/e2studio_v2025-04_fsp_v5.9.0/toolchains/gcc_arm/13.2.rel1/bin/../lib/gcc/arm-none-eabi/13.2.1/thumb/v8-m.main+fp/hard\libm.a(libm_a-kf_rem_pio2.o)
                0x00009450                __kernel_rem_pio2f
 .text.scalbnf  0x00009a90       0xe0 C:/Renesas/RA/e2studio_v2025-04_fsp_v5.9.0/toolchains/gcc_arm/13.2.rel1/bin/../lib/gcc/arm-none-eabi/13.2.1/thumb/v8-m.main+fp/hard\libm.a(libm_a-sf_scalbn.o)
                0x00009a90                scalbnf
 .text.floorf   0x00009b70        0x8 C:/Renesas/RA/e2studio_v2025-04_fsp_v5.9.0/toolchains/gcc_arm/13.2.rel1/bin/../lib/gcc/arm-none-eabi/13.2.1/thumb/v8-m.main+fp/hard\libm.a(libm_a-sf_floor.o)
                0x00009b70                floorf
 *(.version)
 .version       0x00009b78       0x50 ./ra/fsp/src/bsp/mcu/all/bsp_common.o
 *(.init)
 .init          0x00009bc8        0x4 C:/Renesas/RA/e2studio_v2025-04_fsp_v5.9.0/toolchains/gcc_arm/13.2.rel1/bin/../lib/gcc/arm-none-eabi/13.2.1/thumb/v8-m.main+fp/hard/crti.o
                0x00009bc8                _init
 .init          0x00009bcc        0x8 C:/Renesas/RA/e2studio_v2025-04_fsp_v5.9.0/toolchains/gcc_arm/13.2.rel1/bin/../lib/gcc/arm-none-eabi/13.2.1/thumb/v8-m.main+fp/hard/crtn.o
 *(.fini)
 .fini          0x00009bd4        0x4 C:/Renesas/RA/e2studio_v2025-04_fsp_v5.9.0/toolchains/gcc_arm/13.2.rel1/bin/../lib/gcc/arm-none-eabi/13.2.1/thumb/v8-m.main+fp/hard/crti.o
                0x00009bd4                _fini
 .fini          0x00009bd8        0x8 C:/Renesas/RA/e2studio_v2025-04_fsp_v5.9.0/toolchains/gcc_arm/13.2.rel1/bin/../lib/gcc/arm-none-eabi/13.2.1/thumb/v8-m.main+fp/hard/crtn.o
 *crtbegin.o(.ctors)
 *crtbegin?.o(.ctors)
 *(EXCLUDE_FILE(*crtend.o *crtend?.o) .ctors)
 *(SORT_BY_NAME(.ctors.*))
 *(.ctors)
 *crtbegin.o(.dtors)
 *crtbegin?.o(.dtors)
 *(EXCLUDE_FILE(*crtend.o *crtend?.o) .dtors)
 *(SORT_BY_NAME(.dtors.*))
 *(.dtors)
 *(.rodata*)
 .rodata.FOCCurrentControl_ConstP
                0x00009be0      0xfa8 ./src/FOCCurrentControl_data.o
                0x00009be0                FOCCurrentControl_ConstP
 .rodata.fmt_float.isra.0.str1.4
                0x0000ab88      0x1f4 ./src/hal_entry.o
                                  0x4 (size before relaxing)
 .rodata.ble_uart_tick.str1.4
                0x0000ad7c       0xfd ./src/hal_entry.o
 .rodata.str1.4
                0x0000ad7c       0xf8 ./src/hal_entry.o
 .rodata.var_registry
                0x0000ad7c       0xe4 ./src/hal_entry.o
 .rodata        0x0000ae60        0x4 ./src/hal_entry.o
 .rodata.g_motor_angle0_cfg
                0x0000ae64        0x8 ./ra_gen/hal_data.o
                0x0000ae64                g_motor_angle0_cfg
 .rodata.g_motor_angle0_extend
                0x0000ae6c       0x30 ./ra_gen/hal_data.o
                0x0000ae6c                g_motor_angle0_extend
 .rodata.g_three_phase0_cfg
                0x0000ae9c       0x20 ./ra_gen/hal_data.o
                0x0000ae9c                g_three_phase0_cfg
 .rodata.g_timer0
                0x0000aebc        0xc ./ra_gen/hal_data.o
                0x0000aebc                g_timer0
 .rodata.g_timer0_cfg
                0x0000aec8       0x20 ./ra_gen/hal_data.o
                0x0000aec8                g_timer0_cfg
 .rodata.g_timer0_extend
                0x0000aee8       0x3c ./ra_gen/hal_data.o
                0x0000aee8                g_timer0_extend
 .rodata.g_timer0_pwm_extend
                0x0000af24       0x20 ./ra_gen/hal_data.o
                0x0000af24                g_timer0_pwm_extend
 .rodata.g_timer1
                0x0000af44        0xc ./ra_gen/hal_data.o
                0x0000af44                g_timer1
 .rodata.g_timer1_cfg
                0x0000af50       0x20 ./ra_gen/hal_data.o
                0x0000af50                g_timer1_cfg
 .rodata.g_timer1_extend
                0x0000af70       0x3c ./ra_gen/hal_data.o
                0x0000af70                g_timer1_extend
 .rodata.g_timer1_pwm_extend
                0x0000afac       0x20 ./ra_gen/hal_data.o
                0x0000afac                g_timer1_pwm_extend
 .rodata.g_timer2
                0x0000afcc        0xc ./ra_gen/hal_data.o
                0x0000afcc                g_timer2
 .rodata.g_timer2_cfg
                0x0000afd8       0x20 ./ra_gen/hal_data.o
                0x0000afd8                g_timer2_cfg
 .rodata.g_timer2_extend
                0x0000aff8       0x3c ./ra_gen/hal_data.o
                0x0000aff8                g_timer2_extend
 .rodata.g_timer2_pwm_extend
                0x0000b034       0x20 ./ra_gen/hal_data.o
                0x0000b034                g_timer2_pwm_extend
 .rodata.g_adc0_cfg
                0x0000b054       0x18 ./ra_gen/hal_data.o
                0x0000b054                g_adc0_cfg
 .rodata.g_adc0_cfg_extend
                0x0000b06c      0x104 ./ra_gen/hal_data.o
                0x0000b06c                g_adc0_cfg_extend
 .rodata.g_adc0_isr_cfg
                0x0000b170       0x38 ./ra_gen/hal_data.o
                0x0000b170                g_adc0_isr_cfg
 .rodata.g_adc0_scan_cfg
                0x0000b1a8        0x8 ./ra_gen/hal_data.o
                0x0000b1a8                g_adc0_scan_cfg
 .rodata.g_adc0_scan_cfg_groups
                0x0000b1b0        0x8 ./ra_gen/hal_data.o
                0x0000b1b0                g_adc0_scan_cfg_groups
 .rodata.g_adc0_group_2_cfg
                0x0000b1b8       0x1c ./ra_gen/hal_data.o
                0x0000b1b8                g_adc0_group_2_cfg
 .rodata.g_adc0_group_0_cfg
                0x0000b1d4       0x1c ./ra_gen/hal_data.o
                0x0000b1d4                g_adc0_group_0_cfg
 .rodata.g_adc0_group_2_virtual_channels
                0x0000b1f0        0x8 ./ra_gen/hal_data.o
                0x0000b1f0                g_adc0_group_2_virtual_channels
 .rodata.g_adc0_group_0_virtual_channels
                0x0000b1f8       0x1c ./ra_gen/hal_data.o
                0x0000b1f8                g_adc0_group_0_virtual_channels
 .rodata.g_adc0_virtual_channel_8_cfg
                0x0000b214       0x14 ./ra_gen/hal_data.o
                0x0000b214                g_adc0_virtual_channel_8_cfg
 .rodata.g_adc0_virtual_channel_7_cfg
                0x0000b228       0x14 ./ra_gen/hal_data.o
                0x0000b228                g_adc0_virtual_channel_7_cfg
 .rodata.g_adc0_virtual_channel_6_cfg
                0x0000b23c       0x14 ./ra_gen/hal_data.o
                0x0000b23c                g_adc0_virtual_channel_6_cfg
 .rodata.g_adc0_virtual_channel_5_cfg
                0x0000b250       0x14 ./ra_gen/hal_data.o
                0x0000b250                g_adc0_virtual_channel_5_cfg
 .rodata.g_adc0_virtual_channel_4_cfg
                0x0000b264       0x14 ./ra_gen/hal_data.o
                0x0000b264                g_adc0_virtual_channel_4_cfg
 .rodata.g_adc0_virtual_channel_3_cfg
                0x0000b278       0x14 ./ra_gen/hal_data.o
                0x0000b278                g_adc0_virtual_channel_3_cfg
 .rodata.g_adc0_virtual_channel_2_cfg
                0x0000b28c       0x14 ./ra_gen/hal_data.o
                0x0000b28c                g_adc0_virtual_channel_2_cfg
 .rodata.g_adc0_virtual_channel_1_cfg
                0x0000b2a0       0x14 ./ra_gen/hal_data.o
                0x0000b2a0                g_adc0_virtual_channel_1_cfg
 .rodata.g_adc0_virtual_channel_0_cfg
                0x0000b2b4       0x14 ./ra_gen/hal_data.o
                0x0000b2b4                g_adc0_virtual_channel_0_cfg
 .rodata.g_timer4_cfg
                0x0000b2c8       0x20 ./ra_gen/hal_data.o
                0x0000b2c8                g_timer4_cfg
 .rodata.g_timer4_extend
                0x0000b2e8       0x3c ./ra_gen/hal_data.o
                0x0000b2e8                g_timer4_extend
 .rodata.g_uart3_cfg
                0x0000b324       0x20 ./ra_gen/hal_data.o
                0x0000b324                g_uart3_cfg
 .rodata.g_uart3_cfg_extend
                0x0000b344       0x14 ./ra_gen/hal_data.o
                0x0000b344                g_uart3_cfg_extend
 .rodata.g_spi1_cfg
                0x0000b358       0x24 ./ra_gen/hal_data.o
                0x0000b358                g_spi1_cfg
 .rodata.g_spi1_ext_cfg
                0x0000b37c        0xd ./ra_gen/hal_data.o
                0x0000b37c                g_spi1_ext_cfg
 *fill*         0x0000b389        0x3 ff
 .rodata.g_transfer1
                0x0000b38c        0xc ./ra_gen/hal_data.o
                0x0000b38c                g_transfer1
 .rodata.g_transfer1_cfg
                0x0000b398        0x8 ./ra_gen/hal_data.o
                0x0000b398                g_transfer1_cfg
 .rodata.g_transfer1_cfg_extend
                0x0000b3a0        0x1 ./ra_gen/hal_data.o
                0x0000b3a0                g_transfer1_cfg_extend
 *fill*         0x0000b3a1        0x3 ff
 .rodata.g_transfer0
                0x0000b3a4        0xc ./ra_gen/hal_data.o
                0x0000b3a4                g_transfer0
 .rodata.g_transfer0_cfg
                0x0000b3b0        0x8 ./ra_gen/hal_data.o
                0x0000b3b0                g_transfer0_cfg
 .rodata.g_transfer0_cfg_extend
                0x0000b3b8        0x1 ./ra_gen/hal_data.o
                0x0000b3b8                g_transfer0_cfg_extend
 *fill*         0x0000b3b9        0x3 ff
 .rodata.g_bsp_pin_cfg
                0x0000b3bc        0xc ./ra_gen/pin_data.o
                0x0000b3bc                g_bsp_pin_cfg
 .rodata.g_bsp_pin_cfg_data
                0x0000b3c8      0x190 ./ra_gen/pin_data.o
                0x0000b3c8                g_bsp_pin_cfg_data
 .rodata.g_interrupt_event_link_select
                0x0000b558       0x1a ./ra_gen/vector_data.o
                0x0000b558                g_interrupt_event_link_select
 *fill*         0x0000b572        0x2 ff
 .rodata.g_timer_on_gpt
                0x0000b574       0x34 ./ra/fsp/src/r_gpt/r_gpt.o
                0x0000b574                g_timer_on_gpt
 .rodata.g_transfer_on_dtc
                0x0000b5a8       0x2c ./ra/fsp/src/r_dtc/r_dtc.o
                0x0000b5a8                g_transfer_on_dtc
 .rodata.g_prcr_masks
                0x0000b5d4        0x8 ./ra/fsp/src/bsp/mcu/all/bsp_register_protection.o
 .rodata._strtod_l.str1.1
                0x0000b5dc      0x12c C:/Renesas/RA/e2studio_v2025-04_fsp_v5.9.0/toolchains/gcc_arm/13.2.rel1/bin/../lib/gcc/arm-none-eabi/13.2.1/thumb/v8-m.main+fp/hard\libg_nano.a(libc_a-strtod.o)
                                  0xf (size before relaxing)
 .rodata.fpinan.0
                0x0000b708       0x14 C:/Renesas/RA/e2studio_v2025-04_fsp_v5.9.0/toolchains/gcc_arm/13.2.rel1/bin/../lib/gcc/arm-none-eabi/13.2.1/thumb/v8-m.main+fp/hard\libg_nano.a(libc_a-strtod.o)
 .rodata.fpi.1  0x0000b71c       0x14 C:/Renesas/RA/e2studio_v2025-04_fsp_v5.9.0/toolchains/gcc_arm/13.2.rel1/bin/../lib/gcc/arm-none-eabi/13.2.1/thumb/v8-m.main+fp/hard\libg_nano.a(libc_a-strtod.o)
 .rodata.tinytens
                0x0000b730       0x28 C:/Renesas/RA/e2studio_v2025-04_fsp_v5.9.0/toolchains/gcc_arm/13.2.rel1/bin/../lib/gcc/arm-none-eabi/13.2.1/thumb/v8-m.main+fp/hard\libg_nano.a(libc_a-strtod.o)
 .rodata._ctype_
                0x0000b758      0x101 C:/Renesas/RA/e2studio_v2025-04_fsp_v5.9.0/toolchains/gcc_arm/13.2.rel1/bin/../lib/gcc/arm-none-eabi/13.2.1/thumb/v8-m.main+fp/hard\libg_nano.a(libc_a-ctype_.o)
                0x0000b758                _ctype_
 .rodata._setlocale_r.str1.1
                0x0000b859        0x9 C:/Renesas/RA/e2studio_v2025-04_fsp_v5.9.0/toolchains/gcc_arm/13.2.rel1/bin/../lib/gcc/arm-none-eabi/13.2.1/thumb/v8-m.main+fp/hard\libg_nano.a(libc_a-locale.o)
 .rodata.str1.1
                0x0000b859        0x2 C:/Renesas/RA/e2studio_v2025-04_fsp_v5.9.0/toolchains/gcc_arm/13.2.rel1/bin/../lib/gcc/arm-none-eabi/13.2.1/thumb/v8-m.main+fp/hard\libg_nano.a(libc_a-locale.o)
 .rodata.__gethex.str1.1
                0x0000b859       0x74 C:/Renesas/RA/e2studio_v2025-04_fsp_v5.9.0/toolchains/gcc_arm/13.2.rel1/bin/../lib/gcc/arm-none-eabi/13.2.1/thumb/v8-m.main+fp/hard\libg_nano.a(libc_a-gdtoa-gethex.o)
 .rodata._Balloc.str1.1
                0x0000b859       0x71 C:/Renesas/RA/e2studio_v2025-04_fsp_v5.9.0/toolchains/gcc_arm/13.2.rel1/bin/../lib/gcc/arm-none-eabi/13.2.1/thumb/v8-m.main+fp/hard\libg_nano.a(libc_a-mprec.o)
 .rodata.__multadd.str1.1
                0x0000b859       0x11 C:/Renesas/RA/e2studio_v2025-04_fsp_v5.9.0/toolchains/gcc_arm/13.2.rel1/bin/../lib/gcc/arm-none-eabi/13.2.1/thumb/v8-m.main+fp/hard\libg_nano.a(libc_a-mprec.o)
 *fill*         0x0000b859        0x3 ff
 .rodata.p05.0  0x0000b85c        0xc C:/Renesas/RA/e2studio_v2025-04_fsp_v5.9.0/toolchains/gcc_arm/13.2.rel1/bin/../lib/gcc/arm-none-eabi/13.2.1/thumb/v8-m.main+fp/hard\libg_nano.a(libc_a-mprec.o)
 .rodata.__mprec_bigtens
                0x0000b868       0x28 C:/Renesas/RA/e2studio_v2025-04_fsp_v5.9.0/toolchains/gcc_arm/13.2.rel1/bin/../lib/gcc/arm-none-eabi/13.2.1/thumb/v8-m.main+fp/hard\libg_nano.a(libc_a-mprec.o)
                0x0000b868                __mprec_bigtens
 .rodata.__mprec_tens
                0x0000b890       0xc8 C:/Renesas/RA/e2studio_v2025-04_fsp_v5.9.0/toolchains/gcc_arm/13.2.rel1/bin/../lib/gcc/arm-none-eabi/13.2.1/thumb/v8-m.main+fp/hard\libg_nano.a(libc_a-mprec.o)
                0x0000b890                __mprec_tens
 .rodata._svfprintf_r.str1.1
                0x0000b958       0x11 C:/Renesas/RA/e2studio_v2025-04_fsp_v5.9.0/toolchains/gcc_arm/13.2.rel1/bin/../lib/gcc/arm-none-eabi/13.2.1/thumb/v8-m.main+fp/hard\libg_nano.a(libc_a-nano-svfprintf.o)
 .rodata._printf_i.str1.1
                0x0000b958       0x22 C:/Renesas/RA/e2studio_v2025-04_fsp_v5.9.0/toolchains/gcc_arm/13.2.rel1/bin/../lib/gcc/arm-none-eabi/13.2.1/thumb/v8-m.main+fp/hard\libg_nano.a(libc_a-nano-vfprintf_i.o)
 .rodata.logf.str1.4
                0x0000b958        0x1 C:/Renesas/RA/e2studio_v2025-04_fsp_v5.9.0/toolchains/gcc_arm/13.2.rel1/bin/../lib/gcc/arm-none-eabi/13.2.1/thumb/v8-m.main+fp/hard\libm.a(libm_a-wf_log.o)
 .rodata.Zero   0x0000b958        0x8 C:/Renesas/RA/e2studio_v2025-04_fsp_v5.9.0/toolchains/gcc_arm/13.2.rel1/bin/../lib/gcc/arm-none-eabi/13.2.1/thumb/v8-m.main+fp/hard\libm.a(libm_a-ef_fmod.o)
 .rodata.npio2_hw
                0x0000b960       0x80 C:/Renesas/RA/e2studio_v2025-04_fsp_v5.9.0/toolchains/gcc_arm/13.2.rel1/bin/../lib/gcc/arm-none-eabi/13.2.1/thumb/v8-m.main+fp/hard\libm.a(libm_a-ef_rem_pio2.o)
 .rodata.two_over_pi
                0x0000b9e0      0x318 C:/Renesas/RA/e2studio_v2025-04_fsp_v5.9.0/toolchains/gcc_arm/13.2.rel1/bin/../lib/gcc/arm-none-eabi/13.2.1/thumb/v8-m.main+fp/hard\libm.a(libm_a-ef_rem_pio2.o)
 .rodata.PIo2   0x0000bcf8       0x2c C:/Renesas/RA/e2studio_v2025-04_fsp_v5.9.0/toolchains/gcc_arm/13.2.rel1/bin/../lib/gcc/arm-none-eabi/13.2.1/thumb/v8-m.main+fp/hard\libm.a(libm_a-kf_rem_pio2.o)
 .rodata.init_jk
                0x0000bd24        0xc C:/Renesas/RA/e2studio_v2025-04_fsp_v5.9.0/toolchains/gcc_arm/13.2.rel1/bin/../lib/gcc/arm-none-eabi/13.2.1/thumb/v8-m.main+fp/hard\libm.a(libm_a-kf_rem_pio2.o)
                0x0000bd30                        __usb_dev_descriptor_start_fs = .
 *(.usb_device_desc_fs*)
                0x0000bd30                        __usb_cfg_descriptor_start_fs = .
 *(.usb_config_desc_fs*)
                0x0000bd30                        __usb_interface_descriptor_start_fs = .
 *(.usb_interface_desc_fs*)
                0x0000bd30                        __usb_descriptor_end_fs = .
                0x0000bd30                        __usb_dev_descriptor_start_hs = .
 *(.usb_device_desc_hs*)
                0x0000bd30                        __usb_cfg_descriptor_start_hs = .
 *(.usb_config_desc_hs*)
                0x0000bd30                        __usb_interface_descriptor_start_hs = .
 *(.usb_interface_desc_hs*)
                0x0000bd30                        __usb_descriptor_end_hs = .
 *(.eh_frame*)
 .eh_frame      0x0000bd30        0x0 C:/Renesas/RA/e2studio_v2025-04_fsp_v5.9.0/toolchains/gcc_arm/13.2.rel1/bin/../lib/gcc/arm-none-eabi/13.2.1/thumb/v8-m.main+fp/hard/crtbegin.o
 .eh_frame      0x0000bd30       0x28 C:/Renesas/RA/e2studio_v2025-04_fsp_v5.9.0/toolchains/gcc_arm/13.2.rel1/bin/../lib/gcc/arm-none-eabi/13.2.1/thumb/v8-m.main+fp/hard\libg_nano.a(libc_a-strlen.o)
 .eh_frame      0x0000bd58        0x4 C:/Renesas/RA/e2studio_v2025-04_fsp_v5.9.0/toolchains/gcc_arm/13.2.rel1/bin/../lib/gcc/arm-none-eabi/13.2.1/thumb/v8-m.main+fp/hard/crtend.o
                0x0000bd5c                        __ROM_End = .
                0x00000074                        __Vectors_Size = (__Vectors_End - __Vectors)

.glue_7         0x0000bd5c        0x0
 .glue_7        0x0000bd5c        0x0 linker stubs

.glue_7t        0x0000bd5c        0x0
 .glue_7t       0x0000bd5c        0x0 linker stubs

.vfp11_veneer   0x0000bd5c        0x0
 .vfp11_veneer  0x0000bd5c        0x0 linker stubs

.v4_bx          0x0000bd5c        0x0
 .v4_bx         0x0000bd5c        0x0 linker stubs

.iplt           0x0000bd5c        0x0
 .iplt          0x0000bd5c        0x0 C:/Renesas/RA/e2studio_v2025-04_fsp_v5.9.0/toolchains/gcc_arm/13.2.rel1/bin/../lib/gcc/arm-none-eabi/13.2.1/thumb/v8-m.main+fp/hard/crtbegin.o
                0x0000bd5c                        . = .
                0x0000bd5c                        __itcm_data_pre_location = .

.itcm_data      0x00000000        0x0 load address 0x0000bd60
                0x00000000                        __tz_ITCM_S = ABSOLUTE (ITCM_START)
                0x00000000                        __itcm_data_start = .
 *(.itcm_data*)
                0x00000000                        . = ALIGN (0x8)
                0x00000000                        __itcm_data_end = .
                0x00000000                        __tz_ITCM_N = DEFINED (ITCM_NS_START)?ABSOLUTE (ITCM_NS_START):ALIGN (__itcm_data_end, 0x2000)
                0x0000bd60                        __itcm_data_init_start = LOADADDR (.itcm_data)
                0x0000bd60                        __itcm_data_init_end = (LOADADDR (.itcm_data) + SIZEOF (.itcm_data))
                0x00000001                        ASSERT (((ORIGIN (ITCM) % 0x8) == 0x0), ITCM memory region origin must be aligned to 8 bytes.)
                0x00000001                        ASSERT (((LENGTH (ITCM) % 0x8) == 0x0), ITCM memory region length must be a multiple of 8 bytes.)
                0x00000001                        ASSERT (((LOADADDR (.itcm_data) % 0x10) == 0x0), .itcm_data section must be aligned to 16 bytes.)
                0x00000001                        ASSERT (((SIZEOF (.itcm_data) % 0x8) == 0x0), .itcm_data section size must be a multiple of 8 bytes.)
                0x0000bd5c                        . = (SIZEOF (.itcm_data) > 0x0)?__itcm_data_init_end:__itcm_data_pre_location
                0x0000bd5c                        __exidx_start = .

/DISCARD/
 *(.ARM.extab* .gnu.linkonce.armextab.*)
 *(.ARM.exidx* .gnu.linkonce.armexidx.*)
                0x0000bd5c                        __exidx_end = .
                0x0000bd5c                        __etext = .
                0x20000000                        __tz_RAM_S = ORIGIN (RAM)

.fsp_dtc_vector_table
                0x20000000       0x34
                0x20000000                        . = ORIGIN (RAM)
 *(.fsp_dtc_vector_table)
 .fsp_dtc_vector_table
                0x20000000       0x34 ./ra/fsp/src/r_dtc/r_dtc.o

.data           0x20000038      0x290 load address 0x0000bd5c
                0x20000038                        __data_start__ = .
                0x20000038                        . = ALIGN (0x4)
                0x20000038                        __Code_In_RAM_Start = .
 *(.code_in_ram*)
                0x20000038                        __Code_In_RAM_End = .
 *(vtable)
 *(.data.*)
 .data.pmsm     0x20000038       0x38 ./src/ConfigParameters.o
                0x20000038                pmsm
 .data.inverter
                0x20000070        0xc ./src/ConfigParameters.o
                0x20000070                inverter
 *fill*         0x2000007c        0x4 
 .data.Ts_speed
                0x20000080        0x8 ./src/ConfigParameters.o
                0x20000080                Ts_speed
 .data.Ts       0x20000088        0x8 ./src/ConfigParameters.o
                0x20000088                Ts
 .data.PI_params
                0x20000090       0x24 ./src/ConfigParameters.o
                0x20000090                PI_params
 .data.list_send_idx
                0x200000b4        0x2 ./src/hal_entry.o
 .data.pack_mode
                0x200000b6        0x1 ./src/hal_entry.o
 .data.imu_spi_event
                0x200000b7        0x1 ./src/hal_entry.o
                0x200000b7                imu_spi_event
 .data.imu_spi_open_err
                0x200000b8        0x1 ./src/hal_entry.o
                0x200000b8                imu_spi_open_err
 .data.log_burst_max
                0x200000b9        0x1 ./src/hal_entry.o
                0x200000b9                log_burst_max
 .data.ble_log_interval
                0x200000ba        0x2 ./src/hal_entry.o
 .data.tx_spacing_ms
                0x200000bc        0x1 ./src/hal_entry.o
                0x200000bc                tx_spacing_ms
 .data.dbg_pe05_level
                0x200000bd        0x1 ./src/hal_entry.o
                0x200000bd                dbg_pe05_level
 .data.sw_in2_last
                0x200000be        0x1 ./src/hal_entry.o
 .data.sw_in1_last
                0x200000bf        0x1 ./src/hal_entry.o
 .data.output_derating
                0x200000c0        0x4 ./src/hal_entry.o
                0x200000c0                output_derating
 .data.temp_regen
                0x200000c4        0x4 ./src/hal_entry.o
                0x200000c4                temp_regen
 .data.temp_inverter
                0x200000c8        0x4 ./src/hal_entry.o
                0x200000c8                temp_inverter
 .data.log_running
                0x200000cc        0x1 ./src/hal_entry.o
                0x200000cc                log_running
 .data.vdc_compensation_en
                0x200000cd        0x1 ./src/hal_entry.o
                0x200000cd                vdc_compensation_en
 *fill*         0x200000ce        0x2 
 .data.torque_ref_iq_max
                0x200000d0        0x4 ./src/hal_entry.o
                0x200000d0                torque_ref_iq_max
 .data.speed_filter_alpha
                0x200000d4        0x4 ./src/hal_entry.o
                0x200000d4                speed_filter_alpha
 .data.Mode     0x200000d8        0x4 ./src/hal_entry.o
                0x200000d8                Mode
 .data.Iab_offset
                0x200000dc        0x4 ./src/hal_entry.o
                0x200000dc                Iab_offset
 .data.g_uart3_baud_setting
                0x200000e0        0x4 ./ra_gen/hal_data.o
                0x200000e0                g_uart3_baud_setting
 .data.g_transfer1_info
                0x200000e4       0x10 ./ra_gen/hal_data.o
                0x200000e4                g_transfer1_info
 .data.g_transfer0_info
                0x200000f4       0x10 ./ra_gen/hal_data.o
                0x200000f4                g_transfer0_info
 .data.__global_locale
                0x20000104      0x16c C:/Renesas/RA/e2studio_v2025-04_fsp_v5.9.0/toolchains/gcc_arm/13.2.rel1/bin/../lib/gcc/arm-none-eabi/13.2.1/thumb/v8-m.main+fp/hard\libg_nano.a(libc_a-locale.o)
                0x20000104                __global_locale
 .data._impure_ptr
                0x20000270        0x4 C:/Renesas/RA/e2studio_v2025-04_fsp_v5.9.0/toolchains/gcc_arm/13.2.rel1/bin/../lib/gcc/arm-none-eabi/13.2.1/thumb/v8-m.main+fp/hard\libg_nano.a(libc_a-impure.o)
                0x20000270                _impure_ptr
 .data._impure_data
                0x20000274       0x4c C:/Renesas/RA/e2studio_v2025-04_fsp_v5.9.0/toolchains/gcc_arm/13.2.rel1/bin/../lib/gcc/arm-none-eabi/13.2.1/thumb/v8-m.main+fp/hard\libg_nano.a(libc_a-impure.o)
                0x20000274                _impure_data
 *(.data)
                0x200002c0                        . = ALIGN (0x4)
                0x200002c0                        PROVIDE (__preinit_array_start = .)
 *(.preinit_array)
                0x200002c0                        PROVIDE (__preinit_array_end = .)
                0x200002c0                        . = ALIGN (0x4)
                0x200002c0                        PROVIDE (__init_array_start = .)
 *(SORT_BY_NAME(.init_array.*))
 *(.init_array)
 .init_array    0x200002c0        0x4 C:/Renesas/RA/e2studio_v2025-04_fsp_v5.9.0/toolchains/gcc_arm/13.2.rel1/bin/../lib/gcc/arm-none-eabi/13.2.1/thumb/v8-m.main+fp/hard/crtbegin.o
                0x200002c4                        PROVIDE (__init_array_end = .)
                0x200002c4                        . = ALIGN (0x4)
                [!provide]                        PROVIDE (__fini_array_start = .)
 *(SORT_BY_NAME(.fini_array.*))
 *(.fini_array)
 .fini_array    0x200002c4        0x4 C:/Renesas/RA/e2studio_v2025-04_fsp_v5.9.0/toolchains/gcc_arm/13.2.rel1/bin/../lib/gcc/arm-none-eabi/13.2.1/thumb/v8-m.main+fp/hard/crtbegin.o
                [!provide]                        PROVIDE (__fini_array_end = .)
 *(.jcr*)
                0x200002c8                        . = ALIGN (0x4)
                0x200002c8                        __data_end__ = .

.tm_clone_table
                0x200002c8        0x0 load address 0x0000bfec
 .tm_clone_table
                0x200002c8        0x0 C:/Renesas/RA/e2studio_v2025-04_fsp_v5.9.0/toolchains/gcc_arm/13.2.rel1/bin/../lib/gcc/arm-none-eabi/13.2.1/thumb/v8-m.main+fp/hard/crtbegin.o
 .tm_clone_table
                0x200002c8        0x0 C:/Renesas/RA/e2studio_v2025-04_fsp_v5.9.0/toolchains/gcc_arm/13.2.rel1/bin/../lib/gcc/arm-none-eabi/13.2.1/thumb/v8-m.main+fp/hard/crtend.o

.igot.plt       0x200002c8        0x0 load address 0x0000bfec
 .igot.plt      0x200002c8        0x0 C:/Renesas/RA/e2studio_v2025-04_fsp_v5.9.0/toolchains/gcc_arm/13.2.rel1/bin/../lib/gcc/arm-none-eabi/13.2.1/thumb/v8-m.main+fp/hard/crtbegin.o
                0x200002c8                        . = .
                0x0000bfec                        __dtcm_data_pre_location = (LOADADDR (.data) + SIZEOF (.data))

.dtcm_data      0x00000000        0x0 load address 0x0000bff0
                0x00000000                        __tz_DTCM_S = ABSOLUTE (DTCM_START)
                0x00000000                        __dtcm_data_start = .
 *(.dtcm_data*)
                0x00000000                        . = ALIGN (0x8)
                0x00000000                        __dtcm_data_end = .
                0x00000000                        . = __dtcm_data_end

.dtcm_bss       0x00000000        0x0
                0x00000000                        __dtcm_bss_start = .
 *(.dtcm_bss*)
                0x00000000                        . = ALIGN (0x8)
                0x00000000                        __dtcm_bss_end = .
                0x00000000                        __tz_DTCM_N = DEFINED (DTCM_NS_START)?ABSOLUTE (DTCM_NS_START):ALIGN (__dtcm_bss_end, 0x2000)
                0x0000bff0                        __dtcm_data_init_start = LOADADDR (.dtcm_data)
                0x0000bff0                        __dtcm_data_init_end = (LOADADDR (.dtcm_data) + SIZEOF (.dtcm_data))
                0x00000001                        ASSERT (((ORIGIN (DTCM) % 0x8) == 0x0), DTCM memory region origin must be aligned to 8 bytes.)
                0x00000001                        ASSERT (((LENGTH (DTCM) % 0x8) == 0x0), DTCM memory region length must be a multiple of 8 bytes.)
                0x00000001                        ASSERT ((LOADADDR (.dtcm_bss) == ADDR (.dtcm_bss)), .dtcm_bss has (VMA != LMA) but should be NOLOAD (VMA == LMA).)
                0x00000001                        ASSERT (((LOADADDR (.dtcm_data) % 0x10) == 0x0), .dtcm_data section must be aligned to 16 bytes.)
                0x00000001                        ASSERT (((SIZEOF (.dtcm_data) % 0x8) == 0x0), .dtcm_data section size must be a multiple of 8 bytes.)
                0x00000001                        ASSERT (((LOADADDR (.dtcm_bss) % 0x8) == 0x0), .dtcm_bss section must be aligned to 8 bytes.)
                0x00000001                        ASSERT (((SIZEOF (.dtcm_bss) % 0x8) == 0x0), .dtcm_bss section size must be a multiple of 8 bytes.)
                0x00000001                        ASSERT ((__dtcm_bss_start == __dtcm_data_end), .dtcm_bss section is not adjacent to .dtcm_data section.)
                0x0000bfec                        . = (SIZEOF (.dtcm_data) > 0x0)?__dtcm_data_init_end:__dtcm_data_pre_location
                0x0000bfec                        sgstubs_pre_location = .
                0x0000c000                        SGSTUBS_LOC = (DEFINED (PROJECT_SECURE) && DEFINED (FLASH_NSC_START))?ABSOLUTE (FLASH_NSC_START):ALIGN (0x400)

.gnu.sgstubs    0x0000c000        0x0
                0x0000c000                        __tz_FLASH_C = DEFINED (FLASH_NSC_START)?ABSOLUTE (FLASH_NSC_START):__RESERVE_NS_RAM?ABSOLUTE ((FLASH_START + FLASH_LENGTH)):ALIGN (0x400)
                0x0000c000                        _start_sg = .
 *(.gnu.sgstubs*)
                0x0000c000                        . = ALIGN (0x20)
                0x0000c000                        _end_sg = .
                0x00010000                        __tz_FLASH_N = DEFINED (FLASH_NS_START)?ABSOLUTE (FLASH_NS_START):__RESERVE_NS_RAM?ABSOLUTE ((FLASH_START + FLASH_LENGTH)):(FLASH_LENGTH < 0x8000)?FLASH_LENGTH:ALIGN (0x8000)
                0x00010000                        FLASH_NS_IMAGE_START = DEFINED (FLASH_NS_IMAGE_START)?FLASH_NS_IMAGE_START:__tz_FLASH_N
                0x60000000                        __tz_QSPI_FLASH_S = ORIGIN (QSPI_FLASH)

.qspi_flash     0x60000000        0x0
                0x60000000                        __qspi_flash_start__ = .
 *(.qspi_flash*)
 *(.code_in_qspi*)
                0x60000000                        __qspi_flash_end__ = .
                0x00000000                        __qspi_flash_code_size__ = (__qspi_flash_end__ - __qspi_flash_start__)
                0x0000bfec                        __qspi_flash_code_addr__ = sgstubs_pre_location

.qspi_non_retentive
                0x60000000        0x0 load address 0x0000bfec
                0x60000000                        __qspi_non_retentive_start__ = .
 *(.qspi_non_retentive*)
                0x60000000                        __qspi_non_retentive_end__ = .
                0x00000000                        __qspi_non_retentive_size__ = (__qspi_non_retentive_end__ - __qspi_non_retentive_start__)
                0x04000000                        __qspi_region_max_size__ = 0x4000000
                0x60000000                        __qspi_region_start_address__ = __qspi_flash_start__
                0x64000000                        __qspi_region_end_address__ = (__qspi_flash_start__ + __qspi_region_max_size__)
                0x60000000                        __tz_QSPI_FLASH_N = __qspi_non_retentive_end__

.OSPI_DEVICE_0_NO_LOAD
                0x80020000        0x0
                0x80020000                        . = ALIGN (0x4)
                0x80020000                        __ospi_device_0_start__ = .
 *(.ospi_device_0_no_load*)
                0x80020000                        . = ALIGN (0x4)
                0x80020000                        __ospi_device_0_end__ = .

.OSPI_DEVICE_1_NO_LOAD
                0x80030000        0x0
                0x80030000                        . = ALIGN (0x4)
                0x80030000                        __ospi_device_1_start__ = .
 *(.ospi_device_1_no_load*)
                0x80030000                        . = ALIGN (0x4)
                0x80030000                        __ospi_device_1_end__ = .
                0x80020000                        __tz_OSPI_DEVICE_0_S = ORIGIN (OSPI_DEVICE_0)

.OSPI_DEVICE_0  0x80020000        0x0
                0x80020000                        __ospi_device_0_start__ = .
 *(.ospi_device_0*)
 *(.code_in_ospi_device_0*)
                0x80020000                        __ospi_device_0_end__ = .
                0x00000000                        __ospi_device_0_code_size__ = (__ospi_device_0_end__ - __ospi_device_0_start__)
                0x0000bfec                        __ospi_device_0_code_addr__ = (sgstubs_pre_location + SIZEOF (.qspi_non_retentive))

.ospi_device_0_non_retentive
                0x80020000        0x0 load address 0x0000bfec
                0x80020000                        __ospi_device_0_non_retentive_start__ = .
 *(.ospi_device_0_non_retentive*)
                0x80020000                        __ospi_device_0_non_retentive_end__ = .
                0x00000000                        __ospi_device_0_non_retentive_size__ = (__ospi_device_0_non_retentive_end__ - __ospi_device_0_non_retentive_start__)
                0x08000000                        __ospi_device_0_region_max_size__ = 0x8000000
                0x80020000                        __ospi_device_0_region_start_address__ = __ospi_device_0_start__
                0x88020000                        __ospi_device_0_region_end_address__ = (__ospi_device_0_start__ + __ospi_device_0_region_max_size__)
                0x80020000                        __tz_OSPI_DEVICE_0_N = __ospi_device_0_non_retentive_end__
                0x80030000                        __tz_OSPI_DEVICE_1_S = ORIGIN (OSPI_DEVICE_1)

.OSPI_DEVICE_1  0x80030000        0x0
                0x80030000                        __ospi_device_1_start__ = .
 *(.ospi_device_1*)
 *(.code_in_ospi_device_1*)
                0x80030000                        __ospi_device_1_end__ = .
                0x00000000                        __ospi_device_1_code_size__ = (__ospi_device_1_end__ - __ospi_device_1_start__)
                0x0000bfec                        __ospi_device_1_code_addr__ = (sgstubs_pre_location + (SIZEOF (.qspi_non_retentive) + SIZEOF (.ospi_device_0_non_retentive)))

.ospi_device_1_non_retentive
                0x80030000        0x0 load address 0x0000bfec
                0x80030000                        __ospi_device_1_non_retentive_start__ = .
 *(.ospi_device_1_non_retentive*)
                0x80030000                        __ospi_device_1_non_retentive_end__ = .
                0x00000000                        __ospi_device_1_non_retentive_size__ = (__ospi_device_1_non_retentive_end__ - __ospi_device_1_non_retentive_start__)
                0x10000000                        __ospi_device_1_region_max_size__ = 0x10000000
                0x80030000                        __ospi_device_1_region_start_address__ = __ospi_device_1_start__
                0x90030000                        __ospi_device_1_region_end_address__ = (__ospi_device_1_start__ + __ospi_device_1_region_max_size__)
                0x80030000                        __tz_OSPI_DEVICE_1_N = __ospi_device_1_non_retentive_end__

.noinit         0x200002c8       0x20
                0x200002c8                        . = ALIGN (0x4)
                0x200002c8                        __noinit_start = .
 *(.noinit*)
 .noinit        0x200002c8       0x1c ./ra/fsp/src/bsp/mcu/all/bsp_clocks.o
                0x200002e8                        . = ALIGN (0x8)
 *fill*         0x200002e4        0x4 
 *(.heap.*)
                0x200002e8                        __noinit_end = .

.bss            0x200002e8     0x3900
                0x200002e8                        . = ALIGN (0x4)
                0x200002e8                        __bss_start__ = .
 *(.bss*)
 .bss.completed.1
                0x200002e8        0x1 C:/Renesas/RA/e2studio_v2025-04_fsp_v5.9.0/toolchains/gcc_arm/13.2.rel1/bin/../lib/gcc/arm-none-eabi/13.2.1/thumb/v8-m.main+fp/hard/crtbegin.o
 *fill*         0x200002e9        0x3 
 .bss.object.0  0x200002ec       0x18 C:/Renesas/RA/e2studio_v2025-04_fsp_v5.9.0/toolchains/gcc_arm/13.2.rel1/bin/../lib/gcc/arm-none-eabi/13.2.1/thumb/v8-m.main+fp/hard/crtbegin.o
 .bss.FOCCurrentControl_M_
                0x20000304        0x8 ./src/FOCCurrentControl.o
 .bss.FOCCurrentControl_PrevZCX
                0x2000030c       0x10 ./src/FOCCurrentControl.o
                0x2000030c                FOCCurrentControl_PrevZCX
 .bss.FOCCurrentControl_DW
                0x2000031c       0x78 ./src/FOCCurrentControl.o
                0x2000031c                FOCCurrentControl_DW
 .bss.FOCCurrentControl_B
                0x20000394       0x30 ./src/FOCCurrentControl.o
                0x20000394                FOCCurrentControl_B
 .bss.FOCSpeedControl_DW
                0x200003c4       0x14 ./src/FOCSpeedControl.o
                0x200003c4                FOCSpeedControl_DW
 .bss.resp.0    0x200003d8      0x100 ./src/hal_entry.o
 .bss.auto_send_counter.1
                0x200004d8        0x2 ./src/hal_entry.o
 .bss.imu_div.2
                0x200004da        0x2 ./src/hal_entry.o
 .bss.ADC_data  0x200004dc       0x24 ./src/hal_entry.o
                0x200004dc                ADC_data
 .bss.g_motor_angle0_cfg_override
                0x20000500        0x8 ./src/hal_entry.o
 .bss.g_motor_angle0_extend_override
                0x20000508       0x30 ./src/hal_entry.o
 .bss.pack_idx  0x20000538        0x1 ./src/hal_entry.o
 *fill*         0x20000539        0x3 
 .bss.pack_rpm  0x2000053c        0xa ./src/hal_entry.o
 *fill*         0x20000546        0x2 
 .bss.spi1_rx_buf
                0x20000548       0x10 ./src/hal_entry.o
 .bss.spi1_tx_buf
                0x20000558       0x10 ./src/hal_entry.o
 .bss.imu_read_request
                0x20000568        0x1 ./src/hal_entry.o
 *fill*         0x20000569        0x3 
 .bss.imu_gyro_dps
                0x2000056c        0xc ./src/hal_entry.o
                0x2000056c                imu_gyro_dps
 .bss.imu_accel_g
                0x20000578        0xc ./src/hal_entry.o
                0x20000578                imu_accel_g
 .bss.imu_gyro_raw
                0x20000584        0x6 ./src/hal_entry.o
                0x20000584                imu_gyro_raw
 *fill*         0x2000058a        0x2 
 .bss.imu_accel_raw
                0x2000058c        0x6 ./src/hal_entry.o
                0x2000058c                imu_accel_raw
 .bss.imu_spi_timeout_cnt
                0x20000592        0x1 ./src/hal_entry.o
                0x20000592                imu_spi_timeout_cnt
 .bss.imu_spi_wr_err
                0x20000593        0x1 ./src/hal_entry.o
                0x20000593                imu_spi_wr_err
 .bss.imu_spi_timeout
                0x20000594        0x1 ./src/hal_entry.o
                0x20000594                imu_spi_timeout
 .bss.imu_rx_byte1
                0x20000595        0x1 ./src/hal_entry.o
                0x20000595                imu_rx_byte1
 .bss.imu_rx_byte0
                0x20000596        0x1 ./src/hal_entry.o
                0x20000596                imu_rx_byte0
 .bss.imu_spi_cb_count
                0x20000597        0x1 ./src/hal_entry.o
                0x20000597                imu_spi_cb_count
 .bss.imu_init_stage
                0x20000598        0x1 ./src/hal_entry.o
                0x20000598                imu_init_stage
 .bss.imu_int_status
                0x20000599        0x1 ./src/hal_entry.o
                0x20000599                imu_int_status
 .bss.imu_accel_cfg
                0x2000059a        0x1 ./src/hal_entry.o
                0x2000059a                imu_accel_cfg
 .bss.imu_pwr_mgmt0
                0x2000059b        0x1 ./src/hal_entry.o
                0x2000059b                imu_pwr_mgmt0
 .bss.imu_init_ok
                0x2000059c        0x1 ./src/hal_entry.o
                0x2000059c                imu_init_ok
 .bss.imu_who_am_i
                0x2000059d        0x1 ./src/hal_entry.o
                0x2000059d                imu_who_am_i
 .bss.spi1_tx_done
                0x2000059e        0x1 ./src/hal_entry.o
 *fill*         0x2000059f        0x1 
 .bss.dbg_log_bursts
                0x200005a0        0x2 ./src/hal_entry.o
                0x200005a0                dbg_log_bursts
 .bss.dbg_log_lines_total
                0x200005a2        0x2 ./src/hal_entry.o
                0x200005a2                dbg_log_lines_total
 .bss.log_burst_sent
                0x200005a4        0x1 ./src/hal_entry.o
 *fill*         0x200005a5        0x1 
 .bss.ble_log_counter
                0x200005a6        0x2 ./src/hal_entry.o
 .bss.ble_log_streaming
                0x200005a8        0x1 ./src/hal_entry.o
 .bss.tx_spacing_timer
                0x200005a9        0x1 ./src/hal_entry.o
 .bss.dbg_cmd_timeout_count
                0x200005aa        0x2 ./src/hal_entry.o
                0x200005aa                dbg_cmd_timeout_count
 .bss.dbg_cmd_get_count
                0x200005ac        0x2 ./src/hal_entry.o
                0x200005ac                dbg_cmd_get_count
 .bss.dbg_cmd_rx_count
                0x200005ae        0x2 ./src/hal_entry.o
                0x200005ae                dbg_cmd_rx_count
 .bss.dbg_auto_send
                0x200005b0        0x1 ./src/hal_entry.o
                0x200005b0                dbg_auto_send
 *fill*         0x200005b1        0x3 
 .bss.dbg_baud_cyccnt
                0x200005b4        0x4 ./src/hal_entry.o
                0x200005b4                dbg_baud_cyccnt
 .bss.dbg_baud_cycles
                0x200005b8        0x4 ./src/hal_entry.o