Archive member included to satisfy reference by file (symbol)

C:/Renesas/RA/e2studio_v2025-04_fsp_v5.9.0/toolchains/gcc_arm/13.2.rel1/bin/../lib/gcc/arm-none-eabi/13.2.1/thumb/v8-m.main+fp/hard\libgcc.a(_arm_cmpdf2.o)
                              ./src/rt_nonfinite.o (__aeabi_dcmpeq)
C:/Renesas/RA/e2studio_v2025-04_fsp_v5.9.0/toolchains/gcc_arm/13.2.rel1/bin/../lib/gcc/arm-none-eabi/13.2.1/thumb/v8-m.main+fp/hard\libgcc.a(_arm_truncdfsf2.o)
                              ./src/ConfigParams.o (__aeabi_d2f)
C:/Renesas/RA/e2studio_v2025-04_fsp_v5.9.0/toolchains/gcc_arm/13.2.rel1/bin/../lib/gcc/arm-none-eabi/13.2.1/thumb/v8-m.main+fp/hard\libgcc.a(_aeabi_ldivmod.o)
                              ./ra/fsp/src/r_sci_b_uart/r_sci_b_uart.o (__aeabi_ldivmod)
C:/Renesas/RA/e2studio_v2025-04_fsp_v5.9.0/toolchains/gcc_arm/13.2.rel1/bin/../lib/gcc/arm-none-eabi/13.2.1/thumb/v8-m.main+fp/hard\libgcc.a(_udivmoddi4.o)
                              C:/Renesas/RA/e2studio_v2025-04_fsp_v5.9.0/toolchains/gcc_arm/13.2.rel1/bin/../lib/gcc/arm-none-eabi/13.2.1/thumb/v8-m.main+fp/hard\libgcc.a(_aeabi_ldivmod.o) (__udivmoddi4)
C:/Renesas/RA/e2studio_v2025-04_fsp_v5.9.0/toolchains/gcc_arm/13.2.rel1/bin/../lib/gcc/arm-none-eabi/13.2.1/thumb/v8-m.main+fp/hard\libgcc.a(_dvmd_tls.o)
                              C:/Renesas/RA/e2studio_v2025-04_fsp_v5.9.0/toolchains/gcc_arm/13.2.rel1/bin/../lib/gcc/arm-none-eabi/13.2.1/thumb/v8-m.main+fp/hard\libgcc.a(_aeabi_ldivmod.o) (__aeabi_ldiv0)
C:/Renesas/RA/e2studio_v2025-04_fsp_v5.9.0/toolchains/gcc_arm/13.2.rel1/bin/../lib/gcc/arm-none-eabi/13.2.1/thumb/v8-m.main+fp/hard\libg_nano.a(libc_a-atof.o)
                              ./src/hal_entry.o (atof)
C:/Renesas/RA/e2studio_v2025-04_fsp_v5.9.0/toolchains/gcc_arm/13.2.rel1/bin/../lib/gcc/arm-none-eabi/13.2.1/thumb/v8-m.main+fp/hard\libg_nano.a(libc_a-atoi.o)
                              ./src/hal_entry.o (atoi)
C:/Renesas/RA/e2studio_v2025-04_fsp_v5.9.0/toolchains/gcc_arm/13.2.rel1/bin/../lib/gcc/arm-none-eabi/13.2.1/thumb/v8-m.main+fp/hard\libg_nano.a(libc_a-exit.o)
                              C:/Renesas/RA/e2studio_v2025-04_fsp_v5.9.0/toolchains/gcc_arm/13.2.rel1/bin/../lib/gcc/arm-none-eabi/13.2.1/thumb/v8-m.main+fp/hard/crt0.o (exit)
C:/Renesas/RA/e2studio_v2025-04_fsp_v5.9.0/toolchains/gcc_arm/13.2.rel1/bin/../lib/gcc/arm-none-eabi/13.2.1/thumb/v8-m.main+fp/hard\libg_nano.a(libc_a-strtod.o)
                              C:/Renesas/RA/e2studio_v2025-04_fsp_v5.9.0/toolchains/gcc_arm/13.2.rel1/bin/../lib/gcc/arm-none-eabi/13.2.1/thumb/v8-m.main+fp/hard\libg_nano.a(libc_a-atof.o) (strtod)
C:/Renesas/RA/e2studio_v2025-04_fsp_v5.9.0/toolchains/gcc_arm/13.2.rel1/bin/../lib/gcc/arm-none-eabi/13.2.1/thumb/v8-m.main+fp/hard\libg_nano.a(libc_a-strtol.o)
                              C:/Renesas/RA/e2studio_v2025-04_fsp_v5.9.0/toolchains/gcc_arm/13.2.rel1/bin/../lib/gcc/arm-none-eabi/13.2.1/thumb/v8-m.main+fp/hard\libg_nano.a(libc_a-atoi.o) (_strtol_r)
C:/Renesas/RA/e2studio_v2025-04_fsp_v5.9.0/toolchains/gcc_arm/13.2.rel1/bin/../lib/gcc/arm-none-eabi/13.2.1/thumb/v8-m.main+fp/hard\libg_nano.a(libc_a-strtoul.o)
                              ./src/hal_entry.o (strtoul)
C:/Renesas/RA/e2studio_v2025-04_fsp_v5.9.0/toolchains/gcc_arm/13.2.rel1/bin/../lib/gcc/arm-none-eabi/13.2.1/thumb/v8-m.main+fp/hard\libg_nano.a(libc_a-ctype_.o)
                              C:/Renesas/RA/e2studio_v2025-04_fsp_v5.9.0/toolchains/gcc_arm/13.2.rel1/bin/../lib/gcc/arm-none-eabi/13.2.1/thumb/v8-m.main+fp/hard\libg_nano.a(libc_a-strtol.o) (_ctype_)
C:/Renesas/RA/e2studio_v2025-04_fsp_v5.9.0/toolchains/gcc_arm/13.2.rel1/bin/../lib/gcc/arm-none-eabi/13.2.1/thumb/v8-m.main+fp/hard\libg_nano.a(libc_a-findfp.o)
                              C:/Renesas/RA/e2studio_v2025-04_fsp_v5.9.0/toolchains/gcc_arm/13.2.rel1/bin/../lib/gcc/arm-none-eabi/13.2.1/thumb/v8-m.main+fp/hard\libg_nano.a(libc_a-exit.o) (__stdio_exit_handler)
C:/Renesas/RA/e2studio_v2025-04_fsp_v5.9.0/toolchains/gcc_arm/13.2.rel1/bin/../lib/gcc/arm-none-eabi/13.2.1/thumb/v8-m.main+fp/hard\libg_nano.a(libc_a-fwalk.o)
                              C:/Renesas/RA/e2studio_v2025-04_fsp_v5.9.0/toolchains/gcc_arm/13.2.rel1/bin/../lib/gcc/arm-none-eabi/13.2.1/thumb/v8-m.main+fp/hard\libg_nano.a(libc_a-findfp.o) (_fwalk_sglue)
C:/Renesas/RA/e2studio_v2025-04_fsp_v5.9.0/toolchains/gcc_arm/13.2.rel1/bin/../lib/gcc/arm-none-eabi/13.2.1/thumb/v8-m.main+fp/hard\libg_nano.a(libc_a-snprintf.o)
                              ./src/hal_entry.o (snprintf)
C:/Renesas/RA/e2studio_v2025-04_fsp_v5.9.0/toolchains/gcc_arm/13.2.rel1/bin/../lib/gcc/arm-none-eabi/13.2.1/thumb/v8-m.main+fp/hard\libg_nano.a(libc_a-stdio.o)
                              C:/Renesas/RA/e2studio_v2025-04_fsp_v5.9.0/toolchains/gcc_arm/13.2.rel1/bin/../lib/gcc/arm-none-eabi/13.2.1/thumb/v8-m.main+fp/hard\libg_nano.a(libc_a-findfp.o) (__sread)
[...]
Memory Configuration

Name             Origin             Length             Attributes
ITCM             0x00000000         0x00000000         xr
DTCM             0x00000000         0x00000000         xrw
FLASH            0x00000000         0x00080000         xr
RAM              0x20000000         0x00010000         xrw
DATA_FLASH       0x08000000         0x00004000         xr
QSPI_FLASH       0x60000000         0x00000000         xr
OSPI_DEVICE_0    0x80020000         0x00000000         xr
OSPI_DEVICE_1    0x80030000         0x00000000         xr
OSPI_DEVICE_0_RAM 0x80020000         0x00000000         xrw
OSPI_DEVICE_1_RAM 0x80030000         0x00000000         xrw
SDRAM            0x80010000         0x00000000         xrw
OPTION_SETTING   0x0100a100         0x00000100         r
OPTION_SETTING_OFS 0x0100a100         0x00000018         r
OPTION_SETTING_SAS 0x0100a134         0x000000cc         r
OPTION_SETTING_S 0x0100a200         0x00000100         r
ID_CODE          0x00000000         0x00000000         xr
*default*        0x00000000         0xffffffff

Linker script and memory map

LOAD C:/Renesas/RA/e2studio_v2025-04_fsp_v5.9.0/toolchains/gcc_arm/13.2.rel1/bin/../lib/gcc/arm-none-eabi/13.2.1/thumb/v8-m.main+fp/hard/crti.o
LOAD C:/Renesas/RA/e2studio_v2025-04_fsp_v5.9.0/toolchains/gcc_arm/13.2.rel1/bin/../lib/gcc/arm-none-eabi/13.2.1/thumb/v8-m.main+fp/hard/crtbegin.o
LOAD C:/Renesas/RA/e2studio_v2025-04_fsp_v5.9.0/toolchains/gcc_arm/13.2.rel1/bin/../lib/gcc/arm-none-eabi/13.2.1/thumb/v8-m.main+fp/hard/crt0.o
START GROUP
LOAD ./src/ConfigParameters.o
LOAD ./src/ConfigParams.o
LOAD ./src/FOCCurrentControl.o
LOAD ./src/FOCCurrentControl_data.o
LOAD ./src/FOCSpeedControl.o
LOAD ./src/hal_entry.o
LOAD ./src/rtGetInf.o
LOAD ./src/rtGetNaN.o
LOAD ./src/rt_nonfinite.o
LOAD ./ra_gen/common_data.o
LOAD ./ra_gen/elc_data.o
LOAD ./ra_gen/hal_data.o
LOAD ./ra_gen/main.o
LOAD ./ra_gen/pin_data.o
LOAD ./ra_gen/vector_data.o
LOAD ./ra/fsp/src/rm_motor_sense_hall/rm_motor_sense_hall.o
LOAD ./ra/fsp/src/r_spi_b/r_spi_b.o
LOAD ./ra/fsp/src/r_sci_b_uart/r_sci_b_uart.o
LOAD ./ra/fsp/src/r_ioport/r_ioport.o
LOAD ./ra/fsp/src/r_gpt_three_phase/r_gpt_three_phase.o
LOAD ./ra/fsp/src/r_gpt/r_gpt.o
LOAD ./ra/fsp/src/r_elc/r_elc.o
LOAD ./ra/fsp/src/r_dtc/r_dtc.o
LOAD ./ra/fsp/src/r_adc_b/r_adc_b.o
LOAD ./ra/fsp/src/bsp/mcu/all/bsp_clocks.o
LOAD ./ra/fsp/src/bsp/mcu/all/bsp_common.o
LOAD ./ra/fsp/src/bsp/mcu/all/bsp_delay.o
LOAD ./ra/fsp/src/bsp/mcu/all/bsp_group_irq.o
LOAD ./ra/fsp/src/bsp/mcu/all/bsp_guard.o
LOAD ./ra/fsp/src/bsp/mcu/all/bsp_io.o
LOAD ./ra/fsp/src/bsp/mcu/all/bsp_irq.o
LOAD ./ra/fsp/src/bsp/mcu/all/bsp_macl.o
LOAD ./ra/fsp/src/bsp/mcu/all/bsp_register_protection.o
LOAD ./ra/fsp/src/bsp/mcu/all/bsp_rom_registers.o
LOAD ./ra/fsp/src/bsp/mcu/all/bsp_sbrk.o
LOAD ./ra/fsp/src/bsp/mcu/all/bsp_sdram.o
LOAD ./ra/fsp/src/bsp/mcu/all/bsp_security.o
LOAD ./ra/fsp/src/bsp/cmsis/Device/RENESAS/Source/startup.o
LOAD ./ra/fsp/src/bsp/cmsis/Device/RENESAS/Source/system.o
END GROUP
START GROUP
LOAD C:/Renesas/RA/e2studio_v2025-04_fsp_v5.9.0/toolchains/gcc_arm/13.2.rel1/bin/../lib/gcc/arm-none-eabi/13.2.1/thumb/v8-m.main+fp/hard\libgcc.a
LOAD C:/Renesas/RA/e2studio_v2025-04_fsp_v5.9.0/toolchains/gcc_arm/13.2.rel1/bin/../lib/gcc/arm-none-eabi/13.2.1/thumb/v8-m.main+fp/hard\libg_nano.a
LOAD C:/Renesas/RA/e2studio_v2025-04_fsp_v5.9.0/toolchains/gcc_arm/13.2.rel1/bin/../lib/gcc/arm-none-eabi/13.2.1/thumb/v8-m.main+fp/hard\libc_nano.a
END GROUP
START GROUP
LOAD C:/Renesas/RA/e2studio_v2025-04_fsp_v5.9.0/toolchains/gcc_arm/13.2.rel1/bin/../lib/gcc/arm-none-eabi/13.2.1/thumb/v8-m.main+fp/hard\libgcc.a
LOAD C:/Renesas/RA/e2studio_v2025-04_fsp_v5.9.0/toolchains/gcc_arm/13.2.rel1/bin/../lib/gcc/arm-none-eabi/13.2.1/thumb/v8-m.main+fp/hard\libc_nano.a
END GROUP
LOAD C:/Renesas/RA/e2studio_v2025-04_fsp_v5.9.0/toolchains/gcc_arm/13.2.rel1/bin/../lib/gcc/arm-none-eabi/13.2.1/thumb/v8-m.main+fp/hard/crtend.o
LOAD C:/Renesas/RA/e2studio_v2025-04_fsp_v5.9.0/toolchains/gcc_arm/13.2.rel1/bin/../lib/gcc/arm-none-eabi/13.2.1/thumb/v8-m.main+fp/hard/crtn.o
                0x20000000                        RAM_START = 0x20000000
                0x00010000                        RAM_LENGTH = 0x10000
                0x00000000                        FLASH_START = 0x0
                0x00080000                        FLASH_LENGTH = 0x80000
                0x08000000                        DATA_FLASH_START = 0x8000000
                0x00004000                        DATA_FLASH_LENGTH = 0x4000
                0x0100a100                        OPTION_SETTING_START = 0x100a100
                0x00000100                        OPTION_SETTING_LENGTH = 0x100
                0x0100a200                        OPTION_SETTING_S_START = 0x100a200
                0x00000100                        OPTION_SETTING_S_LENGTH = 0x100
                0x00000000                        ID_CODE_START = 0x0
                0x00000000                        ID_CODE_LENGTH = 0x0
                0x80010000                        SDRAM_START = 0x80010000
                0x00000000                        SDRAM_LENGTH = 0x0
                0x60000000                        QSPI_FLASH_START = 0x60000000
                0x00000000                        QSPI_FLASH_LENGTH = 0x0
                0x80020000                        OSPI_DEVICE_0_START = 0x80020000
                0x00000000                        OSPI_DEVICE_0_LENGTH = 0x0
                0x80030000                        OSPI_DEVICE_1_START = 0x80030000
                0x00000000                        OSPI_DEVICE_1_LENGTH = 0x0
                0x00000000                        QSPI_FLASH_PRV_LENGTH = DEFINED (QSPI_FLASH_SIZE)?ABSOLUTE (QSPI_FLASH_SIZE):ABSOLUTE (QSPI_FLASH_LENGTH)
                0x00000000                        OSPI_DEVICE_0_PRV_LENGTH = DEFINED (OSPI_DEVICE_0_SIZE)?ABSOLUTE (OSPI_DEVICE_0_SIZE):ABSOLUTE (OSPI_DEVICE_0_LENGTH)
                0x00000000                        OSPI_DEVICE_1_PRV_LENGTH = DEFINED (OSPI_DEVICE_1_SIZE)?ABSOLUTE (OSPI_DEVICE_1_SIZE):ABSOLUTE (OSPI_DEVICE_1_LENGTH)
                0x00000000                        __RESERVE_NS_RAM = ((! (DEFINED (PROJECT_NONSECURE)) && DEFINED (RAM_NS_BUFFER_LENGTH)) && (OPTION_SETTING_S_LENGTH != 0x0))
                0x00000000                        ITCM_START = DEFINED (ITCM_START)?ITCM_START:0x0
                0x00000000                        ITCM_LENGTH = DEFINED (ITCM_LENGTH)?ITCM_LENGTH:0x0
                0x00000000                        DTCM_START = DEFINED (DTCM_START)?DTCM_START:0x0
                0x00000000                        DTCM_LENGTH = DEFINED (DTCM_LENGTH)?DTCM_LENGTH:0x0
                0x00000000                        RAM_NS_BUFFER_BLOCK_LENGTH = DEFINED (RAM_NS_BUFFER_LENGTH)?ALIGN (RAM_NS_BUFFER_LENGTH, 0x2000):0x0
                0x00000000                        RAM_NS_BUFFER_LENGTH = DEFINED (RAM_NS_BUFFER_LENGTH)?RAM_NS_BUFFER_LENGTH:0x0
                0x20010000                        RAM_NS_BUFFER_START = ((RAM_START + RAM_LENGTH) - RAM_NS_BUFFER_LENGTH)
                0x20010000                        RAM_NS_BUFFER_BLOCK_START = ((RAM_START + RAM_LENGTH) - RAM_NS_BUFFER_BLOCK_LENGTH)
                0x0100a180                        OPTION_SETTING_START_NS = DEFINED (PROJECT_NONSECURE)?OPTION_SETTING_START:(OPTION_SETTING_START + 0x80)
                0x00000001                        __bl_FSP_BOOTABLE_IMAGE = 0x1
                0x00000001                        __bln_FSP_BOOTABLE_IMAGE = 0x1
                0x00000001                        PROJECT_SECURE_OR_FLAT = (((! (DEFINED (PROJECT_NONSECURE)) || DEFINED (PROJECT_SECURE)) && OPTION_SETTING_LENGTH) && ! (DEFINED (FSP_BOOTABLE_IMAGE)))
                0x00000000                        USE_OPTION_SETTING_NS = (DEFINED (PROJECT_NONSECURE) && ! (DEFINED (FSP_BOOTABLE_IMAGE)))
                0x00000000                        __bl_FLASH_IMAGE_START = ! (DEFINED (FLASH_BOOTLOADER_LENGTH))?0x0:(FLASH_APPLICATION_IMAGE_NUMBER == 0x1)?((FLASH_START + FLASH_BOOTLOADER_LENGTH) + FLASH_BOOTLOADER_HEADER_LENGTH):(DEFINED (BOOTLOADER_SECONDARY_USE_QSPI) || DEFINED (BOOTLOADER_SECONDARY_USE_OSPI_B))?(((FLASH_START + FLASH_BOOTLOADER_LENGTH) + FLASH_BOOTLOADER_SCRATCH_LENGTH) + FLASH_BOOTLOADER_HEADER_LENGTH):((((FLASH_START + FLASH_BOOTLOADER_LENGTH) + FLASH_BOOTLOADER_SCRATCH_LENGTH) + FLASH_APPLICATION_S_LENGTH) + FLASH_BOOTLOADER_HEADER_LENGTH)
                0x00000000                        __bl_FLASH_IMAGE_LENGTH = ! (DEFINED (FLASH_BOOTLOADER_LENGTH))?0x0:(FLASH_APPLICATION_S_LENGTH - FLASH_BOOTLOADER_HEADER_LENGTH)
                0x00000000                        __bl_FLASH_IMAGE_END = (__bl_FLASH_IMAGE_START + __bl_FLASH_IMAGE_LENGTH)
                0x00000000                        __bl_XIP_SECONDARY_FLASH_IMAGE_START = ! (DEFINED (FLASH_BOOTLOADER_LENGTH))?0x0:(((FLASH_START + FLASH_BOOTLOADER_LENGTH) + FLASH_APPLICATION_S_LENGTH) + FLASH_BOOTLOADER_HEADER_LENGTH)
                0x00000000                        __bl_XIP_SECONDARY_FLASH_IMAGE_END = (__bl_XIP_SECONDARY_FLASH_IMAGE_START + __bl_FLASH_IMAGE_LENGTH)
                0x00000000                        __bl_FLASH_IMAGE_START_FROM_MMF_REGION = DEFINED (BOOT_IMAGE_FROM_MMF_REGION)?BOOT_IMAGE_FROM_MMF_REGION:0x0
                0x00000000                        __bl_MEMORY_MIRROR_REGION_START = DEFINED (MMF_REGION_START_ADDR)?MMF_REGION_START_ADDR:0x0
                0x00000000                        __bl_FLASH_NS_START = ! (DEFINED (FLASH_BOOTLOADER_LENGTH))?0x0:(FLASH_APPLICATION_NS_LENGTH == 0x0)?__bl_FLASH_IMAGE_END:((__bl_FLASH_IMAGE_START - FLASH_BOOTLOADER_HEADER_LENGTH) + FLASH_APPLICATION_S_LENGTH)
                0x00000000                        __bl_FLASH_NSC_START = ! (DEFINED (FLASH_BOOTLOADER_LENGTH))?0x0:(FLASH_APPLICATION_NS_LENGTH == 0x0)?__bl_FLASH_IMAGE_END:(__bl_FLASH_IMAGE_END - FLASH_APPLICATION_NSC_LENGTH)
                0x00000000                        __bl_RAM_NS_START = ! (DEFINED (FLASH_BOOTLOADER_LENGTH))?0x0:(FLASH_APPLICATION_NS_LENGTH == 0x0)?(RAM_START + RAM_LENGTH):((RAM_START + RAM_LENGTH) - RAM_APPLICATION_NS_LENGTH)
                0x00000000                        __bl_RAM_NSC_START = ! (DEFINED (FLASH_BOOTLOADER_LENGTH))?0x0:(FLASH_APPLICATION_NS_LENGTH == 0x0)?(RAM_START + RAM_LENGTH):(__bl_RAM_NS_START - RAM_APPLICATION_NSC_LENGTH)
                0x00000000                        __bl_FLASH_NS_IMAGE_START = ! (DEFINED (FLASH_BOOTLOADER_LENGTH))?0x0:(FLASH_APPLICATION_NS_LENGTH == 0x0)?__bl_FLASH_IMAGE_END:(__bl_FLASH_NS_START + FLASH_BOOTLOADER_HEADER_LENGTH_2)
                0x00000000                        __bln_FLASH_IMAGE_START = (__bl_FLASH_NS_IMAGE_START | ! (DEFINED (NS_OFFSET_START))?0x0:NS_OFFSET_START)
                0x00000000                        __bln_FLASH_IMAGE_LENGTH = ! (DEFINED (FLASH_BOOTLOADER_LENGTH))?0x0:(FLASH_APPLICATION_NS_LENGTH == 0x0)?__bl_FLASH_IMAGE_END:(FLASH_APPLICATION_NS_LENGTH - FLASH_BOOTLOADER_HEADER_LENGTH_2)
                0x00000000                        XIP_SECONDARY_SLOT_IMAGE = DEFINED (XIP_SECONDARY_SLOT_IMAGE)?XIP_SECONDARY_SLOT_IMAGE:0x0
                0x00000000                        FLASH_IMAGE_START_FROM_MMF_REGION = ! (DEFINED (FLASH_IMAGE_START_FROM_MMF_REGION))?0x0:FLASH_IMAGE_START_FROM_MMF_REGION
                0x00000000                        MEMORY_MIRROR_REGION_START = ! (DEFINED (MEMORY_MIRROR_REGION_START))?0x0:MEMORY_MIRROR_REGION_START
                0x00000000                        FLASH_ORIGIN = ! (DEFINED (FLASH_IMAGE_START))?FLASH_START:(XIP_SECONDARY_SLOT_IMAGE == 0x1)?XIP_SECONDARY_FLASH_IMAGE_START:(FLASH_IMAGE_START_FROM_MMF_REGION == 0x1)?MEMORY_MIRROR_REGION_START:FLASH_IMAGE_START
                0x00080000                        LIMITED_FLASH_LENGTH = DEFINED (FLASH_IMAGE_LENGTH)?FLASH_IMAGE_LENGTH:DEFINED (FLASH_BOOTLOADER_LENGTH)?FLASH_BOOTLOADER_LENGTH:FLASH_LENGTH
                0x00000034                        OPTION_SETTING_SAS_SIZE = 0x34
                0x000000cc                        OPTION_SETTING_SAS_LENGTH = ! (DEFINED (OPTION_SETTING_LENGTH))?0x0:(OPTION_SETTING_LENGTH == 0x0)?0x0:(OPTION_SETTING_LENGTH - OPTION_SETTING_SAS_SIZE)
START GROUP
LOAD C:/Renesas/RA/e2studio_v2025-04_fsp_v5.9.0/toolchains/gcc_arm/13.2.rel1/bin/../lib/gcc/arm-none-eabi/13.2.1/thumb/v8-m.main+fp/hard\libgcc.a
LOAD C:/Renesas/RA/e2studio_v2025-04_fsp_v5.9.0/toolchains/gcc_arm/13.2.rel1/bin/../lib/gcc/arm-none-eabi/13.2.1/thumb/v8-m.main+fp/hard\libc.a
LOAD C:/Renesas/RA/e2studio_v2025-04_fsp_v5.9.0/toolchains/gcc_arm/13.2.rel1/bin/../lib/gcc/arm-none-eabi/13.2.1/thumb/v8-m.main+fp/hard\libm.a
END GROUP

.text           0x00000000     0xa524
                0x00000000                        __tz_FLASH_S = ABSOLUTE (FLASH_START)
                0x00000000                        __ROM_Start = .
 *(.fixed_vectors*)
 .fixed_vectors
                0x00000000       0x40 ./ra/fsp/src/bsp/cmsis/Device/RENESAS/Source/startup.o
                0x00000000                __Vectors
 *(.application_vectors*)
 .application_vectors
                0x00000040       0x34 ./ra_gen/vector_data.o
                0x00000040                g_vector_table
                0x00000074                        __Vectors_End = .
 *(.flash_gap*)
                0x00000074                        . = (OPTION_SETTING_LENGTH > 0x0)?.:(__ROM_Start + 0x400)
 *(.rom_registers*)
 *(.mcuboot_sce9_key*)
 *(.text*)
 .text.deregister_tm_clones
                0x00000074       0x1c C:/Renesas/RA/e2studio_v2025-04_fsp_v5.9.0/toolchains/gcc_arm/13.2.rel1/bin/../lib/gcc/arm-none-eabi/13.2.1/thumb/v8-m.main+fp/hard/crtbegin.o
 .text.register_tm_clones
                0x00000090       0x28 C:/Renesas/RA/e2studio_v2025-04_fsp_v5.9.0/toolchains/gcc_arm/13.2.rel1/bin/../lib/gcc/arm-none-eabi/13.2.1/thumb/v8-m.main+fp/hard/crtbegin.o
 .text.__do_global_dtors_aux
                0x000000b8       0x28 C:/Renesas/RA/e2studio_v2025-04_fsp_v5.9.0/toolchains/gcc_arm/13.2.rel1/bin/../lib/gcc/arm-none-eabi/13.2.1/thumb/v8-m.main+fp/hard/crtbegin.o
 .text.frame_dummy
                0x000000e0       0x24 C:/Renesas/RA/e2studio_v2025-04_fsp_v5.9.0/toolchains/gcc_arm/13.2.rel1/bin/../lib/gcc/arm-none-eabi/13.2.1/thumb/v8-m.main+fp/hard/crtbegin.o
 .text.FOCCurrentControl_initialize
                0x00000104       0x30 ./src/FOCCurrentControl.o
                0x00000104                FOCCurrentControl_initialize
 .text.SpeedControl_step
                0x00000134      0x1e0 ./src/FOCSpeedControl.o
                0x00000134                SpeedControl_step
 .text.SpeedControl_initialize
                0x00000314        0xc ./src/FOCSpeedControl.o
                0x00000314                SpeedControl_initialize
 .text.uart_queue
                0x00000320       0x80 ./src/hal_entry.o
 .text.spi1_xfer.constprop.0
                0x000003a0       0x8c ./src/hal_entry.o
 .text.icm_read_reg
                0x0000042c       0x20 ./src/hal_entry.o
 .text.fmt_float.isra.0
                0x0000044c       0xb0 ./src/hal_entry.o
 .text.ble_uart_tick
                0x000004fc      0xe40 ./src/hal_entry.o
 .text.hal_entry
                0x0000133c      0x6d4 ./src/hal_entry.o
                0x0000133c                hal_entry
 .text.R_BSP_WarmStart
                0x00001a10       0x18 ./src/hal_entry.o
                0x00001a10                R_BSP_WarmStart
 .text.rm_motor_driver_cyclic
                0x00001a28      0xcbc ./src/hal_entry.o
                0x00001a28                rm_motor_driver_cyclic
 .text.current_cb
                0x000026e4        0x4 ./src/hal_entry.o
                0x000026e4                current_cb
 .text.One_ms_Int
                0x000026e8      0xa04 ./src/hal_entry.o
                0x000026e8                One_ms_Int
 .text.spi1_callback
                0x000030ec       0x28 ./src/hal_entry.o
                0x000030ec                spi1_callback
 .text.sci3_uart_callback
                0x00003114      0x11c ./src/hal_entry.o
                0x00003114                sci3_uart_callback
 .text.rtGetInf
                0x00003230       0x10 ./src/rtGetInf.o
                0x00003230                rtGetInf
 .text.rtGetInfF
                0x00003240        0xc ./src/rtGetInf.o
                0x00003240                rtGetInfF
 *fill*         0x0000324c        0x4 ff
 .text.rtGetMinusInf
                0x00003250       0x10 ./src/rtGetInf.o
                0x00003250                rtGetMinusInf
 .text.rtGetMinusInfF
                0x00003260        0xc ./src/rtGetInf.o
                0x00003260                rtGetMinusInfF
 *fill*         0x0000326c        0x4 ff
 .text.rtGetNaN
                0x00003270       0x10 ./src/rtGetNaN.o
                0x00003270                rtGetNaN
 .text.rtGetNaNF
                0x00003280        0xc ./src/rtGetNaN.o
                0x00003280                rtGetNaNF
 .text.rt_InitInfAndNaN
                0x0000328c       0x58 ./src/rt_nonfinite.o
                0x0000328c                rt_InitInfAndNaN
 .text.startup.main
                0x000032e4        0xc ./ra_gen/main.o
                0x000032e4                main
 .text.RM_MOTOR_SENSE_HALL_AngleSpeedGet
                0x000032f0      0x2d4 ./ra/fsp/src/rm_motor_sense_hall/rm_motor_sense_hall.o
                0x000032f0                RM_MOTOR_SENSE_HALL_AngleSpeedGet
 .text.RM_MOTOR_SENSE_HALL_Open
                0x000035c4       0x80 ./ra/fsp/src/rm_motor_sense_hall/rm_motor_sense_hall.o
                0x000035c4                RM_MOTOR_SENSE_HALL_Open
 .text.r_spi_b_write_read_common
                0x00003644      0x100 ./ra/fsp/src/r_spi_b/r_spi_b.o
 .text.R_SPI_B_WriteRead
                0x00003744       0x10 ./ra/fsp/src/r_spi_b/r_spi_b.o
                0x00003744                R_SPI_B_WriteRead
 .text.r_spi_b_call_callback
                0x00003754       0x40 ./ra/fsp/src/r_spi_b/r_spi_b.o
 .text.R_SPI_B_Open
                0x00003794      0x2c0 ./ra/fsp/src/r_spi_b/r_spi_b.o
                0x00003794                R_SPI_B_Open
 .text.spi_b_rxi_isr
                0x00003a54       0x90 ./ra/fsp/src/r_spi_b/r_spi_b.o
                0x00003a54                spi_b_rxi_isr
 .text.spi_b_txi_isr
                0x00003ae4       0xdc ./ra/fsp/src/r_spi_b/r_spi_b.o
                0x00003ae4                spi_b_txi_isr
 .text.spi_b_tei_isr
                0x00003bc0       0xd0 ./ra/fsp/src/r_spi_b/r_spi_b.o
                0x00003bc0                spi_b_tei_isr
 .text.spi_b_eri_isr
                0x00003c90       0xe0 ./ra/fsp/src/r_spi_b/r_spi_b.o
                0x00003c90                spi_b_eri_isr
 .text.R_SCI_B_UART_Write
                0x00003d70       0x40 ./ra/fsp/src/r_sci_b_uart/r_sci_b_uart.o
                0x00003d70                R_SCI_B_UART_Write
 .text.r_sci_b_uart_call_callback
                0x00003db0       0x44 ./ra/fsp/src/r_sci_b_uart/r_sci_b_uart.o
 .text.R_SCI_B_UART_Close
                0x00003df4      0x100 ./ra/fsp/src/r_sci_b_uart/r_sci_b_uart.o
                0x00003df4                R_SCI_B_UART_Close
 .text.R_SCI_B_UART_Open
                0x00003ef4      0x390 ./ra/fsp/src/r_sci_b_uart/r_sci_b_uart.o
                0x00003ef4                R_SCI_B_UART_Open
 .text.sci_b_uart_txi_isr
                0x00004284       0x90 ./ra/fsp/src/r_sci_b_uart/r_sci_b_uart.o
                0x00004284                sci_b_uart_txi_isr
 .text.sci_b_uart_rxi_isr
                0x00004314       0x90 ./ra/fsp/src/r_sci_b_uart/r_sci_b_uart.o
                0x00004314                sci_b_uart_rxi_isr
 .text.sci_b_uart_tei_isr
                0x000043a4       0x4c ./ra/fsp/src/r_sci_b_uart/r_sci_b_uart.o
                0x000043a4                sci_b_uart_tei_isr
 .text.sci_b_uart_eri_isr
                0x000043f0       0x84 ./ra/fsp/src/r_sci_b_uart/r_sci_b_uart.o
                0x000043f0                sci_b_uart_eri_isr
 .text.R_IOPORT_PinRead
                0x00004474       0x24 ./ra/fsp/src/r_ioport/r_ioport.o
                0x00004474                R_IOPORT_PinRead
 .text.R_IOPORT_PinWrite
                0x00004498       0x20 ./ra/fsp/src/r_ioport/r_ioport.o
                0x00004498                R_IOPORT_PinWrite
 .text.r_ioport_pins_config
                0x000044b8       0xa4 ./ra/fsp/src/r_ioport/r_ioport.o
 .text.R_IOPORT_Open
                0x0000455c       0x14 ./ra/fsp/src/r_ioport/r_ioport.o
                0x0000455c                R_IOPORT_Open
 .text.R_IOPORT_PinCfg
                0x00004570       0x90 ./ra/fsp/src/r_ioport/r_ioport.o
                0x00004570                R_IOPORT_PinCfg
 .text.R_GPT_THREE_PHASE_Start
                0x00004600        0xc ./ra/fsp/src/r_gpt_three_phase/r_gpt_three_phase.o
                0x00004600                R_GPT_THREE_PHASE_Start
 .text.R_GPT_THREE_PHASE_DutyCycleSet
                0x0000460c       0x44 ./ra/fsp/src/r_gpt_three_phase/r_gpt_three_phase.o
                0x0000460c                R_GPT_THREE_PHASE_DutyCycleSet
 .text.R_GPT_THREE_PHASE_Open
                0x00004650       0x50 ./ra/fsp/src/r_gpt_three_phase/r_gpt_three_phase.o
                0x00004650                R_GPT_THREE_PHASE_Open
 .text.R_GPT_Stop
                0x000046a0        0xc ./ra/fsp/src/r_gpt/r_gpt.o
                0x000046a0                R_GPT_Stop
 .text.R_GPT_Start
                0x000046ac        0xc ./ra/fsp/src/r_gpt/r_gpt.o
                0x000046ac                R_GPT_Start
 .text.R_GPT_Reset
                0x000046b8        0xc ./ra/fsp/src/r_gpt/r_gpt.o
                0x000046b8                R_GPT_Reset
 .text.R_GPT_Enable
                0x000046c4       0x38 ./ra/fsp/src/r_gpt/r_gpt.o
                0x000046c4                R_GPT_Enable
 .text.R_GPT_Disable
                0x000046fc       0x28 ./ra/fsp/src/r_gpt/r_gpt.o
                0x000046fc                R_GPT_Disable
 .text.R_GPT_PeriodSet
                0x00004724       0x44 ./ra/fsp/src/r_gpt/r_gpt.o
                0x00004724                R_GPT_PeriodSet
 .text.R_GPT_CompareMatchSet
                0x00004768       0x14 ./ra/fsp/src/r_gpt/r_gpt.o
                0x00004768                R_GPT_CompareMatchSet
 .text.R_GPT_StatusGet
                0x0000477c       0x18 ./ra/fsp/src/r_gpt/r_gpt.o
                0x0000477c                R_GPT_StatusGet
 .text.R_GPT_CallbackSet
                0x00004794       0x10 ./ra/fsp/src/r_gpt/r_gpt.o
                0x00004794                R_GPT_CallbackSet
 .text.r_gpt_call_callback
                0x000047a4       0x3c ./ra/fsp/src/r_gpt/r_gpt.o
 .text.R_GPT_InfoGet
                0x000047e0       0x48 ./ra/fsp/src/r_gpt/r_gpt.o
                0x000047e0                R_GPT_InfoGet
 .text.gpt_calculate_duty_cycle.isra.0
                0x00004828       0x84 ./ra/fsp/src/r_gpt/r_gpt.o
 *fill*         0x000048ac        0x4 ff
 .text.R_GPT_DutyCycleSet
                0x000048b0       0xf0 ./ra/fsp/src/r_gpt/r_gpt.o
                0x000048b0                R_GPT_DutyCycleSet
 .text.r_gpt_enable_irq
                0x000049a0       0x60 ./ra/fsp/src/r_gpt/r_gpt.o
 .text.R_GPT_Open
                0x00004a00      0x370 ./ra/fsp/src/r_gpt/r_gpt.o
                0x00004a00                R_GPT_Open
 .text.R_GPT_Close
                0x00004d70       0xd0 ./ra/fsp/src/r_gpt/r_gpt.o
                0x00004d70                R_GPT_Close
 .text.R_GPT_OutputEnable
                0x00004e40       0x18 ./ra/fsp/src/r_gpt/r_gpt.o
                0x00004e40                R_GPT_OutputEnable
 .text.gpt_counter_overflow_isr
                0x00004e58       0x9c ./ra/fsp/src/r_gpt/r_gpt.o
                0x00004e58                gpt_counter_overflow_isr
 .text.R_DTC_Reset
                0x00004ef4       0x8c ./ra/fsp/src/r_dtc/r_dtc.o
                0x00004ef4                R_DTC_Reset
 .text.R_DTC_SoftwareStart
                0x00004f80        0x4 ./ra/fsp/src/r_dtc/r_dtc.o
                0x00004f80                R_DTC_SoftwareStart
 .text.R_DTC_SoftwareStop
                0x00004f84        0x4 ./ra/fsp/src/r_dtc/r_dtc.o
                0x00004f84                R_DTC_SoftwareStop
 .text.R_DTC_Enable
                0x00004f88       0x20 ./ra/fsp/src/r_dtc/r_dtc.o
                0x00004f88                R_DTC_Enable
 .text.R_DTC_Disable
                0x00004fa8       0x20 ./ra/fsp/src/r_dtc/r_dtc.o
                0x00004fa8                R_DTC_Disable
 .text.R_DTC_InfoGet
                0x00004fc8       0x54 ./ra/fsp/src/r_dtc/r_dtc.o
                0x00004fc8                R_DTC_InfoGet
 .text.R_DTC_Reload
                0x0000501c        0x4 ./ra/fsp/src/r_dtc/r_dtc.o
                0x0000501c                R_DTC_Reload
 .text.R_DTC_CallbackSet
                0x00005020        0x4 ./ra/fsp/src/r_dtc/r_dtc.o
                0x00005020                R_DTC_CallbackSet
 .text.R_DTC_Close
                0x00005024       0x30 ./ra/fsp/src/r_dtc/r_dtc.o
                0x00005024                R_DTC_Close
 .text.R_DTC_Reconfigure
                0x00005054       0x88 ./ra/fsp/src/r_dtc/r_dtc.o
                0x00005054                R_DTC_Reconfigure
 .text.R_DTC_Open
                0x000050dc       0xb4 ./ra/fsp/src/r_dtc/r_dtc.o
                0x000050dc                R_DTC_Open
 .text.R_ADC_B_ScanGroupStart
                0x00005190       0x34 ./ra/fsp/src/r_adc_b/r_adc_b.o
                0x00005190                R_ADC_B_ScanGroupStart
 .text.R_ADC_B_StatusGet
                0x000051c4       0x28 ./ra/fsp/src/r_adc_b/r_adc_b.o
                0x000051c4                R_ADC_B_StatusGet
 .text.adc_b_update_calibrate_state
                0x000051ec       0x84 ./ra/fsp/src/r_adc_b/r_adc_b.o
 .text.R_ADC_B_Open
                0x00005270      0x1f4 ./ra/fsp/src/r_adc_b/r_adc_b.o
                0x00005270                R_ADC_B_Open
 .text.R_ADC_B_ScanCfg
                0x00005464      0x264 ./ra/fsp/src/r_adc_b/r_adc_b.o
                0x00005464                R_ADC_B_ScanCfg
 .text.adc_b_isr_handler
                0x000056c8       0x90 ./ra/fsp/src/r_adc_b/r_adc_b.o
 .text.R_ADC_B_Calibrate
                0x00005758       0x60 ./ra/fsp/src/r_adc_b/r_adc_b.o
                0x00005758                R_ADC_B_Calibrate
 .text.R_ADC_B_FifoRead
                0x000057b8       0x74 ./ra/fsp/src/r_adc_b/r_adc_b.o
                0x000057b8                R_ADC_B_FifoRead
 .text.adc_b_calend0_isr
                0x0000582c       0xa8 ./ra/fsp/src/r_adc_b/r_adc_b.o
                0x0000582c                adc_b_calend0_isr
 .text.adc_b_calend1_isr
                0x000058d4       0xb0 ./ra/fsp/src/r_adc_b/r_adc_b.o
                0x000058d4                adc_b_calend1_isr
 .text.adc_b_adi0_isr
                0x00005984       0x3c ./ra/fsp/src/r_adc_b/r_adc_b.o
                0x00005984                adc_b_adi0_isr
 .text.SystemCoreClockUpdate
                0x000059c0       0x28 ./ra/fsp/src/bsp/mcu/all/bsp_clocks.o
                0x000059c0                SystemCoreClockUpdate
 .text.bsp_clock_init
                0x000059e8      0x114 ./ra/fsp/src/bsp/mcu/all/bsp_clocks.o
                0x000059e8                bsp_clock_init
 .text.bsp_init_internal
                0x00005afc        0x4 ./ra/fsp/src/bsp/mcu/all/bsp_common.o
                0x00005afc                bsp_init_internal
                0x00005afc                bsp_init
 .text.__assert_func
                0x00005b00        0x4 ./ra/fsp/src/bsp/mcu/all/bsp_common.o
                0x00005b00                __assert_func
 .text.bsp_prv_software_delay_loop
                0x00005b04        0xc ./ra/fsp/src/bsp/mcu/all/bsp_delay.o
                0x00005b04                bsp_prv_software_delay_loop
 .text.R_BSP_SoftwareDelay
                0x00005b10       0x58 ./ra/fsp/src/bsp/mcu/all/bsp_delay.o
                0x00005b10                R_BSP_SoftwareDelay
 .text.NMI_Handler
                0x00005b68       0x3c ./ra/fsp/src/bsp/mcu/all/bsp_group_irq.o
                0x00005b68                NMI_Handler
 .text.bsp_irq_cfg
                0x00005ba4       0x94 ./ra/fsp/src/bsp/mcu/all/bsp_irq.o
                0x00005ba4                bsp_irq_cfg
 .text.R_BSP_RegisterProtectEnable
                0x00005c38       0x60 ./ra/fsp/src/bsp/mcu/all/bsp_register_protection.o
                0x00005c38                R_BSP_RegisterProtectEnable
 .text.R_BSP_RegisterProtectDisable
                0x00005c98       0x54 ./ra/fsp/src/bsp/mcu/all/bsp_register_protection.o
                0x00005c98                R_BSP_RegisterProtectDisable
 .text._sbrk    0x00005cec       0x40 ./ra/fsp/src/bsp/mcu/all/bsp_sbrk.o
                0x00005cec                _sbrk
 .text.Default_Handler
                0x00005d2c        0x4 ./ra/fsp/src/bsp/cmsis/Device/RENESAS/Source/startup.o
                0x00005d2c                DebugMon_Handler
                0x00005d2c                HardFault_Handler
                0x00005d2c                SysTick_Handler
                0x00005d2c                PendSV_Handler
                0x00005d2c                UsageFault_Handler
                0x00005d2c                SecureFault_Handler
                0x00005d2c                Default_Handler
                0x00005d2c                MemManage_Handler
                0x00005d2c                SVC_Handler
                0x00005d2c                BusFault_Handler
 .text.Reset_Handler
                0x00005d30        0xc ./ra/fsp/src/bsp/cmsis/Device/RENESAS/Source/startup.o
                0x00005d30                Reset_Handler
 .text.SystemInit
                0x00005d3c       0xf8 ./ra/fsp/src/bsp/cmsis/Device/RENESAS/Source/system.o
                0x00005d3c                SystemInit
 .text          0x00005e34      0x110 C:/Renesas/RA/e2studio_v2025-04_fsp_v5.9.0/toolchains/gcc_arm/13.2.rel1/bin/../lib/gcc/arm-none-eabi/13.2.1/thumb/v8-m.main+fp/hard\libgcc.a(_arm_cmpdf2.o)
                0x00005e34                __gtdf2
                0x00005e34                __gedf2
                0x00005e3c                __ltdf2
                0x00005e3c                __ledf2
                0x00005e44                __nedf2
                0x00005e44                __eqdf2
                0x00005e44                __cmpdf2
                0x00005ec0                __aeabi_cdrcmple
                0x00005ed0                __aeabi_cdcmpeq
                0x00005ed0                __aeabi_cdcmple
                0x00005ee0                __aeabi_dcmpeq
                0x00005ef4                __aeabi_dcmplt
                0x00005f08                __aeabi_dcmple
                0x00005f1c                __aeabi_dcmpge
                0x00005f30                __aeabi_dcmpgt
 .text          0x00005f44       0xa0 C:/Renesas/RA/e2studio_v2025-04_fsp_v5.9.0/toolchains/gcc_arm/13.2.rel1/bin/../lib/gcc/arm-none-eabi/13.2.1/thumb/v8-m.main+fp/hard\libgcc.a(_arm_truncdfsf2.o)
                0x00005f44                __truncdfsf2
                0x00005f44                __aeabi_d2f
 .text.atof     0x00005fe4        0x6 C:/Renesas/RA/e2studio_v2025-04_fsp_v5.9.0/toolchains/gcc_arm/13.2.rel1/bin/../lib/gcc/arm-none-eabi/13.2.1/thumb/v8-m.main+fp/hard\libg_nano.a(libc_a-atof.o)
                0x00005fe4                atof
 .text.atoi     0x00005fea        0x8 C:/Renesas/RA/e2studio_v2025-04_fsp_v5.9.0/toolchains/gcc_arm/13.2.rel1/bin/../lib/gcc/arm-none-eabi/13.2.1/thumb/v8-m.main+fp/hard\libg_nano.a(libc_a-atoi.o)
                0x00005fea                atoi
 .text.sulp     0x00005ff2       0x3c C:/Renesas/RA/e2studio_v2025-04_fsp_v5.9.0/toolchains/gcc_arm/13.2.rel1/bin/../lib/gcc/arm-none-eabi/13.2.1/thumb/v8-m.main+fp/hard\libg_nano.a(libc_a-strtod.o)
 *fill*         0x0000602e        0x2 ff
 .text._strtod_l
                0x00006030      0xbc8 C:/Renesas/RA/e2studio_v2025-04_fsp_v5.9.0/toolchains/gcc_arm/13.2.rel1/bin/../lib/gcc/arm-none-eabi/13.2.1/thumb/v8-m.main+fp/hard\libg_nano.a(libc_a-strtod.o)
                0x00006030                _strtod_l
 .text.strtod   0x00006bf8       0x18 C:/Renesas/RA/e2studio_v2025-04_fsp_v5.9.0/toolchains/gcc_arm/13.2.rel1/bin/../lib/gcc/arm-none-eabi/13.2.1/thumb/v8-m.main+fp/hard\libg_nano.a(libc_a-strtod.o)
                0x00006bf8                strtod
 .text._strtol_l.isra.0
                0x00006c10       0xf4 C:/Renesas/RA/e2studio_v2025-04_fsp_v5.9.0/toolchains/gcc_arm/13.2.rel1/bin/../lib/gcc/arm-none-eabi/13.2.1/thumb/v8-m.main+fp/hard\libg_nano.a(libc_a-strtol.o)
 .text.strtol   0x00006d04       0x14 C:/Renesas/RA/e2studio_v2025-04_fsp_v5.9.0/toolchains/gcc_arm/13.2.rel1/bin/../lib/gcc/arm-none-eabi/13.2.1/thumb/v8-m.main+fp/hard\libg_nano.a(libc_a-strtol.o)
                0x00006d04                strtol
 .text._strtoul_l.isra.0
                0x00006d18       0xdc C:/Renesas/RA/e2studio_v2025-04_fsp_v5.9.0/toolchains/gcc_arm/13.2.rel1/bin/../lib/gcc/arm-none-eabi/13.2.1/thumb/v8-m.main+fp/hard\libg_nano.a(libc_a-strtoul.o)
 .text.strtoul  0x00006df4       0x14 C:/Renesas/RA/e2studio_v2025-04_fsp_v5.9.0/toolchains/gcc_arm/13.2.rel1/bin/../lib/gcc/arm-none-eabi/13.2.1/thumb/v8-m.main+fp/hard\libg_nano.a(libc_a-strtoul.o)
                0x00006df4                strtoul
 .text.snprintf
                0x00006e08       0x68 C:/Renesas/RA/e2studio_v2025-04_fsp_v5.9.0/toolchains/gcc_arm/13.2.rel1/bin/../lib/gcc/arm-none-eabi/13.2.1/thumb/v8-m.main+fp/hard\libg_nano.a(libc_a-snprintf.o)
                0x00006e08                sniprintf
                0x00006e08                snprintf
 .text.memset   0x00006e70       0x10 C:/Renesas/RA/e2studio_v2025-04_fsp_v5.9.0/toolchains/gcc_arm/13.2.rel1/bin/../lib/gcc/arm-none-eabi/13.2.1/thumb/v8-m.main+fp/hard\libg_nano.a(libc_a-memset.o)
                0x00006e70                memset
 .text.strchr   0x00006e80       0x1a C:/Renesas/RA/e2studio_v2025-04_fsp_v5.9.0/toolchains/gcc_arm/13.2.rel1/bin/../lib/gcc/arm-none-eabi/13.2.1/thumb/v8-m.main+fp/hard\libg_nano.a(libc_a-strchr.o)
                0x00006e80                strchr
 .text.strncat  0x00006e9a       0x26 C:/Renesas/RA/e2studio_v2025-04_fsp_v5.9.0/toolchains/gcc_arm/13.2.rel1/bin/../lib/gcc/arm-none-eabi/13.2.1/thumb/v8-m.main+fp/hard\libg_nano.a(libc_a-strncat.o)
                0x00006e9a                strncat
 .text.strncmp  0x00006ec0       0x24 C:/Renesas/RA/e2studio_v2025-04_fsp_v5.9.0/toolchains/gcc_arm/13.2.rel1/bin/../lib/gcc/arm-none-eabi/13.2.1/thumb/v8-m.main+fp/hard\libg_nano.a(libc_a-strncmp.o)
                0x00006ec0                strncmp
 .text.__errno  0x00006ee4        0xc C:/Renesas/RA/e2studio_v2025-04_fsp_v5.9.0/toolchains/gcc_arm/13.2.rel1/bin/../lib/gcc/arm-none-eabi/13.2.1/thumb/v8-m.main+fp/hard\libg_nano.a(libc_a-errno.o)
                0x00006ee4                __errno
 .text.__retarget_lock_acquire_recursive
                0x00006ef0        0x2 C:/Renesas/RA/e2studio_v2025-04_fsp_v5.9.0/toolchains/gcc_arm/13.2.rel1/bin/../lib/gcc/arm-none-eabi/13.2.1/thumb/v8-m.main+fp/hard\libg_nano.a(libc_a-lock.o)
                0x00006ef0                __retarget_lock_acquire_recursive
 .text.__retarget_lock_release_recursive
                0x00006ef2        0x2 C:/Renesas/RA/e2studio_v2025-04_fsp_v5.9.0/toolchains/gcc_arm/13.2.rel1/bin/../lib/gcc/arm-none-eabi/13.2.1/thumb/v8-m.main+fp/hard\libg_nano.a(libc_a-lock.o)
                0x00006ef2                __retarget_lock_release_recursive
 .text          0x00006ef4       0x14 C:/Renesas/RA/e2studio_v2025-04_fsp_v5.9.0/toolchains/gcc_arm/13.2.rel1/bin/../lib/gcc/arm-none-eabi/13.2.1/thumb/v8-m.main+fp/hard\libg_nano.a(libc_a-strcmp.o)
                0x00006ef4                strcmp
 .text.memcpy   0x00006f08       0x1a C:/Renesas/RA/e2studio_v2025-04_fsp_v5.9.0/toolchains/gcc_arm/13.2.rel1/bin/../lib/gcc/arm-none-eabi/13.2.1/thumb/v8-m.main+fp/hard\libg_nano.a(libc_a-memcpy-stub.o)
                0x00006f08                memcpy
 .text          0x00006f22       0x10 C:/Renesas/RA/e2studio_v2025-04_fsp_v5.9.0/toolchains/gcc_arm/13.2.rel1/bin/../lib/gcc/arm-none-eabi/13.2.1/thumb/v8-m.main+fp/hard\libg_nano.a(libc_a-strlen.o)
                0x00006f22                strlen
 *fill*         0x00006f32        0x6 ff
 .text.nan      0x00006f38       0x10 C:/Renesas/RA/e2studio_v2025-04_fsp_v5.9.0/toolchains/gcc_arm/13.2.rel1/bin/../lib/gcc/arm-none-eabi/13.2.1/thumb/v8-m.main+fp/hard\libg_nano.a(libm_a-s_nan.o)
                0x00006f38                nan
 .text.nanf     0x00006f48        0xc C:/Renesas/RA/e2studio_v2025-04_fsp_v5.9.0/toolchains/gcc_arm/13.2.rel1/bin/../lib/gcc/arm-none-eabi/13.2.1/thumb/v8-m.main+fp/hard\libg_nano.a(libm_a-sf_nan.o)
                0x00006f48                nanf
 .text._free_r  0x00006f54       0x94 C:/Renesas/RA/e2studio_v2025-04_fsp_v5.9.0/toolchains/gcc_arm/13.2.rel1/bin/../lib/gcc/arm-none-eabi/13.2.1/thumb/v8-m.main+fp/hard\libg_nano.a(libc_a-freer.o)
                0x00006f54                _free_r
 .text.rshift   0x00006fe8       0xa2 C:/Renesas/RA/e2studio_v2025-04_fsp_v5.9.0/toolchains/gcc_arm/13.2.rel1/bin/../lib/gcc/arm-none-eabi/13.2.1/thumb/v8-m.main+fp/hard\libg_nano.a(libc_a-gdtoa-gethex.o)
 .text.__hexdig_fun
                0x0000708a       0x2a C:/Renesas/RA/e2studio_v2025-04_fsp_v5.9.0/toolchains/gcc_arm/13.2.rel1/bin/../lib/gcc/arm-none-eabi/13.2.1/thumb/v8-m.main+fp/hard\libg_nano.a(libc_a-gdtoa-gethex.o)
                0x0000708a                __hexdig_fun
 .text.__gethex
                0x000070b4      0x41c C:/Renesas/RA/e2studio_v2025-04_fsp_v5.9.0/toolchains/gcc_arm/13.2.rel1/bin/../lib/gcc/arm-none-eabi/13.2.1/thumb/v8-m.main+fp/hard\libg_nano.a(libc_a-gdtoa-gethex.o)
                0x000070b4                __gethex
 .text.L_shift  0x000074d0       0x24 C:/Renesas/RA/e2studio_v2025-04_fsp_v5.9.0/toolchains/gcc_arm/13.2.rel1/bin/../lib/gcc/arm-none-eabi/13.2.1/thumb/v8-m.main+fp/hard\libg_nano.a(libc_a-gdtoa-hexnan.o)
 .text.__match  0x000074f4       0x28 C:/Renesas/RA/e2studio_v2025-04_fsp_v5.9.0/toolchains/gcc_arm/13.2.rel1/bin/../lib/gcc/arm-none-eabi/13.2.1/thumb/v8-m.main+fp/hard\libg_nano.a(libc_a-gdtoa-hexnan.o)
                0x000074f4                __match
 .text.__hexnan
                0x0000751c      0x136 C:/Renesas/RA/e2studio_v2025-04_fsp_v5.9.0/toolchains/gcc_arm/13.2.rel1/bin/../lib/gcc/arm-none-eabi/13.2.1/thumb/v8-m.main+fp/hard\libg_nano.a(libc_a-gdtoa-hexnan.o)
                0x0000751c                __hexnan
 *fill*         0x00007652        0x2 ff
 .text.sbrk_aligned
                0x00007654       0x44 C:/Renesas/RA/e2studio_v2025-04_fsp_v5.9.0/toolchains/gcc_arm/13.2.rel1/bin/../lib/gcc/arm-none-eabi/13.2.1/thumb/v8-m.main+fp/hard\libg_nano.a(libc_a-mallocr.o)
 .text._malloc_r
                0x00007698      0x100 C:/Renesas/RA/e2studio_v2025-04_fsp_v5.9.0/toolchains/gcc_arm/13.2.rel1/bin/../lib/gcc/arm-none-eabi/13.2.1/thumb/v8-m.main+fp/hard\libg_nano.a(libc_a-mallocr.o)
                0x00007698                _malloc_r
 .text.__ascii_mbtowc
                0x00007798       0x24 C:/Renesas/RA/e2studio_v2025-04_fsp_v5.9.0/toolchains/gcc_arm/13.2.rel1/bin/../lib/gcc/arm-none-eabi/13.2.1/thumb/v8-m.main+fp/hard\libg_nano.a(libc_a-mbtowc_r.o)
                0x00007798                __ascii_mbtowc
 .text.__malloc_lock
                0x000077bc        0xc C:/Renesas/RA/e2studio_v2025-04_fsp_v5.9.0/toolchains/gcc_arm/13.2.rel1/bin/../lib/gcc/arm-none-eabi/13.2.1/thumb/v8-m.main+fp/hard\libg_nano.a(libc_a-mlock.o)
                0x000077bc                __malloc_lock
 .text.__malloc_unlock
                0x000077c8        0xc C:/Renesas/RA/e2studio_v2025-04_fsp_v5.9.0/toolchains/gcc_arm/13.2.rel1/bin/../lib/gcc/arm-none-eabi/13.2.1/thumb/v8-m.main+fp/hard\libg_nano.a(libc_a-mlock.o)
                0x000077c8                __malloc_unlock
 .text._Balloc  0x000077d4       0x80 C:/Renesas/RA/e2studio_v2025-04_fsp_v5.9.0/toolchains/gcc_arm/13.2.rel1/bin/../lib/gcc/arm-none-eabi/13.2.1/thumb/v8-m.main+fp/hard\libg_nano.a(libc_a-mprec.o)
                0x000077d4                _Balloc
 .text._Bfree   0x00007854       0x44 C:/Renesas/RA/e2studio_v2025-04_fsp_v5.9.0/toolchains/gcc_arm/13.2.rel1/bin/../lib/gcc/arm-none-eabi/13.2.1/thumb/v8-m.main+fp/hard\libg_nano.a(libc_a-mprec.o)
                0x00007854                _Bfree
 .text.__multadd
                0x00007898       0x90 C:/Renesas/RA/e2studio_v2025-04_fsp_v5.9.0/toolchains/gcc_arm/13.2.rel1/bin/../lib/gcc/arm-none-eabi/13.2.1/thumb/v8-m.main+fp/hard\libg_nano.a(libc_a-mprec.o)
                0x00007898                __multadd
 .text.__s2b    0x00007928       0x94 C:/Renesas/RA/e2studio_v2025-04_fsp_v5.9.0/toolchains/gcc_arm/13.2.rel1/bin/../lib/gcc/arm-none-eabi/13.2.1/thumb/v8-m.main+fp/hard\libg_nano.a(libc_a-mprec.o)
                0x00007928                __s2b
 .text.__hi0bits
                0x000079bc       0x3e C:/Renesas/RA/e2studio_v2025-04_fsp_v5.9.0/toolchains/gcc_arm/13.2.rel1/bin/../lib/gcc/arm-none-eabi/13.2.1/thumb/v8-m.main+fp/hard\libg_nano.a(libc_a-mprec.o)
                0x000079bc                __hi0bits
 .text.__lo0bits
                0x000079fa       0x5a C:/Renesas/RA/e2studio_v2025-04_fsp_v5.9.0/toolchains/gcc_arm/13.2.rel1/bin/../lib/gcc/arm-none-eabi/13.2.1/thumb/v8-m.main+fp/hard\libg_nano.a(libc_a-mprec.o)
                0x000079fa                __lo0bits
 .text.__i2b    0x00007a54       0x2c C:/Renesas/RA/e2studio_v2025-04_fsp_v5.9.0/toolchains/gcc_arm/13.2.rel1/bin/../lib/gcc/arm-none-eabi/13.2.1/thumb/v8-m.main+fp/hard\libg_nano.a(libc_a-mprec.o)
                0x00007a54                __i2b
 .text.__multiply
                0x00007a80      0x148 C:/Renesas/RA/e2studio_v2025-04_fsp_v5.9.0/toolchains/gcc_arm/13.2.rel1/bin/../lib/gcc/arm-none-eabi/13.2.1/thumb/v8-m.main+fp/hard\libg_nano.a(libc_a-mprec.o)
                0x00007a80                __multiply
 .text.__pow5mult
                0x00007bc8       0xb4 C:/Renesas/RA/e2studio_v2025-04_fsp_v5.9.0/toolchains/gcc_arm/13.2.rel1/bin/../lib/gcc/arm-none-eabi/13.2.1/thumb/v8-m.main+fp/hard\libg_nano.a(libc_a-mprec.o)
                0x00007bc8                __pow5mult
 .text.__lshift
                0x00007c7c       0xd8 C:/Renesas/RA/e2studio_v2025-04_fsp_v5.9.0/toolchains/gcc_arm/13.2.rel1/bin/../lib/gcc/arm-none-eabi/13.2.1/thumb/v8-m.main+fp/hard\libg_nano.a(libc_a-mprec.o)
                0x00007c7c                __lshift
 .text.__mcmp   0x00007d54       0x36 C:/Renesas/RA/e2studio_v2025-04_fsp_v5.9.0/toolchains/gcc_arm/13.2.rel1/bin/../lib/gcc/arm-none-eabi/13.2.1/thumb/v8-m.main+fp/hard\libg_nano.a(libc_a-mprec.o)
                0x00007d54                __mcmp
 *fill*         0x00007d8a        0x2 ff
 .text.__mdiff  0x00007d8c      0x130 C:/Renesas/RA/e2studio_v2025-04_fsp_v5.9.0/toolchains/gcc_arm/13.2.rel1/bin/../lib/gcc/arm-none-eabi/13.2.1/thumb/v8-m.main+fp/hard\libg_nano.a(libc_a-mprec.o)
                0x00007d8c                __mdiff
 .text.__ulp    0x00007ebc       0x4c C:/Renesas/RA/e2studio_v2025-04_fsp_v5.9.0/toolchains/gcc_arm/13.2.rel1/bin/../lib/gcc/arm-none-eabi/13.2.1/thumb/v8-m.main+fp/hard\libg_nano.a(libc_a-mprec.o)
                0x00007ebc                __ulp
 .text.__b2d    0x00007f08       0x9c C:/Renesas/RA/e2studio_v2025-04_fsp_v5.9.0/toolchains/gcc_arm/13.2.rel1/bin/../lib/gcc/arm-none-eabi/13.2.1/thumb/v8-m.main+fp/hard\libg_nano.a(libc_a-mprec.o)
                0x00007f08                __b2d
 .text.__d2b    0x00007fa4       0xb0 C:/Renesas/RA/e2studio_v2025-04_fsp_v5.9.0/toolchains/gcc_arm/13.2.rel1/bin/../lib/gcc/arm-none-eabi/13.2.1/thumb/v8-m.main+fp/hard\libg_nano.a(libc_a-mprec.o)
                0x00007fa4                __d2b
 .text.__ratio  0x00008054       0x64 C:/Renesas/RA/e2studio_v2025-04_fsp_v5.9.0/toolchains/gcc_arm/13.2.rel1/bin/../lib/gcc/arm-none-eabi/13.2.1/thumb/v8-m.main+fp/hard\libg_nano.a(libc_a-mprec.o)
                0x00008054                __ratio
 .text.__copybits
                0x000080b8       0x46 C:/Renesas/RA/e2studio_v2025-04_fsp_v5.9.0/toolchains/gcc_arm/13.2.rel1/bin/../lib/gcc/arm-none-eabi/13.2.1/thumb/v8-m.main+fp/hard\libg_nano.a(libc_a-mprec.o)
                0x000080b8                __copybits
 .text.__any_on
                0x000080fe       0x42 C:/Renesas/RA/e2studio_v2025-04_fsp_v5.9.0/toolchains/gcc_arm/13.2.rel1/bin/../lib/gcc/arm-none-eabi/13.2.1/thumb/v8-m.main+fp/hard\libg_nano.a(libc_a-mprec.o)
                0x000080fe                __any_on
 .text.__ascii_wctomb
                0x00008140       0x1a C:/Renesas/RA/e2studio_v2025-04_fsp_v5.9.0/toolchains/gcc_arm/13.2.rel1/bin/../lib/gcc/arm-none-eabi/13.2.1/thumb/v8-m.main+fp/hard\libg_nano.a(libc_a-wctomb_r.o)
                0x00008140                __ascii_wctomb
 .text.__ssputs_r
                0x0000815a       0xb6 C:/Renesas/RA/e2studio_v2025-04_fsp_v5.9.0/toolchains/gcc_arm/13.2.rel1/bin/../lib/gcc/arm-none-eabi/13.2.1/thumb/v8-m.main+fp/hard\libg_nano.a(libc_a-nano-svfprintf.o)
                0x0000815a                __ssputs_r
 .text._svfprintf_r
                0x00008210      0x1f8 C:/Renesas/RA/e2studio_v2025-04_fsp_v5.9.0/toolchains/gcc_arm/13.2.rel1/bin/../lib/gcc/arm-none-eabi/13.2.1/thumb/v8-m.main+fp/hard\libg_nano.a(libc_a-nano-svfprintf.o)
                0x00008210                _svfiprintf_r
                0x00008210                _svfprintf_r
 .text._printf_common
                0x00008408       0xe4 C:/Renesas/RA/e2studio_v2025-04_fsp_v5.9.0/toolchains/gcc_arm/13.2.rel1/bin/../lib/gcc/arm-none-eabi/13.2.1/thumb/v8-m.main+fp/hard\libg_nano.a(libc_a-nano-vfprintf_i.o)
                0x00008408                _printf_common
 .text._printf_i
                0x000084ec      0x23c C:/Renesas/RA/e2studio_v2025-04_fsp_v5.9.0/toolchains/gcc_arm/13.2.rel1/bin/../lib/gcc/arm-none-eabi/13.2.1/thumb/v8-m.main+fp/hard\libg_nano.a(libc_a-nano-vfprintf_i.o)
                0x000084ec                _printf_i
 .text.memmove  0x00008728       0x34 C:/Renesas/RA/e2studio_v2025-04_fsp_v5.9.0/toolchains/gcc_arm/13.2.rel1/bin/../lib/gcc/arm-none-eabi/13.2.1/thumb/v8-m.main+fp/hard\libg_nano.a(libc_a-memmove.o)
                0x00008728                memmove
 .text._sbrk_r  0x0000875c       0x20 C:/Renesas/RA/e2studio_v2025-04_fsp_v5.9.0/toolchains/gcc_arm/13.2.rel1/bin/../lib/gcc/arm-none-eabi/13.2.1/thumb/v8-m.main+fp/hard\libg_nano.a(libc_a-sbrkr.o)
                0x0000875c                _sbrk_r
 .text.memchr   0x0000877c       0x1c C:/Renesas/RA/e2studio_v2025-04_fsp_v5.9.0/toolchains/gcc_arm/13.2.rel1/bin/../lib/gcc/arm-none-eabi/13.2.1/thumb/v8-m.main+fp/hard\libg_nano.a(libc_a-memchr-stub.o)
                0x0000877c                memchr
 .text._calloc_r
                0x00008798       0x28 C:/Renesas/RA/e2studio_v2025-04_fsp_v5.9.0/toolchains/gcc_arm/13.2.rel1/bin/../lib/gcc/arm-none-eabi/13.2.1/thumb/v8-m.main+fp/hard\libg_nano.a(libc_a-callocr.o)
                0x00008798                _calloc_r
 .text.malloc   0x000087c0       0x10 C:/Renesas/RA/e2studio_v2025-04_fsp_v5.9.0/toolchains/gcc_arm/13.2.rel1/bin/../lib/gcc/arm-none-eabi/13.2.1/thumb/v8-m.main+fp/hard\libg_nano.a(libc_a-malloc.o)
                0x000087c0                malloc
 .text._realloc_r
                0x000087d0       0x5c C:/Renesas/RA/e2studio_v2025-04_fsp_v5.9.0/toolchains/gcc_arm/13.2.rel1/bin/../lib/gcc/arm-none-eabi/13.2.1/thumb/v8-m.main+fp/hard\libg_nano.a(libc_a-reallocr.o)
                0x000087d0                _realloc_r
 .text._malloc_usable_size_r
                0x0000882c       0x10 C:/Renesas/RA/e2studio_v2025-04_fsp_v5.9.0/toolchains/gcc_arm/13.2.rel1/bin/../lib/gcc/arm-none-eabi/13.2.1/thumb/v8-m.main+fp/hard\libg_nano.a(libc_a-msizer.o)
                0x0000882c                _malloc_usable_size_r
 .text          0x0000883c      0x378 C:/Renesas/RA/e2studio_v2025-04_fsp_v5.9.0/toolchains/gcc_arm/13.2.rel1/bin/../lib/gcc/arm-none-eabi/13.2.1/thumb/v8-m.main+fp/hard\libgcc.a(_arm_addsubdf3.o)
                0x0000883c                __aeabi_drsub
                0x00008844                __aeabi_dsub
                0x00008844                __subdf3
                0x00008848                __aeabi_dadd
                0x00008848                __adddf3
                0x00008ac0                __floatunsidf
                0x00008ac0                __aeabi_ui2d
                0x00008ae0                __floatsidf
                0x00008ae0                __aeabi_i2d
                0x00008b04                __aeabi_f2d
                0x00008b04                __extendsfdf2
                0x00008b48                __floatundidf
                0x00008b48                __aeabi_ul2d
                0x00008b58                __floatdidf
                0x00008b58                __aeabi_l2d
 .text          0x00008bb4      0x424 C:/Renesas/RA/e2studio_v2025-04_fsp_v5.9.0/toolchains/gcc_arm/13.2.rel1/bin/../lib/gcc/arm-none-eabi/13.2.1/thumb/v8-m.main+fp/hard\libgcc.a(_arm_muldivdf3.o)
                0x00008bb4                __aeabi_dmul
                0x00008bb4                __muldf3
                0x00008e08                __divdf3
                0x00008e08                __aeabi_ddiv
 .text          0x00008fd8       0x40 C:/Renesas/RA/e2studio_v2025-04_fsp_v5.9.0/toolchains/gcc_arm/13.2.rel1/bin/../lib/gcc/arm-none-eabi/13.2.1/thumb/v8-m.main+fp/hard\libgcc.a(_arm_fixunsdfsi.o)
                0x00008fd8                __aeabi_d2uiz
                0x00008fd8                __fixunsdfsi
 .text.__fixdfdi
                0x00009018       0x30 C:/Renesas/RA/e2studio_v2025-04_fsp_v5.9.0/toolchains/gcc_arm/13.2.rel1/bin/../lib/gcc/arm-none-eabi/13.2.1/thumb/v8-m.main+fp/hard\libgcc.a(_fixdfdi.o)
                0x00009018                __fixdfdi
                0x00009018                __aeabi_d2lz
 .text.__fixunsdfdi
                0x00009048       0x3c C:/Renesas/RA/e2studio_v2025-04_fsp_v5.9.0/toolchains/gcc_arm/13.2.rel1/bin/../lib/gcc/arm-none-eabi/13.2.1/thumb/v8-m.main+fp/hard\libgcc.a(_fixunsdfdi.o)
                0x00009048                __fixunsdfdi
                0x00009048                __aeabi_d2ulz
 .text.logf     0x00009084       0x60 C:/Renesas/RA/e2studio_v2025-04_fsp_v5.9.0/toolchains/gcc_arm/13.2.rel1/bin/../lib/gcc/arm-none-eabi/13.2.1/thumb/v8-m.main+fp/hard\libm.a(libm_a-wf_log.o)
                0x00009084                logf
 .text.__ieee754_logf
                0x000090e4      0x1f8 C:/Renesas/RA/e2studio_v2025-04_fsp_v5.9.0/toolchains/gcc_arm/13.2.rel1/bin/../lib/gcc/arm-none-eabi/13.2.1/thumb/v8-m.main+fp/hard\libm.a(libm_a-ef_log.o)
                0x000090e4                __ieee754_logf
 *(.version)
 .version       0x000092dc       0x50 ./ra/fsp/src/bsp/mcu/all/bsp_common.o
 *(.init)
 .init          0x0000932c        0x4 C:/Renesas/RA/e2studio_v2025-04_fsp_v5.9.0/toolchains/gcc_arm/13.2.rel1/bin/../lib/gcc/arm-none-eabi/13.2.1/thumb/v8-m.main+fp/hard/crti.o
                0x0000932c                _init
 .init          0x00009330        0x8 C:/Renesas/RA/e2studio_v2025-04_fsp_v5.9.0/toolchains/gcc_arm/13.2.rel1/bin/../lib/gcc/arm-none-eabi/13.2.1/thumb/v8-m.main+fp/hard/crtn.o
 *(.fini)
 .fini          0x00009338        0x4 C:/Renesas/RA/e2studio_v2025-04_fsp_v5.9.0/toolchains/gcc_arm/13.2.rel1/bin/../lib/gcc/arm-none-eabi/13.2.1/thumb/v8-m.main+fp/hard/crti.o
                0x00009338                _fini
 .fini          0x0000933c        0x8 C:/Renesas/RA/e2studio_v2025-04_fsp_v5.9.0/toolchains/gcc_arm/13.2.rel1/bin/../lib/gcc/arm-none-eabi/13.2.1/thumb/v8-m.main+fp/hard/crtn.o
 *crtbegin.o(.ctors)
 *crtbegin?.o(.ctors)
 *(EXCLUDE_FILE(*crtend.o *crtend?.o) .ctors)
 *(SORT_BY_NAME(.ctors.*))
 *(.ctors)
 *crtbegin.o(.dtors)
 *crtbegin?.o(.dtors)
 *(EXCLUDE_FILE(*crtend.o *crtend?.o) .dtors)
 *(SORT_BY_NAME(.dtors.*))
 *(.dtors)
 *(.rodata*)
 .rodata.fmt_float.isra.0.str1.4
                0x00009344      0x40c ./src/hal_entry.o
                                  0x4 (size before relaxing)
 .rodata.ble_uart_tick.str1.4
                0x00009750      0x189 ./src/hal_entry.o
 .rodata.cal_offsets.5
                0x00009750       0x34 ./src/hal_entry.o
 .rodata.str1.4
                0x00009784      0x28c ./src/hal_entry.o
 .rodata.var_registry
                0x00009784      0x27c ./src/hal_entry.o
 .rodata.g_motor_angle0_cfg
                0x00009a00        0x8 ./ra_gen/hal_data.o
                0x00009a00                g_motor_angle0_cfg
 .rodata.g_motor_angle0_extend
                0x00009a08       0x30 ./ra_gen/hal_data.o
                0x00009a08                g_motor_angle0_extend
 .rodata.g_three_phase0_cfg
                0x00009a38       0x20 ./ra_gen/hal_data.o
                0x00009a38                g_three_phase0_cfg
 .rodata.g_timer0
                0x00009a58        0xc ./ra_gen/hal_data.o
                0x00009a58                g_timer0
 .rodata.g_timer0_cfg
                0x00009a64       0x20 ./ra_gen/hal_data.o
                0x00009a64                g_timer0_cfg
 .rodata.g_timer0_extend
                0x00009a84       0x3c ./ra_gen/hal_data.o
                0x00009a84                g_timer0_extend
 .rodata.g_timer0_pwm_extend
                0x00009ac0       0x20 ./ra_gen/hal_data.o
                0x00009ac0                g_timer0_pwm_extend
 .rodata.g_timer1
                0x00009ae0        0xc ./ra_gen/hal_data.o
                0x00009ae0                g_timer1
 .rodata.g_timer1_cfg
                0x00009aec       0x20 ./ra_gen/hal_data.o
                0x00009aec                g_timer1_cfg
 .rodata.g_timer1_extend
                0x00009b0c       0x3c ./ra_gen/hal_data.o
                0x00009b0c                g_timer1_extend
 .rodata.g_timer1_pwm_extend
                0x00009b48       0x20 ./ra_gen/hal_data.o
                0x00009b48                g_timer1_pwm_extend
 .rodata.g_timer2
                0x00009b68        0xc ./ra_gen/hal_data.o
                0x00009b68                g_timer2
 .rodata.g_timer2_cfg
                0x00009b74       0x20 ./ra_gen/hal_data.o
                0x00009b74                g_timer2_cfg
 .rodata.g_timer2_extend
                0x00009b94       0x3c ./ra_gen/hal_data.o
                0x00009b94                g_timer2_extend
 .rodata.g_timer2_pwm_extend
                0x00009bd0       0x20 ./ra_gen/hal_data.o
                0x00009bd0                g_timer2_pwm_extend
 .rodata.g_adc0_cfg
                0x00009bf0       0x18 ./ra_gen/hal_data.o
                0x00009bf0                g_adc0_cfg
 .rodata.g_adc0_cfg_extend
                0x00009c08      0x104 ./ra_gen/hal_data.o
                0x00009c08                g_adc0_cfg_extend
 .rodata.g_adc0_isr_cfg
                0x00009d0c       0x38 ./ra_gen/hal_data.o
                0x00009d0c                g_adc0_isr_cfg
 .rodata.g_adc0_scan_cfg
                0x00009d44        0x8 ./ra_gen/hal_data.o
                0x00009d44                g_adc0_scan_cfg
 .rodata.g_adc0_scan_cfg_groups
                0x00009d4c        0x8 ./ra_gen/hal_data.o
                0x00009d4c                g_adc0_scan_cfg_groups
 .rodata.g_adc0_group_2_cfg
                0x00009d54       0x1c ./ra_gen/hal_data.o
                0x00009d54                g_adc0_group_2_cfg
 .rodata.g_adc0_group_0_cfg
                0x00009d70       0x1c ./ra_gen/hal_data.o
                0x00009d70                g_adc0_group_0_cfg
 .rodata.g_adc0_group_2_virtual_channels
                0x00009d8c        0x8 ./ra_gen/hal_data.o
                0x00009d8c                g_adc0_group_2_virtual_channels
 .rodata.g_adc0_group_0_virtual_channels
                0x00009d94       0x1c ./ra_gen/hal_data.o
                0x00009d94                g_adc0_group_0_virtual_channels
 .rodata.g_adc0_virtual_channel_8_cfg
                0x00009db0       0x14 ./ra_gen/hal_data.o
                0x00009db0                g_adc0_virtual_channel_8_cfg
 .rodata.g_adc0_virtual_channel_7_cfg
                0x00009dc4       0x14 ./ra_gen/hal_data.o
                0x00009dc4                g_adc0_virtual_channel_7_cfg
 .rodata.g_adc0_virtual_channel_6_cfg
                0x00009dd8       0x14 ./ra_gen/hal_data.o
                0x00009dd8                g_adc0_virtual_channel_6_cfg
 .rodata.g_adc0_virtual_channel_5_cfg
                0x00009dec       0x14 ./ra_gen/hal_data.o
                0x00009dec                g_adc0_virtual_channel_5_cfg
 .rodata.g_adc0_virtual_channel_4_cfg
                0x00009e00       0x14 ./ra_gen/hal_data.o
                0x00009e00                g_adc0_virtual_channel_4_cfg
 .rodata.g_adc0_virtual_channel_3_cfg
                0x00009e14       0x14 ./ra_gen/hal_data.o
                0x00009e14                g_adc0_virtual_channel_3_cfg
 .rodata.g_adc0_virtual_channel_2_cfg
                0x00009e28       0x14 ./ra_gen/hal_data.o
                0x00009e28                g_adc0_virtual_channel_2_cfg
 .rodata.g_adc0_virtual_channel_1_cfg
                0x00009e3c       0x14 ./ra_gen/hal_data.o
                0x00009e3c                g_adc0_virtual_channel_1_cfg
 .rodata.g_adc0_virtual_channel_0_cfg
                0x00009e50       0x14 ./ra_gen/hal_data.o
                0x00009e50                g_adc0_virtual_channel_0_cfg
 .rodata.g_timer4_cfg
                0x00009e64       0x20 ./ra_gen/hal_data.o
                0x00009e64                g_timer4_cfg
 .rodata.g_timer4_extend
                0x00009e84       0x3c ./ra_gen/hal_data.o
                0x00009e84                g_timer4_extend
 .rodata.g_uart3_cfg
                0x00009ec0       0x20 ./ra_gen/hal_data.o
                0x00009ec0                g_uart3_cfg
 .rodata.g_uart3_cfg_extend
                0x00009ee0       0x14 ./ra_gen/hal_data.o
                0x00009ee0                g_uart3_cfg_extend
 .rodata.g_spi1_cfg
                0x00009ef4       0x24 ./ra_gen/hal_data.o
                0x00009ef4                g_spi1_cfg
 .rodata.g_spi1_ext_cfg
                0x00009f18        0xd ./ra_gen/hal_data.o
                0x00009f18                g_spi1_ext_cfg
 *fill*         0x00009f25        0x3 ff
 .rodata.g_transfer1
                0x00009f28        0xc ./ra_gen/hal_data.o
                0x00009f28                g_transfer1
 .rodata.g_transfer1_cfg
                0x00009f34        0x8 ./ra_gen/hal_data.o
                0x00009f34                g_transfer1_cfg
 .rodata.g_transfer1_cfg_extend
                0x00009f3c        0x1 ./ra_gen/hal_data.o
                0x00009f3c                g_transfer1_cfg_extend
 *fill*         0x00009f3d        0x3 ff
 .rodata.g_transfer0
                0x00009f40        0xc ./ra_gen/hal_data.o
                0x00009f40                g_transfer0
 .rodata.g_transfer0_cfg
                0x00009f4c        0x8 ./ra_gen/hal_data.o
                0x00009f4c                g_transfer0_cfg
 .rodata.g_transfer0_cfg_extend
                0x00009f54        0x1 ./ra_gen/hal_data.o
                0x00009f54                g_transfer0_cfg_extend
 *fill*         0x00009f55        0x3 ff
 .rodata.g_bsp_pin_cfg
                0x00009f58        0xc ./ra_gen/pin_data.o
                0x00009f58                g_bsp_pin_cfg
 .rodata.g_bsp_pin_cfg_data
                0x00009f64      0x190 ./ra_gen/pin_data.o
                0x00009f64                g_bsp_pin_cfg_data
 .rodata.g_interrupt_event_link_select
                0x0000a0f4       0x1a ./ra_gen/vector_data.o
                0x0000a0f4                g_interrupt_event_link_select
 *fill*         0x0000a10e        0x2 ff
 .rodata.g_timer_on_gpt
                0x0000a110       0x34 ./ra/fsp/src/r_gpt/r_gpt.o
                0x0000a110                g_timer_on_gpt
 .rodata.g_transfer_on_dtc
                0x0000a144       0x2c ./ra/fsp/src/r_dtc/r_dtc.o
                0x0000a144                g_transfer_on_dtc
 .rodata.g_prcr_masks
                0x0000a170        0x8 ./ra/fsp/src/bsp/mcu/all/bsp_register_protection.o
 .rodata._strtod_l.str1.1
                0x0000a178      0x12c C:/Renesas/RA/e2studio_v2025-04_fsp_v5.9.0/toolchains/gcc_arm/13.2.rel1/bin/../lib/gcc/arm-none-eabi/13.2.1/thumb/v8-m.main+fp/hard\libg_nano.a(libc_a-strtod.o)
                                  0xf (size before relaxing)
 .rodata.fpinan.0
                0x0000a2a4       0x14 C:/Renesas/RA/e2studio_v2025-04_fsp_v5.9.0/toolchains/gcc_arm/13.2.rel1/bin/../lib/gcc/arm-none-eabi/13.2.1/thumb/v8-m.main+fp/hard\libg_nano.a(libc_a-strtod.o)
 .rodata.fpi.1  0x0000a2b8       0x14 C:/Renesas/RA/e2studio_v2025-04_fsp_v5.9.0/toolchains/gcc_arm/13.2.rel1/bin/../lib/gcc/arm-none-eabi/13.2.1/thumb/v8-m.main+fp/hard\libg_nano.a(libc_a-strtod.o)
 *fill*         0x0000a2cc        0x4 ff
 .rodata.tinytens
                0x0000a2d0       0x28 C:/Renesas/RA/e2studio_v2025-04_fsp_v5.9.0/toolchains/gcc_arm/13.2.rel1/bin/../lib/gcc/arm-none-eabi/13.2.1/thumb/v8-m.main+fp/hard\libg_nano.a(libc_a-strtod.o)
 .rodata._ctype_
                0x0000a2f8      0x101 C:/Renesas/RA/e2studio_v2025-04_fsp_v5.9.0/toolchains/gcc_arm/13.2.rel1/bin/../lib/gcc/arm-none-eabi/13.2.1/thumb/v8-m.main+fp/hard\libg_nano.a(libc_a-ctype_.o)
                0x0000a2f8                _ctype_
 .rodata._setlocale_r.str1.1
                0x0000a3f9        0x9 C:/Renesas/RA/e2studio_v2025-04_fsp_v5.9.0/toolchains/gcc_arm/13.2.rel1/bin/../lib/gcc/arm-none-eabi/13.2.1/thumb/v8-m.main+fp/hard\libg_nano.a(libc_a-locale.o)
 .rodata.str1.1
                0x0000a3f9        0x2 C:/Renesas/RA/e2studio_v2025-04_fsp_v5.9.0/toolchains/gcc_arm/13.2.rel1/bin/../lib/gcc/arm-none-eabi/13.2.1/thumb/v8-m.main+fp/hard\libg_nano.a(libc_a-locale.o)
 .rodata.__gethex.str1.1
                0x0000a3f9       0x74 C:/Renesas/RA/e2studio_v2025-04_fsp_v5.9.0/toolchains/gcc_arm/13.2.rel1/bin/../lib/gcc/arm-none-eabi/13.2.1/thumb/v8-m.main+fp/hard\libg_nano.a(libc_a-gdtoa-gethex.o)
 .rodata._Balloc.str1.1
                0x0000a3f9       0x71 C:/Renesas/RA/e2studio_v2025-04_fsp_v5.9.0/toolchains/gcc_arm/13.2.rel1/bin/../lib/gcc/arm-none-eabi/13.2.1/thumb/v8-m.main+fp/hard\libg_nano.a(libc_a-mprec.o)
 .rodata.__multadd.str1.1
                0x0000a3f9       0x11 C:/Renesas/RA/e2studio_v2025-04_fsp_v5.9.0/toolchains/gcc_arm/13.2.rel1/bin/../lib/gcc/arm-none-eabi/13.2.1/thumb/v8-m.main+fp/hard\libg_nano.a(libc_a-mprec.o)
 *fill*         0x0000a3f9        0x3 ff
 .rodata.p05.0  0x0000a3fc        0xc C:/Renesas/RA/e2studio_v2025-04_fsp_v5.9.0/toolchains/gcc_arm/13.2.rel1/bin/../lib/gcc/arm-none-eabi/13.2.1/thumb/v8-m.main+fp/hard\libg_nano.a(libc_a-mprec.o)
 .rodata.__mprec_bigtens
                0x0000a408       0x28 C:/Renesas/RA/e2studio_v2025-04_fsp_v5.9.0/toolchains/gcc_arm/13.2.rel1/bin/../lib/gcc/arm-none-eabi/13.2.1/thumb/v8-m.main+fp/hard\libg_nano.a(libc_a-mprec.o)
                0x0000a408                __mprec_bigtens
 .rodata.__mprec_tens
                0x0000a430       0xc8 C:/Renesas/RA/e2studio_v2025-04_fsp_v5.9.0/toolchains/gcc_arm/13.2.rel1/bin/../lib/gcc/arm-none-eabi/13.2.1/thumb/v8-m.main+fp/hard\libg_nano.a(libc_a-mprec.o)
                0x0000a430                __mprec_tens
 .rodata._svfprintf_r.str1.1
                0x0000a4f8       0x11 C:/Renesas/RA/e2studio_v2025-04_fsp_v5.9.0/toolchains/gcc_arm/13.2.rel1/bin/../lib/gcc/arm-none-eabi/13.2.1/thumb/v8-m.main+fp/hard\libg_nano.a(libc_a-nano-svfprintf.o)
 .rodata._printf_i.str1.1
                0x0000a4f8       0x22 C:/Renesas/RA/e2studio_v2025-04_fsp_v5.9.0/toolchains/gcc_arm/13.2.rel1/bin/../lib/gcc/arm-none-eabi/13.2.1/thumb/v8-m.main+fp/hard\libg_nano.a(libc_a-nano-vfprintf_i.o)
 .rodata.logf.str1.4
                0x0000a4f8        0x1 C:/Renesas/RA/e2studio_v2025-04_fsp_v5.9.0/toolchains/gcc_arm/13.2.rel1/bin/../lib/gcc/arm-none-eabi/13.2.1/thumb/v8-m.main+fp/hard\libm.a(libm_a-wf_log.o)
                0x0000a4f8                        __usb_dev_descriptor_start_fs = .
 *(.usb_device_desc_fs*)
                0x0000a4f8                        __usb_cfg_descriptor_start_fs = .
 *(.usb_config_desc_fs*)
                0x0000a4f8                        __usb_interface_descriptor_start_fs = .
 *(.usb_interface_desc_fs*)
                0x0000a4f8                        __usb_descriptor_end_fs = .
                0x0000a4f8                        __usb_dev_descriptor_start_hs = .
 *(.usb_device_desc_hs*)
                0x0000a4f8                        __usb_cfg_descriptor_start_hs = .
 *(.usb_config_desc_hs*)
                0x0000a4f8                        __usb_interface_descriptor_start_hs = .
 *(.usb_interface_desc_hs*)
                0x0000a4f8                        __usb_descriptor_end_hs = .
 *(.eh_frame*)
 .eh_frame      0x0000a4f8        0x0 C:/Renesas/RA/e2studio_v2025-04_fsp_v5.9.0/toolchains/gcc_arm/13.2.rel1/bin/../lib/gcc/arm-none-eabi/13.2.1/thumb/v8-m.main+fp/hard/crtbegin.o
 .eh_frame      0x0000a4f8       0x28 C:/Renesas/RA/e2studio_v2025-04_fsp_v5.9.0/toolchains/gcc_arm/13.2.rel1/bin/../lib/gcc/arm-none-eabi/13.2.1/thumb/v8-m.main+fp/hard\libg_nano.a(libc_a-strlen.o)
 .eh_frame      0x0000a520        0x4 C:/Renesas/RA/e2studio_v2025-04_fsp_v5.9.0/toolchains/gcc_arm/13.2.rel1/bin/../lib/gcc/arm-none-eabi/13.2.1/thumb/v8-m.main+fp/hard/crtend.o
                0x0000a524                        __ROM_End = .
                0x00000074                        __Vectors_Size = (__Vectors_End - __Vectors)

.glue_7         0x0000a524        0x0
 .glue_7        0x0000a524        0x0 linker stubs

.glue_7t        0x0000a524        0x0
 .glue_7t       0x0000a524        0x0 linker stubs

.vfp11_veneer   0x0000a524        0x0
 .vfp11_veneer  0x0000a524        0x0 linker stubs

.v4_bx          0x0000a524        0x0
 .v4_bx         0x0000a524        0x0 linker stubs

.iplt           0x0000a524        0x0
 .iplt          0x0000a524        0x0 C:/Renesas/RA/e2studio_v2025-04_fsp_v5.9.0/toolchains/gcc_arm/13.2.rel1/bin/../lib/gcc/arm-none-eabi/13.2.1/thumb/v8-m.main+fp/hard/crtbegin.o
                0x0000a524                        . = .
                0x0000a524                        __itcm_data_pre_location = .

.itcm_data      0x00000000        0x0 load address 0x0000a530
                0x00000000                        __tz_ITCM_S = ABSOLUTE (ITCM_START)
                0x00000000                        __itcm_data_start = .
 *(.itcm_data*)
                0x00000000                        . = ALIGN (0x8)
                0x00000000                        __itcm_data_end = .
                0x00000000                        __tz_ITCM_N = DEFINED (ITCM_NS_START)?ABSOLUTE (ITCM_NS_START):ALIGN (__itcm_data_end, 0x2000)
                0x0000a530                        __itcm_data_init_start = LOADADDR (.itcm_data)
                0x0000a530                        __itcm_data_init_end = (LOADADDR (.itcm_data) + SIZEOF (.itcm_data))
                0x00000001                        ASSERT (((ORIGIN (ITCM) % 0x8) == 0x0), ITCM memory region origin must be aligned to 8 bytes.)
                0x00000001                        ASSERT (((LENGTH (ITCM) % 0x8) == 0x0), ITCM memory region length must be a multiple of 8 bytes.)
                0x00000001                        ASSERT (((LOADADDR (.itcm_data) % 0x10) == 0x0), .itcm_data section must be aligned to 16 bytes.)
                0x00000001                        ASSERT (((SIZEOF (.itcm_data) % 0x8) == 0x0), .itcm_data section size must be a multiple of 8 bytes.)
                0x0000a524                        . = (SIZEOF (.itcm_data) > 0x0)?__itcm_data_init_end:__itcm_data_pre_location
                0x0000a524                        __exidx_start = .

/DISCARD/
 *(.ARM.extab* .gnu.linkonce.armextab.*)
 *(.ARM.exidx* .gnu.linkonce.armexidx.*)
                0x0000a524                        __exidx_end = .
                0x0000a524                        __etext = .
                0x20000000                        __tz_RAM_S = ORIGIN (RAM)

.fsp_dtc_vector_table
                0x20000000       0x34
                0x20000000                        . = ORIGIN (RAM)
 *(.fsp_dtc_vector_table)
 .fsp_dtc_vector_table
                0x20000000       0x34 ./ra/fsp/src/r_dtc/r_dtc.o

.data           0x20000038      0x29c load address 0x0000a524
                0x20000038                        __data_start__ = .
                0x20000038                        . = ALIGN (0x4)
                0x20000038                        __Code_In_RAM_Start = .
 *(.code_in_ram*)
                0x20000038                        __Code_In_RAM_End = .
 *(vtable)
 *(.data.*)
 .data.pmsm     0x20000038       0x38 ./src/ConfigParameters.o
                0x20000038                pmsm
 .data.inverter
                0x20000070        0xc ./src/ConfigParameters.o
                0x20000070                inverter
 *fill*         0x2000007c        0x4 
 .data.Ts_speed
                0x20000080        0x8 ./src/ConfigParameters.o
                0x20000080                Ts_speed
 .data.PI_params
                0x20000088       0x24 ./src/ConfigParameters.o
                0x20000088                PI_params
 .data.dump_send_idx
                0x200000ac        0x2 ./src/hal_entry.o
 .data.list_send_idx
                0x200000ae        0x2 ./src/hal_entry.o
 .data.pack_mode
                0x200000b0        0x1 ./src/hal_entry.o
 .data.imu_spi_event
                0x200000b1        0x1 ./src/hal_entry.o
                0x200000b1                imu_spi_event
 .data.imu_spi_open_err
                0x200000b2        0x1 ./src/hal_entry.o
                0x200000b2                imu_spi_open_err
 *fill*         0x200000b3        0x1 
 .data.ble_log_interval
                0x200000b4        0x2 ./src/hal_entry.o
 .data.dbg_tx_last_err
                0x200000b6        0x1 ./src/hal_entry.o
                0x200000b6                dbg_tx_last_err
 .data.tx_spacing_ms
                0x200000b7        0x1 ./src/hal_entry.o
                0x200000b7                tx_spacing_ms
 .data.dbg_pe05_level
                0x200000b8        0x1 ./src/hal_entry.o
                0x200000b8                dbg_pe05_level
 .data.sw_in2_last
                0x200000b9        0x1 ./src/hal_entry.o
 .data.sw_in1_last
                0x200000ba        0x1 ./src/hal_entry.o
 *fill*         0x200000bb        0x1 
 .data.output_derating
                0x200000bc        0x4 ./src/hal_entry.o
                0x200000bc                output_derating
 .data.temp_regen
                0x200000c0        0x4 ./src/hal_entry.o
                0x200000c0                temp_regen
 .data.temp_inverter
                0x200000c4        0x4 ./src/hal_entry.o
                0x200000c4                temp_inverter
 .data.cal_sweep_id_min
                0x200000c8        0x4 ./src/hal_entry.o
                0x200000c8                cal_sweep_id_min
 .data.log_running
                0x200000cc        0x1 ./src/hal_entry.o
                0x200000cc                log_running
 *fill*         0x200000cd        0x3 
 .data.torque_max_speed_rpm
                0x200000d0        0x4 ./src/hal_entry.o
                0x200000d0                torque_max_speed_rpm
 .data.torque_ref_iq_max
                0x200000d4        0x4 ./src/hal_entry.o
                0x200000d4                torque_ref_iq_max
 .data.torque_ref_iq
                0x200000d8        0x4 ./src/hal_entry.o
                0x200000d8                torque_ref_iq
 .data.control_mode
                0x200000dc        0x1 ./src/hal_entry.o
                0x200000dc                control_mode
 *fill*         0x200000dd        0x3 
 .data.speed_filter_alpha
                0x200000e0        0x4 ./src/hal_entry.o
                0x200000e0                speed_filter_alpha
 .data.Mode     0x200000e4        0x4 ./src/hal_entry.o
                0x200000e4                Mode
 .data.Iab_offset
                0x200000e8        0x4 ./src/hal_entry.o
                0x200000e8                Iab_offset
 .data.g_uart3_baud_setting
                0x200000ec        0x4 ./ra_gen/hal_data.o
                0x200000ec                g_uart3_baud_setting
 .data.g_transfer1_info
                0x200000f0       0x10 ./ra_gen/hal_data.o
                0x200000f0                g_transfer1_info
 .data.g_transfer0_info
                0x20000100       0x10 ./ra_gen/hal_data.o
                0x20000100                g_transfer0_info
 .data.__global_locale
                0x20000110      0x16c C:/Renesas/RA/e2studio_v2025-04_fsp_v5.9.0/toolchains/gcc_arm/13.2.rel1/bin/../lib/gcc/arm-none-eabi/13.2.1/thumb/v8-m.main+fp/hard\libg_nano.a(libc_a-locale.o)
                0x20000110                __global_locale
 .data._impure_ptr
                0x2000027c        0x4 C:/Renesas/RA/e2studio_v2025-04_fsp_v5.9.0/toolchains/gcc_arm/13.2.rel1/bin/../lib/gcc/arm-none-eabi/13.2.1/thumb/v8-m.main+fp/hard\libg_nano.a(libc_a-impure.o)
                0x2000027c                _impure_ptr
 .data._impure_data
                0x20000280       0x4c C:/Renesas/RA/e2studio_v2025-04_fsp_v5.9.0/toolchains/gcc_arm/13.2.rel1/bin/../lib/gcc/arm-none-eabi/13.2.1/thumb/v8-m.main+fp/hard\libg_nano.a(libc_a-impure.o)
                0x20000280                _impure_data
 *(.data)
                0x200002cc                        . = ALIGN (0x4)
                0x200002cc                        PROVIDE (__preinit_array_start = .)
 *(.preinit_array)
                0x200002cc                        PROVIDE (__preinit_array_end = .)
                0x200002cc                        . = ALIGN (0x4)
                0x200002cc                        PROVIDE (__init_array_start = .)
 *(SORT_BY_NAME(.init_array.*))
 *(.init_array)
 .init_array    0x200002cc        0x4 C:/Renesas/RA/e2studio_v2025-04_fsp_v5.9.0/toolchains/gcc_arm/13.2.rel1/bin/../lib/gcc/arm-none-eabi/13.2.1/thumb/v8-m.main+fp/hard/crtbegin.o
                0x200002d0                        PROVIDE (__init_array_end = .)
                0x200002d0                        . = ALIGN (0x4)
                [!provide]                        PROVIDE (__fini_array_start = .)
 *(SORT_BY_NAME(.fini_array.*))
 *(.fini_array)
 .fini_array    0x200002d0        0x4 C:/Renesas/RA/e2studio_v2025-04_fsp_v5.9.0/toolchains/gcc_arm/13.2.rel1/bin/../lib/gcc/arm-none-eabi/13.2.1/thumb/v8-m.main+fp/hard/crtbegin.o
                [!provide]                        PROVIDE (__fini_array_end = .)
 *(.jcr*)
                0x200002d4                        . = ALIGN (0x4)
                0x200002d4                        __data_end__ = .

.tm_clone_table
                0x200002d4        0x0 load address 0x0000a7c0
 .tm_clone_table
                0x200002d4        0x0 C:/Renesas/RA/e2studio_v2025-04_fsp_v5.9.0/toolchains/gcc_arm/13.2.rel1/bin/../lib/gcc/arm-none-eabi/13.2.1/thumb/v8-m.main+fp/hard/crtbegin.o
 .tm_clone_table
                0x200002d4        0x0 C:/Renesas/RA/e2studio_v2025-04_fsp_v5.9.0/toolchains/gcc_arm/13.2.rel1/bin/../lib/gcc/arm-none-eabi/13.2.1/thumb/v8-m.main+fp/hard/crtend.o

.igot.plt       0x200002d4        0x0 load address 0x0000a7c0
 .igot.plt      0x200002d4        0x0 C:/Renesas/RA/e2studio_v2025-04_fsp_v5.9.0/toolchains/gcc_arm/13.2.rel1/bin/../lib/gcc/arm-none-eabi/13.2.1/thumb/v8-m.main+fp/hard/crtbegin.o
                0x200002d4                        . = .
                0x0000a7c0                        __dtcm_data_pre_location = (LOADADDR (.data) + SIZEOF (.data))

.dtcm_data      0x00000000        0x0 load address 0x0000a7c0
                0x00000000                        __tz_DTCM_S = ABSOLUTE (DTCM_START)
                0x00000000                        __dtcm_data_start = .
 *(.dtcm_data*)
                0x00000000                        . = ALIGN (0x8)
                0x00000000                        __dtcm_data_end = .
                0x00000000                        . = __dtcm_data_end

.dtcm_bss       0x00000000        0x0
                0x00000000                        __dtcm_bss_start = .
 *(.dtcm_bss*)
                0x00000000                        . = ALIGN (0x8)
                0x00000000                        __dtcm_bss_end = .
                0x00000000                        __tz_DTCM_N = DEFINED (DTCM_NS_START)?ABSOLUTE (DTCM_NS_START):ALIGN (__dtcm_bss_end, 0x2000)
                0x0000a7c0                        __dtcm_data_init_start = LOADADDR (.dtcm_data)
                0x0000a7c0                        __dtcm_data_init_end = (LOADADDR (.dtcm_data) + SIZEOF (.dtcm_data))
                0x00000001                        ASSERT (((ORIGIN (DTCM) % 0x8) == 0x0), DTCM memory region origin must be aligned to 8 bytes.)
                0x00000001                        ASSERT (((LENGTH (DTCM) % 0x8) == 0x0), DTCM memory region length must be a multiple of 8 bytes.)
                0x00000001                        ASSERT ((LOADADDR (.dtcm_bss) == ADDR (.dtcm_bss)), .dtcm_bss has (VMA != LMA) but should be NOLOAD (VMA == LMA).)
                0x00000001                        ASSERT (((LOADADDR (.dtcm_data) % 0x10) == 0x0), .dtcm_data section must be aligned to 16 bytes.)
                0x00000001                        ASSERT (((SIZEOF (.dtcm_data) % 0x8) == 0x0), .dtcm_data section size must be a multiple of 8 bytes.)
                0x00000001                        ASSERT (((LOADADDR (.dtcm_bss) % 0x8) == 0x0), .dtcm_bss section must be aligned to 8 bytes.)
                0x00000001                        ASSERT (((SIZEOF (.dtcm_bss) % 0x8) == 0x0), .dtcm_bss section size must be a multiple of 8 bytes.)
                0x00000001                        ASSERT ((__dtcm_bss_start == __dtcm_data_end), .dtcm_bss section is not adjacent to .dtcm_data section.)
                0x0000a7c0                        . = (SIZEOF (.dtcm_data) > 0x0)?__dtcm_data_init_end:__dtcm_data_pre_location
                0x0000a7c0                        sgstubs_pre_location = .
                0x0000a800                        SGSTUBS_LOC = (DEFINED (PROJECT_SECURE) && DEFINED (FLASH_NSC_START))?ABSOLUTE (FLASH_NSC_START):ALIGN (0x400)

.gnu.sgstubs    0x0000a800        0x0
                0x0000a800                        __tz_FLASH_C = DEFINED (FLASH_NSC_START)?ABSOLUTE (FLASH_NSC_START):__RESERVE_NS_RAM?ABSOLUTE ((FLASH_START + FLASH_LENGTH)):ALIGN (0x400)
                0x0000a800                        _start_sg = .
 *(.gnu.sgstubs*)
                0x0000a800                        . = ALIGN (0x20)
                0x0000a800                        _end_sg = .
                0x00010000                        __tz_FLASH_N = DEFINED (FLASH_NS_START)?ABSOLUTE (FLASH_NS_START):__RESERVE_NS_RAM?ABSOLUTE ((FLASH_START + FLASH_LENGTH)):(FLASH_LENGTH < 0x8000)?FLASH_LENGTH:ALIGN (0x8000)
                0x00010000                        FLASH_NS_IMAGE_START = DEFINED (FLASH_NS_IMAGE_START)?FLASH_NS_IMAGE_START:__tz_FLASH_N
                0x60000000                        __tz_QSPI_FLASH_S = ORIGIN (QSPI_FLASH)

.qspi_flash     0x60000000        0x0
                0x60000000                        __qspi_flash_start__ = .
 *(.qspi_flash*)
 *(.code_in_qspi*)
                0x60000000                        __qspi_flash_end__ = .
                0x00000000                        __qspi_flash_code_size__ = (__qspi_flash_end__ - __qspi_flash_start__)
                0x0000a7c0                        __qspi_flash_code_addr__ = sgstubs_pre_location

.qspi_non_retentive
                0x60000000        0x0 load address 0x0000a7c0
                0x60000000                        __qspi_non_retentive_start__ = .
 *(.qspi_non_retentive*)
                0x60000000                        __qspi_non_retentive_end__ = .
                0x00000000                        __qspi_non_retentive_size__ = (__qspi_non_retentive_end__ - __qspi_non_retentive_start__)
                0x04000000                        __qspi_region_max_size__ = 0x4000000
                0x60000000                        __qspi_region_start_address__ = __qspi_flash_start__
                0x64000000                        __qspi_region_end_address__ = (__qspi_flash_start__ + __qspi_region_max_size__)
                0x60000000                        __tz_QSPI_FLASH_N = __qspi_non_retentive_end__

.OSPI_DEVICE_0_NO_LOAD
                0x80020000        0x0
                0x80020000                        . = ALIGN (0x4)
                0x80020000                        __ospi_device_0_start__ = .
 *(.ospi_device_0_no_load*)
                0x80020000                        . = ALIGN (0x4)
                0x80020000                        __ospi_device_0_end__ = .

.OSPI_DEVICE_1_NO_LOAD
                0x80030000        0x0
                0x80030000                        . = ALIGN (0x4)
                0x80030000                        __ospi_device_1_start__ = .
 *(.ospi_device_1_no_load*)
                0x80030000                        . = ALIGN (0x4)
                0x80030000                        __ospi_device_1_end__ = .
                0x80020000                        __tz_OSPI_DEVICE_0_S = ORIGIN (OSPI_DEVICE_0)

.OSPI_DEVICE_0  0x80020000        0x0
                0x80020000                        __ospi_device_0_start__ = .
 *(.ospi_device_0*)
 *(.code_in_ospi_device_0*)
                0x80020000                        __ospi_device_0_end__ = .
                0x00000000                        __ospi_device_0_code_size__ = (__ospi_device_0_end__ - __ospi_device_0_start__)
                0x0000a7c0                        __ospi_device_0_code_addr__ = (sgstubs_pre_location + SIZEOF (.qspi_non_retentive))

.ospi_device_0_non_retentive
                0x80020000        0x0 load address 0x0000a7c0
                0x80020000                        __ospi_device_0_non_retentive_start__ = .
 *(.ospi_device_0_non_retentive*)
                0x80020000                        __ospi_device_0_non_retentive_end__ = .
                0x00000000                        __ospi_device_0_non_retentive_size__ = (__ospi_device_0_non_retentive_end__ - __ospi_device_0_non_retentive_start__)
                0x08000000                        __ospi_device_0_region_max_size__ = 0x8000000
                0x80020000                        __ospi_device_0_region_start_address__ = __ospi_device_0_start__
                0x88020000                        __ospi_device_0_region_end_address__ = (__ospi_device_0_start__ + __ospi_device_0_region_max_size__)
                0x80020000                        __tz_OSPI_DEVICE_0_N = __ospi_device_0_non_retentive_end__
                0x80030000                        __tz_OSPI_DEVICE_1_S = ORIGIN (OSPI_DEVICE_1)

.OSPI_DEVICE_1  0x80030000        0x0
                0x80030000                        __ospi_device_1_start__ = .
 *(.ospi_device_1*)
 *(.code_in_ospi_device_1*)
                0x80030000                        __ospi_device_1_end__ = .
                0x00000000                        __ospi_device_1_code_size__ = (__ospi_device_1_end__ - __ospi_device_1_start__)
                0x0000a7c0                        __ospi_device_1_code_addr__ = (sgstubs_pre_location + (SIZEOF (.qspi_non_retentive) + SIZEOF (.ospi_device_0_non_retentive)))

.ospi_device_1_non_retentive
                0x80030000        0x0 load address 0x0000a7c0
                0x80030000                        __ospi_device_1_non_retentive_start__ = .
 *(.ospi_device_1_non_retentive*)
                0x80030000                        __ospi_device_1_non_retentive_end__ = .
                0x00000000                        __ospi_device_1_non_retentive_size__ = (__ospi_device_1_non_retentive_end__ - __ospi_device_1_non_retentive_start__)
                0x10000000                        __ospi_device_1_region_max_size__ = 0x10000000
                0x80030000                        __ospi_device_1_region_start_address__ = __ospi_device_1_start__
                0x90030000                        __ospi_device_1_region_end_address__ = (__ospi_device_1_start__ + __ospi_device_1_region_max_size__)
                0x80030000                        __tz_OSPI_DEVICE_1_N = __ospi_device_1_non_retentive_end__

.noinit         0x200002d4       0x1c
                0x200002d4                        . = ALIGN (0x4)
                0x200002d4                        __noinit_start = .
 *(.noinit*)
 .noinit        0x200002d4       0x1c ./ra/fsp/src/bsp/mcu/all/bsp_clocks.o
                0x200002f0                        . = ALIGN (0x8)
 *(.heap.*)
                0x200002f0                        __noinit_end = .

.bss            0x200002f0     0x3b78
                0x200002f0                        . = ALIGN (0x4)
                0x200002f0                        __bss_start__ = .
 *(.bss*)
 .bss.completed.1
                0x200002f0        0x1 C:/Renesas/RA/e2studio_v2025-04_fsp_v5.9.0/toolchains/gcc_arm/13.2.rel1/bin/../lib/gcc/arm-none-eabi/13.2.1/thumb/v8-m.main+fp/hard/crtbegin.o
 *fill*         0x200002f1        0x3 
 .bss.object.0  0x200002f4       0x18 C:/Renesas/RA/e2studio_v2025-04_fsp_v5.9.0/toolchains/gcc_arm/13.2.rel1/bin/../lib/gcc/arm-none-eabi/13.2.1/thumb/v8-m.main+fp/hard/crtbegin.o
 .bss.FOCCurrentControl_PrevZCX
                0x2000030c       0x10 ./src/FOCCurrentControl.o
                0x2000030c                FOCCurrentControl_PrevZCX
 .bss.FOCCurrentControl_DW
                0x2000031c       0x78 ./src/FOCCurrentControl.o
                0x2000031c                FOCCurrentControl_DW
 .bss.FOCSpeedControl_DW
                0x20000394       0x14 ./src/FOCSpeedControl.o
                0x20000394                FOCSpeedControl_DW
 .bss.resp.0    0x200003a8      0x100 ./src/hal_entry.o
 .bss.auto_send_counter.1
                0x200004a8        0x2 ./src/hal_entry.o
 .bss.dump_tick2.2
                0x200004aa        0x1 ./src/hal_entry.o
 *fill*         0x200004ab        0x1 
 .bss.imu_div.3
                0x200004ac        0x2 ./src/hal_entry.o
 .bss.vbat_low_count.4
                0x200004ae        0x2 ./src/hal_entry.o
 .bss.cal_id_count.6
                0x200004b0        0x4 ./src/hal_entry.o
 .bss.cal_id_sum.7
                0x200004b4        0x4 ./src/hal_entry.o
 .bss.cal_timer.8
                0x200004b8        0x2 ./src/hal_entry.o
 *fill*         0x200004ba        0x2 
 .bss.Vq_ff_lpf.9
                0x200004bc        0x4 ./src/hal_entry.o
 .bss.Iq_integral.10
                0x200004c0        0x4 ./src/hal_entry.o
 .bss.Id_integral.11
                0x200004c4        0x4 ./src/hal_entry.o
 .bss.foc_was_enabled.12
                0x200004c8        0x1 ./src/hal_entry.o
 *fill*         0x200004c9        0x3 
 .bss.Iq_fb_val.13
                0x200004cc        0x4 ./src/hal_entry.o
 .bss.Id_fb.14  0x200004d0        0x4 ./src/hal_entry.o
 .bss.ADC_data  0x200004d4       0x24 ./src/hal_entry.o
                0x200004d4                ADC_data
 .bss.pack_idx  0x200004f8        0x1 ./src/hal_entry.o
 *fill*         0x200004f9        0x3 
 .bss.pack_rpm  0x200004fc        0xa ./src/hal_entry.o
 *fill*         0x20000506        0x2 
 .bss.spi1_rx_buf
                0x20000508       0x10 ./src/hal_entry.o
 .bss.spi1_tx_buf
                0x20000518       0x10 ./src/hal_entry.o
 .bss.imu_read_request
                0x20000528        0x1 ./src/hal_entry.o
 *fill*         0x20000529        0x3 
 .bss.imu_gyro_dps
                0x2000052c        0xc ./src/hal_entry.o
                0x2000052c                imu_gyro_dps
 .bss.imu_accel_g
                0x20000538        0xc ./src/hal_entry.o
                0x20000538                imu_accel_g
 .bss.imu_gyro_raw
                0x20000544        0x6 ./src/hal_entry.o
                0x20000544                imu_gyro_raw
 *fill*         0x2000054a        0x2 
 .bss.imu_accel_raw
                0x2000054c        0x6 ./src/hal_entry.o
                0x2000054c                imu_accel_raw
 .bss.imu_spi_timeout_cnt
                0x20000552        0x1 ./src/hal_entry.o
                0x20000552                imu_spi_timeout_cnt
 .bss.imu_spi_wr_err
                0x20000553        0x1 ./src/hal_entry.o
                0x20000553                imu_spi_wr_err
 .bss.imu_spi_timeout
                0x20000554        0x1 ./src/hal_entry.o
                0x20000554                imu_spi_timeout
 .bss.imu_rx_byte1
                0x20000555        0x1 ./src/hal_entry.o
                0x20000555                imu_rx_byte1
 .bss.imu_rx_byte0
                0x20000556        0x1 ./src/hal_entry.o
                0x20000556                imu_rx_byte0
 .bss.imu_spi_cb_count
                0x20000557        0x1 ./src/hal_entry.o
                0x20000557                imu_spi_cb_count
 .bss.imu_init_stage
                0x20000558        0x1 ./src/hal_entry.o
                0x20000558                imu_init_stage
 .bss.imu_int_status
                0x20000559        0x1 ./src/hal_entry.o
                0x20000559                imu_int_status
 .bss.imu_accel_cfg
                0x2000055a        0x1 ./src/hal_entry.o
                0x2000055a                imu_accel_cfg
 .bss.imu_pwr_mgmt0
                0x2000055b        0x1 ./src/hal_entry.o
                0x2000055b                imu_pwr_mgmt0
 .bss.imu_init_ok
                0x2000055c        0x1 ./src/hal_entry.o
                0x2000055c                imu_init_ok
 .bss.imu_who_am_i
                0x2000055d        0x1 ./src/hal_entry.o
                0x2000055d                imu_who_am_i
 .bss.spi1_tx_done
                0x2000055e        0x1 ./src/hal_entry.o
 *fill*         0x2000055f        0x1 
 .bss.dbg_log_bursts
                0x20000560        0x2 ./src/hal_entry.o
                0x20000560                dbg_log_bursts
 .bss.dbg_log_lines_total
                0x20000562        0x2 ./src/hal_entry.o
                0x20000562                dbg_log_lines_total
 .bss.log_burst_sent
                0x20000564        0x1 ./src/hal_entry.o
 .bss.log_burst_max
                0x20000565        0x1 ./src/hal_entry.o
                0x20000565                log_burst_max
 .bss.ble_log_counter
                0x20000566        0x2 ./src/hal_entry.o
 .bss.ble_log_streaming
                0x20000568        0x1 ./src/hal_entry.o
 *fill*         0x20000569        0x1 
 .bss.dbg_tx_write_count
                0x2000056a        0x2 ./src/hal_entry.o
                0x2000056a                dbg_tx_write_count
 .bss.dbg_tx_last_len
                0x2000056c        0x2 ./src/hal_entry.o
                0x2000056c                dbg_tx_last_len
 .bss.tx_spacing_timer
                0x2000056e        0x1 ./src/hal_entry.o
 *fill*         0x2000056f        0x1 
 .bss.dbg_cmd_timeout_count
                0x20000570        0x2 ./src/hal_entry.o
                0x20000570                dbg_cmd_timeout_count
 .bss.dbg_cmd_get_count
                0x20000572        0x2 ./src/hal_entry.o
                0x20000572                dbg_cmd_get_count
 .bss.dbg_cmd_rx_count
                0x20000574        0x2 ./src/hal_entry.o
                0x20000574                dbg_cmd_rx_count
 .bss.dbg_auto_send
                0x20000576        0x1 ./src/hal_entry.o
                0x20000576                dbg_auto_send
 *fill*         0x20000577        0x1 
 .bss.dbg_baud_cyccnt
                0x20000578        0x4 ./src/hal_entry.o
                0x20000578                dbg_baud_cyccnt
 .bss.dbg_baud_cycles
                0x2000057c        0x4 ./src/hal_entry.o
                0x2000057c                dbg_baud_cycles
 .bss.dbg_actual_brr
                0x20000580        0x1 ./src/hal_entry.o
                0x20000580                dbg_actual_brr
 *fill*         0x20000581        0x1 
 .bss.dbg_ping_count
                0x20000582        0x2 ./src/hal_entry.o
                0x20000582                dbg_ping_count
 .bss.dbg_ccr2_value
                0x20000584        0x4 ./src/hal_entry.o
                0x20000584                dbg_ccr2_value
 .bss.dbg_rx_raw_idx
                0x20000588        0x1 ./src/hal_entry.o
 *fill*         0x20000589        0x3 
 .bss.dbg_rx_raw
                0x2000058c       0x40 ./src/hal_entry.o
 .bss.dbg_poll_count
                0x200005cc        0x2 ./src/hal_entry.o
 .bss.uart_err_count
                0x200005ce        0x2 ./src/hal_entry.o
 .bss.uart_rx_byte_count
                0x200005d0        0x2 ./src/hal_entry.o
 .bss.ble_debug_state
                0x200005d2        0x1 ./src/hal_entry.o
 *fill*         0x200005d3        0x1 
 .bss.uart_rx_idle_ms
                0x200005d4        0x2 ./src/hal_entry.o
 .bss.tx_drop_count
                0x200005d6        0x2 ./src/hal_entry.o
                0x200005d6                tx_drop_count
 .bss.tx_ring_count
                0x200005d8        0x1 ./src/hal_entry.o
 .bss.tx_ring_tail
                0x200005d9        0x1 ./src/hal_entry.o
 .bss.tx_ring_head
                0x200005da        0x1 ./src/hal_entry.o
 *fill*         0x200005db        0x1 
 .bss.tx_ring   0x200005dc      0x800 ./src/hal_entry.o
 .bss.uart_tx_busy
                0x20000ddc        0x1 ./src/hal_entry.o
 .bss.rx_cmd_count
                0x20000ddd        0x1 ./src/hal_entry.o
 .bss.rx_cmd_tail
                0x20000dde        0x1 ./src/hal_entry.o
 .bss.rx_cmd_head
                0x20000ddf        0x1 ./src/hal_entry.o
 .bss.rx_cmd_ring
                0x20000de0      0x100 ./src/hal_entry.o
 .bss.uart_rx_idx
                0x20000ee0        0x2 ./src/hal_entry.o
 *fill*         0x20000ee2        0x2 
 .bss.uart_rx_buf
                0x20000ee4       0x80 ./src/hal_entry.o
 .bss.i2t_ratio
                0x20000f64        0x4 ./src/hal_entry.o
                0x20000f64                i2t_ratio
 .bss.i2t_accumulator
                0x20000f68        0x4 ./src/hal_entry.o
                0x20000f68                i2t_accumulator
 .bss.sw_in2_debounce
                0x20000f6c        0x2 ./src/hal_entry.o
 .bss.sw_in1_debounce
                0x20000f6e        0x2 ./src/hal_entry.o
 .bss.turbo_mode
                0x20000f70        0x1 ./src/hal_entry.o
                0x20000f70                turbo_mode
 .bss.assist_level
                0x20000f71        0x1 ./src/hal_entry.o
                0x20000f71                assist_level
 *fill*         0x20000f72        0x2 
 .bss.speed_ref_rpm
                0x20000f74        0x4 ./src/hal_entry.o
                0x20000f74                speed_ref_rpm
 .bss.protection_state
                0x20000f78        0x1 ./src/hal_entry.o
                0x20000f78                protection_state
 *fill*         0x20000f79        0x1 
 .bss.temp_regen_adc_raw
                0x20000f7a        0x2 ./src/hal_entry.o
                0x20000f7a                temp_regen_adc_raw
 .bss.temp_inv_adc_raw
                0x20000f7c        0x2 ./src/hal_entry.o
                0x20000f7c                temp_inv_adc_raw
 .bss.battery_adc_raw
                0x20000f7e        0x2 ./src/hal_entry.o